Component: ARM Compiler 5.06 update 7 (build 960) Tool: armlink [4d3601]

==============================================================================

Section Cross References

    startup_stm32f407xx.o(RESET) refers to startup_stm32f407xx.o(STACK) for __initial_sp
    startup_stm32f407xx.o(RESET) refers to startup_stm32f407xx.o(.text) for Reset_Handler
    startup_stm32f407xx.o(RESET) refers to stm32f4xx_it.o(i.NMI_Handler) for NMI_Handler
    startup_stm32f407xx.o(RESET) refers to stm32f4xx_it.o(i.HardFault_Handler) for HardFault_Handler
    startup_stm32f407xx.o(RESET) refers to stm32f4xx_it.o(i.MemManage_Handler) for MemManage_Handler
    startup_stm32f407xx.o(RESET) refers to stm32f4xx_it.o(i.BusFault_Handler) for BusFault_Handler
    startup_stm32f407xx.o(RESET) refers to stm32f4xx_it.o(i.UsageFault_Handler) for UsageFault_Handler
    startup_stm32f407xx.o(RESET) refers to port.o(.emb_text) for SVC_Handler
    startup_stm32f407xx.o(RESET) refers to stm32f4xx_it.o(i.DebugMon_Handler) for DebugMon_Handler
    startup_stm32f407xx.o(RESET) refers to cmsis_os2.o(i.SysTick_Handler) for SysTick_Handler
    startup_stm32f407xx.o(RESET) refers to stm32f4xx_it.o(i.DMA1_Stream0_IRQHandler) for DMA1_Stream0_IRQHandler
    startup_stm32f407xx.o(RESET) refers to stm32f4xx_it.o(i.DMA1_Stream1_IRQHandler) for DMA1_Stream1_IRQHandler
    startup_stm32f407xx.o(RESET) refers to stm32f4xx_it.o(i.DMA1_Stream5_IRQHandler) for DMA1_Stream5_IRQHandler
    startup_stm32f407xx.o(RESET) refers to stm32f4xx_it.o(i.CAN1_RX0_IRQHandler) for CAN1_RX0_IRQHandler
    startup_stm32f407xx.o(RESET) refers to stm32f4xx_it.o(i.TIM1_BRK_TIM9_IRQHandler) for TIM1_BRK_TIM9_IRQHandler
    startup_stm32f407xx.o(RESET) refers to stm32f4xx_it.o(i.TIM1_UP_TIM10_IRQHandler) for TIM1_UP_TIM10_IRQHandler
    startup_stm32f407xx.o(RESET) refers to stm32f4xx_it.o(i.USART2_IRQHandler) for USART2_IRQHandler
    startup_stm32f407xx.o(RESET) refers to stm32f4xx_it.o(i.USART3_IRQHandler) for USART3_IRQHandler
    startup_stm32f407xx.o(RESET) refers to stm32f4xx_it.o(i.UART5_IRQHandler) for UART5_IRQHandler
    startup_stm32f407xx.o(RESET) refers to stm32f4xx_it.o(i.DMA2_Stream1_IRQHandler) for DMA2_Stream1_IRQHandler
    startup_stm32f407xx.o(RESET) refers to stm32f4xx_it.o(i.CAN2_RX0_IRQHandler) for CAN2_RX0_IRQHandler
    startup_stm32f407xx.o(RESET) refers to stm32f4xx_it.o(i.USART6_IRQHandler) for USART6_IRQHandler
    startup_stm32f407xx.o(.text) refers to system_stm32f4xx.o(i.SystemInit) for SystemInit
    startup_stm32f407xx.o(.text) refers to entry.o(.ARM.Collect$$$$00000000) for __main
    main.o(i.HAL_TIM_PeriodElapsedCallback) refers to stm32f4xx_hal.o(i.HAL_IncTick) for HAL_IncTick
    main.o(i.HAL_TIM_PeriodElapsedCallback) refers to all.o(i.Speed_Update) for Speed_Update
    main.o(i.HAL_TIM_PeriodElapsedCallback) refers to stm32f4xx_hal_tim.o(i.HAL_TIM_Base_Start_IT) for HAL_TIM_Base_Start_IT
    main.o(i.HAL_TIM_PeriodElapsedCallback) refers to tim.o(.bss) for htim9
    main.o(i.SystemClock_Config) refers to memseta.o(.text) for __aeabi_memclr4
    main.o(i.SystemClock_Config) refers to stm32f4xx_hal_rcc.o(i.HAL_RCC_OscConfig) for HAL_RCC_OscConfig
    main.o(i.SystemClock_Config) refers to stm32f4xx_hal_rcc.o(i.HAL_RCC_ClockConfig) for HAL_RCC_ClockConfig
    main.o(i.main) refers to stm32f4xx_hal.o(i.HAL_Init) for HAL_Init
    main.o(i.main) refers to main.o(i.SystemClock_Config) for SystemClock_Config
    main.o(i.main) refers to gpio.o(i.MX_GPIO_Init) for MX_GPIO_Init
    main.o(i.main) refers to usart.o(i.MX_USART1_UART_Init) for MX_USART1_UART_Init
    main.o(i.main) refers to dma.o(i.MX_DMA_Init) for MX_DMA_Init
    main.o(i.main) refers to tim.o(i.MX_TIM9_Init) for MX_TIM9_Init
    main.o(i.main) refers to usart.o(i.MX_USART2_UART_Init) for MX_USART2_UART_Init
    main.o(i.main) refers to usart.o(i.MX_USART3_UART_Init) for MX_USART3_UART_Init
    main.o(i.main) refers to usart.o(i.MX_USART6_UART_Init) for MX_USART6_UART_Init
    main.o(i.main) refers to usart.o(i.MX_UART5_Init) for MX_UART5_Init
    main.o(i.main) refers to can.o(i.MX_CAN1_Init) for MX_CAN1_Init
    main.o(i.main) refers to can.o(i.MX_CAN2_Init) for MX_CAN2_Init
    main.o(i.main) refers to oled.o(i.OLED_Init) for OLED_Init
    main.o(i.main) refers to oled.o(i.OLED_Clear) for OLED_Clear
    main.o(i.main) refers to stm32f4xx_hal_uart.o(i.HAL_UART_Receive_DMA) for HAL_UART_Receive_DMA
    main.o(i.main) refers to can.o(i.CAN_Filter_Config) for CAN_Filter_Config
    main.o(i.main) refers to stm32f4xx_hal_can.o(i.HAL_CAN_Start) for HAL_CAN_Start
    main.o(i.main) refers to stm32f4xx_hal_can.o(i.HAL_CAN_ActivateNotification) for HAL_CAN_ActivateNotification
    main.o(i.main) refers to all.o(i.ALL_PID_Init) for ALL_PID_Init
    main.o(i.main) refers to stm32f4xx_hal_tim.o(i.HAL_TIM_Base_Start_IT) for HAL_TIM_Base_Start_IT
    main.o(i.main) refers to cmsis_os2.o(i.osKernelInitialize) for osKernelInitialize
[...]
    .bss                                     0x200008c4   Section       11  jg.o(.bss)
    rxbuff                                   0x200008c4   Data          11  jg.o(.bss)
    .bss                                     0x200008d0   Section       80  launch.o(.bss)
    .bss                                     0x20000920   Section       32  mortor.o(.bss)
    .bss                                     0x20000940   Section       58  sbus.o(.bss)
    .bss                                     0x2000097c   Section       76  action.o(.bss)
    posture                                  0x2000097c   Data          24  action.o(.bss)
    .bss                                     0x200009c8   Section       64  queue.o(.bss)
    .bss                                     0x20000a08   Section     1220  tasks.o(.bss)
    pxReadyTasksLists                        0x20000a08   Data        1120  tasks.o(.bss)
    xDelayedTaskList1                        0x20000e68   Data          20  tasks.o(.bss)
    xDelayedTaskList2                        0x20000e7c   Data          20  tasks.o(.bss)
    xPendingReadyList                        0x20000e90   Data          20  tasks.o(.bss)
    xTasksWaitingTermination                 0x20000ea4   Data          20  tasks.o(.bss)
    xSuspendedTaskList                       0x20000eb8   Data          20  tasks.o(.bss)
    .bss                                     0x20000ecc   Section      280  timers.o(.bss)
    xStaticTimerQueue                        0x20000ecc   Data          80  timers.o(.bss)
    ucStaticTimerQueueStorage                0x20000f1c   Data         160  timers.o(.bss)
    xActiveTimerList1                        0x20000fbc   Data          20  timers.o(.bss)
    xActiveTimerList2                        0x20000fd0   Data          20  timers.o(.bss)
    .bss                                     0x20000fe4   Section     1720  cmsis_os2.o(.bss)
    Idle_TCB                                 0x20000fe4   Data          92  cmsis_os2.o(.bss)
    Idle_Stack                               0x20001040   Data         512  cmsis_os2.o(.bss)
    Timer_TCB                                0x20001240   Data          92  cmsis_os2.o(.bss)
    Timer_Stack                              0x2000129c   Data        1024  cmsis_os2.o(.bss)
    .bss                                     0x2000169c   Section    15360  heap_4.o(.bss)
    ucHeap                                   0x2000169c   Data       15360  heap_4.o(.bss)
    STACK                                    0x200052a0   Section     1024  startup_stm32f407xx.o(STACK)

    Global Symbols

    Symbol Name                              Value     Ov Type        Size  Object(Section)

    BuildAttributes$$THM_ISAv4$E$P$D$K$B$S$7EM$VFPi3$EXTD16$VFPS$VFMA$PE$A:L22UL41UL21$X:L11$S22US41US21$IEEE1$IW$USESV6$~STKCKD$USESV7$~SHL$OTIME$ROPI$IEEEX$EBA8$MICROLIB$REQ8$PRES8$EABIv2 0x00000000   Number         0  anon$$obj.o ABSOLUTE
    __ARM_use_no_argv                        0x00000000   Number         0  main.o ABSOLUTE
    _printf_a                                0x00000000   Number         0  stubs.o ABSOLUTE
    _printf_c                                0x00000000   Number         0  stubs.o ABSOLUTE
    _printf_charcount                        0x00000000   Number         0  stubs.o ABSOLUTE
    _printf_d                                0x00000000   Number         0  stubs.o ABSOLUTE
    _printf_e                                0x00000000   Number         0  stubs.o ABSOLUTE
    _printf_f                                0x00000000   Number         0  stubs.o ABSOLUTE
    _printf_flags                            0x00000000   Number         0  stubs.o ABSOLUTE
    _printf_fp_dec                           0x00000000   Number         0  stubs.o ABSOLUTE
    _printf_fp_hex                           0x00000000   Number         0  stubs.o ABSOLUTE
    _printf_g                                0x00000000   Number         0  stubs.o ABSOLUTE
    _printf_i                                0x00000000   Number         0  stubs.o ABSOLUTE
    _printf_int_dec                          0x00000000   Number         0  stubs.o ABSOLUTE
    _printf_l                                0x00000000   Number         0  stubs.o ABSOLUTE
    _printf_lc                               0x00000000   Number         0  stubs.o ABSOLUTE
    _printf_ll                               0x00000000   Number         0  stubs.o ABSOLUTE
    _printf_lld                              0x00000000   Number         0  stubs.o ABSOLUTE
    _printf_lli                              0x00000000   Number         0  stubs.o ABSOLUTE
    _printf_llo                              0x00000000   Number         0  stubs.o ABSOLUTE
    _printf_llu                              0x00000000   Number         0  stubs.o ABSOLUTE
    _printf_llx                              0x00000000   Number         0  stubs.o ABSOLUTE
    _printf_longlong_dec                     0x00000000   Number         0  stubs.o ABSOLUTE
    _printf_longlong_hex                     0x00000000   Number         0  stubs.o ABSOLUTE
    _printf_longlong_oct                     0x00000000   Number         0  stubs.o ABSOLUTE
    _printf_ls                               0x00000000   Number         0  stubs.o ABSOLUTE
    _printf_mbtowc                           0x00000000   Number         0  stubs.o ABSOLUTE
    _printf_n                                0x00000000   Number         0  stubs.o ABSOLUTE
    _printf_o                                0x00000000   Number         0  stubs.o ABSOLUTE
    _printf_p                                0x00000000   Number         0  stubs.o ABSOLUTE
    _printf_percent                          0x00000000   Number         0  stubs.o ABSOLUTE
    _printf_pre_padding                      0x00000000   Number         0  stubs.o ABSOLUTE
    _printf_return_value                     0x00000000   Number         0  stubs.o ABSOLUTE
    _printf_s                                0x00000000   Number         0  stubs.o ABSOLUTE
    _printf_sizespec                         0x00000000   Number         0  stubs.o ABSOLUTE
    _printf_str                              0x00000000   Number         0  stubs.o ABSOLUTE
    _printf_truncate_signed                  0x00000000   Number         0  stubs.o ABSOLUTE
    _printf_truncate_unsigned                0x00000000   Number         0  stubs.o ABSOLUTE
    _printf_u                                0x00000000   Number         0  stubs.o ABSOLUTE
    _printf_wc                               0x00000000   Number         0  stubs.o ABSOLUTE
    _printf_wctomb                           0x00000000   Number         0  stubs.o ABSOLUTE
    _printf_widthprec                        0x00000000   Number         0  stubs.o ABSOLUTE
    _printf_x                                0x00000000   Number         0  stubs.o ABSOLUTE
    __arm_fini_                               - Undefined Weak Reference
    __cpp_initialize__aeabi_                  - Undefined Weak Reference
    __cxa_finalize                            - Undefined Weak Reference
    _clock_init                               - Undefined Weak Reference
    _microlib_exit                            - Undefined Weak Reference
    __Vectors_Size                           0x00000188   Number         0  startup_stm32f407xx.o ABSOLUTE
    __Vectors                                0x08000000   Data           4  startup_stm32f407xx.o(RESET)
    __Vectors_End                            0x08000188   Data           0  startup_stm32f407xx.o(RESET)
    __main                                   0x08000189   Thumb Code     0  entry.o(.ARM.Collect$$$$00000000)
    _main_stk                                0x08000189   Thumb Code     0  entry2.o(.ARM.Collect$$$$00000001)
    _main_scatterload                        0x0800018d   Thumb Code     0  entry5.o(.ARM.Collect$$$$00000004)
    __main_after_scatterload                 0x08000191   Thumb Code     0  entry5.o(.ARM.Collect$$$$00000004)
    _main_clock                              0x08000191   Thumb Code     0  entry7b.o(.ARM.Collect$$$$00000008)
    _main_cpp_init                           0x08000191   Thumb Code     0  entry8b.o(.ARM.Collect$$$$0000000A)
    _main_init                               0x08000191   Thumb Code     0  entry9a.o(.ARM.Collect$$$$0000000B)
    __rt_lib_shutdown_fini                   0x08000199   Thumb Code     0  entry12b.o(.ARM.Collect$$$$0000000E)
    __rt_final_cpp                           0x0800019d   Thumb Code     0  entry10a.o(.ARM.Collect$$$$0000000F)
    __rt_final_exit                          0x0800019d   Thumb Code     0  entry11a.o(.ARM.Collect$$$$00000011)
    SVC_Handler                              0x080001a1   Thumb Code    28  port.o(.emb_text)
    __asm___6_port_c_39a90d8d__prvStartFirstTask 0x080001c1   Thumb Code    36  port.o(.emb_text)
    __asm___6_port_c_39a90d8d__prvEnableVFP  0x080001e9   Thumb Code    16  port.o(.emb_text)
    PendSV_Handler                           0x080001fd   Thumb Code    88  port.o(.emb_text)
    vPortGetIPSR                             0x08000259   Thumb Code     6  port.o(.emb_text)
    Reset_Handler                            0x08000261   Thumb Code     8  startup_stm32f407xx.o(.text)
    ADC_IRQHandler                           0x0800027b   Thumb Code     0  startup_stm32f407xx.o(.text)
    CAN1_RX1_IRQHandler                      0x0800027b   Thumb Code     0  startup_stm32f407xx.o(.text)
    CAN1_SCE_IRQHandler                      0x0800027b   Thumb Code     0  startup_stm32f407xx.o(.text)
    CAN1_TX_IRQHandler                       0x0800027b   Thumb Code     0  startup_stm32f407xx.o(.text)
    CAN2_RX1_IRQHandler                      0x0800027b   Thumb Code     0  startup_stm32f407xx.o(.text)
    CAN2_SCE_IRQHandler                      0x0800027b   Thumb Code     0  startup_stm32f407xx.o(.text)
    CAN2_TX_IRQHandler                       0x0800027b   Thumb Code     0  startup_stm32f407xx.o(.text)
    DCMI_IRQHandler                          0x0800027b   Thumb Code     0  startup_stm32f407xx.o(.text)
    DMA1_Stream2_IRQHandler                  0x0800027b   Thumb Code     0  startup_stm32f407xx.o(.text)
    DMA1_Stream3_IRQHandler                  0x0800027b   Thumb Code     0  startup_stm32f407xx.o(.text)
    DMA1_Stream4_IRQHandler                  0x0800027b   Thumb Code     0  startup_stm32f407xx.o(.text)
    DMA1_Stream6_IRQHandler                  0x0800027b   Thumb Code     0  startup_stm32f407xx.o(.text)
    DMA1_Stream7_IRQHandler                  0x0800027b   Thumb Code     0  startup_stm32f407xx.o(.text)
    DMA2_Stream0_IRQHandler                  0x0800027b   Thumb Code     0  startup_stm32f407xx.o(.text)
    DMA2_Stream2_IRQHandler                  0x0800027b   Thumb Code     0  startup_stm32f407xx.o(.text)
    DMA2_Stream3_IRQHandler                  0x0800027b   Thumb Code     0  startup_stm32f407xx.o(.text)
    DMA2_Stream4_IRQHandler                  0x0800027b   Thumb Code     0  startup_stm32f407xx.o(.text)
    DMA2_Stream5_IRQHandler                  0x0800027b   Thumb Code     0  startup_stm32f407xx.o(.text)
    DMA2_Stream6_IRQHandler                  0x0800027b   Thumb Code     0  startup_stm32f407xx.o(.text)
    DMA2_Stream7_IRQHandler                  0x0800027b   Thumb Code     0  startup_stm32f407xx.o(.text)
    ETH_IRQHandler                           0x0800027b   Thumb Code     0  startup_stm32f407xx.o(.text)
    ETH_WKUP_IRQHandler                      0x0800027b   Thumb Code     0  startup_stm32f407xx.o(.text)
    EXTI0_IRQHandler                         0x0800027b   Thumb Code     0  startup_stm32f407xx.o(.text)
    EXTI15_10_IRQHandler                     0x0800027b   Thumb Code     0  startup_stm32f407xx.o(.text)
    EXTI1_IRQHandler                         0x0800027b   Thumb Code     0  startup_stm32f407xx.o(.text)
    EXTI2_IRQHandler                         0x0800027b   Thumb Code     0  startup_stm32f407xx.o(.text)
    EXTI3_IRQHandler                         0x0800027b   Thumb Code     0  startup_stm32f407xx.o(.text)
    EXTI4_IRQHandler                         0x0800027b   Thumb Code     0  startup_stm32f407xx.o(.text)
    EXTI9_5_IRQHandler                       0x0800027b   Thumb Code     0  startup_stm32f407xx.o(.text)
    FLASH_IRQHandler                         0x0800027b   Thumb Code     0  startup_stm32f407xx.o(.text)
    FMC_IRQHandler                           0x0800027b   Thumb Code     0  startup_stm32f407xx.o(.text)
    FPU_IRQHandler                           0x0800027b   Thumb Code     0  startup_stm32f407xx.o(.text)
    HASH_RNG_IRQHandler                      0x0800027b   Thumb Code     0  startup_stm32f407xx.o(.text)
    I2C1_ER_IRQHandler                       0x0800027b   Thumb Code     0  startup_stm32f407xx.o(.text)
    I2C1_EV_IRQHandler                       0x0800027b   Thumb Code     0  startup_stm32f407xx.o(.text)
    I2C2_ER_IRQHandler                       0x0800027b   Thumb Code     0  startup_stm32f407xx.o(.text)
    I2C2_EV_IRQHandler                       0x0800027b   Thumb Code     0  startup_stm32f407xx.o(.text)
    I2C3_ER_IRQHandler                       0x0800027b   Thumb Code     0  startup_stm32f407xx.o(.text)
    I2C3_EV_IRQHandler                       0x0800027b   Thumb Code     0  startup_stm32f407xx.o(.text)
    OTG_FS_IRQHandler                        0x0800027b   Thumb Code     0  startup_stm32f407xx.o(.text)
    OTG_FS_WKUP_IRQHandler                   0x0800027b   Thumb Code     0  startup_stm32f407xx.o(.text)
    OTG_HS_EP1_IN_IRQHandler                 0x0800027b   Thumb Code     0  startup_stm32f407xx.o(.text)
    OTG_HS_EP1_OUT_IRQHandler                0x0800027b   Thumb Code     0  startup_stm32f407xx.o(.text)
    OTG_HS_IRQHandler                        0x0800027b   Thumb Code     0  startup_stm32f407xx.o(.text)
    OTG_HS_WKUP_IRQHandler                   0x0800027b   Thumb Code     0  startup_stm32f407xx.o(.text)
    PVD_IRQHandler                           0x0800027b   Thumb Code     0  startup_stm32f407xx.o(.text)
    RCC_IRQHandler                           0x0800027b   Thumb Code     0  startup_stm32f407xx.o(.text)
    RTC_Alarm_IRQHandler                     0x0800027b   Thumb Code     0  startup_stm32f407xx.o(.text)
    RTC_WKUP_IRQHandler                      0x0800027b   Thumb Code     0  startup_stm32f407xx.o(.text)
    SDIO_IRQHandler                          0x0800027b   Thumb Code     0  startup_stm32f407xx.o(.text)
    SPI1_IRQHandler                          0x0800027b   Thumb Code     0  startup_stm32f407xx.o(.text)
    SPI2_IRQHandler                          0x0800027b   Thumb Code     0  startup_stm32f407xx.o(.text)
    SPI3_IRQHandler                          0x0800027b   Thumb Code     0  startup_stm32f407xx.o(.text)
    TAMP_STAMP_IRQHandler                    0x0800027b   Thumb Code     0  startup_stm32f407xx.o(.text)
    TIM1_CC_IRQHandler                       0x0800027b   Thumb Code     0  startup_stm32f407xx.o(.text)
    TIM1_TRG_COM_TIM11_IRQHandler            0x0800027b   Thumb Code     0  startup_stm32f407xx.o(.text)
    TIM2_IRQHandler                          0x0800027b   Thumb Code     0  startup_stm32f407xx.o(.text)
    TIM3_IRQHandler                          0x0800027b   Thumb Code     0  startup_stm32f407xx.o(.text)
    TIM4_IRQHandler                          0x0800027b   Thumb Code     0  startup_stm32f407xx.o(.text)
    TIM5_IRQHandler                          0x0800027b   Thumb Code     0  startup_stm32f407xx.o(.text)
    TIM6_DAC_IRQHandler                      0x0800027b   Thumb Code     0  startup_stm32f407xx.o(.text)
    TIM7_IRQHandler                          0x0800027b   Thumb Code     0  startup_stm32f407xx.o(.text)
    TIM8_BRK_TIM12_IRQHandler                0x0800027b   Thumb Code     0  startup_stm32f407xx.o(.text)
    TIM8_CC_IRQHandler                       0x0800027b   Thumb Code     0  startup_stm32f407xx.o(.text)
    TIM8_TRG_COM_TIM14_IRQHandler            0x0800027b   Thumb Code     0  startup_stm32f407xx.o(.text)
    TIM8_UP_TIM13_IRQHandler                 0x0800027b   Thumb Code     0  startup_stm32f407xx.o(.text)
    UART4_IRQHandler                         0x0800027b   Thumb Code     0  startup_stm32f407xx.o(.text)
    USART1_IRQHandler                        0x0800027b   Thumb Code     0  startup_stm32f407xx.o(.text)
    WWDG_IRQHandler                          0x0800027b   Thumb Code     0  startup_stm32f407xx.o(.text)
    arm_cos_f32                              0x08000285   Thumb Code   108  arm_cos_f32.o(.text)
    arm_sin_f32                              0x080002fd   Thumb Code   130  arm_sin_f32.o(.text)
    __aeabi_uldivmod                         0x08000391   Thumb Code    98  uldiv.o(.text)
    __aeabi_memcpy                           0x080003f3   Thumb Code    36  memcpya.o(.text)
    __aeabi_memcpy4                          0x080003f3   Thumb Code     0  memcpya.o(.text)
    __aeabi_memcpy8                          0x080003f3   Thumb Code     0  memcpya.o(.text)
    __aeabi_memset                           0x08000417   Thumb Code    14  memseta.o(.text)
    __aeabi_memset4                          0x08000417   Thumb Code     0  memseta.o(.text)
    __aeabi_memset8                          0x08000417   Thumb Code     0  memseta.o(.text)
    __aeabi_memclr                           0x08000425   Thumb Code     4  memseta.o(.text)
    __aeabi_memclr4                          0x08000425   Thumb Code     0  memseta.o(.text)
    __aeabi_memclr8                          0x08000425   Thumb Code     0  memseta.o(.text)
    memset                                   0x08000429   Thumb Code    18  memseta.o(.text)
    __aeabi_dadd                             0x0800043b   Thumb Code   322  dadd.o(.text)
    __aeabi_dsub                             0x0800057d   Thumb Code     6  dadd.o(.text)
    __aeabi_drsub                            0x08000583   Thumb Code     6  dadd.o(.text)
    __aeabi_f2d                              0x08000589   Thumb Code    38  f2d.o(.text)
    __aeabi_cdrcmple                         0x080005b1   Thumb Code    48  cdrcmple.o(.text)
    __aeabi_uidiv                            0x080005e1   Thumb Code     0  uidiv.o(.text)
    __aeabi_uidivmod                         0x080005e1   Thumb Code    44  uidiv.o(.text)
    __aeabi_llsl                             0x0800060d   Thumb Code    30  llshl.o(.text)
    _ll_shift_l                              0x0800060d   Thumb Code     0  llshl.o(.text)
    __aeabi_llsr                             0x0800062b   Thumb Code    32  llushr.o(.text)
    _ll_ushift_r                             0x0800062b   Thumb Code     0  llushr.o(.text)
    __aeabi_lasr                             0x0800064b   Thumb Code    36  llsshr.o(.text)
    _ll_sshift_r                             0x0800064b   Thumb Code     0  llsshr.o(.text)
    __I$use$fp                               0x0800066f   Thumb Code     0  iusefp.o(.text)
    _double_round                            0x0800066f   Thumb Code    30  depilogue.o(.text)
    _double_epilogue                         0x0800068d   Thumb Code   156  depilogue.o(.text)
    __aeabi_dmul                             0x08000729   Thumb Code   228  dmul.o(.text)
    __aeabi_ddiv                             0x0800080d   Thumb Code   222  ddiv.o(.text)
    __aeabi_d2ulz                            0x080008eb   Thumb Code    48  dfixul.o(.text)
    __scatterload                            0x0800091d   Thumb Code    28  init.o(.text)
    __scatterload_rt2                        0x0800091d   Thumb Code     0  init.o(.text)
    __decompress                             0x08000941   Thumb Code     0  __dczerorl2.o(.text)
    __decompress1                            0x08000941   Thumb Code    86  __dczerorl2.o(.text)
    ALL_PID_Init                             0x08000999   Thumb Code   842  all.o(i.ALL_PID_Init)
    BusFault_Handler                         0x08000f31   Thumb Code     2  stm32f4xx_it.o(i.BusFault_Handler)
    CAN1_RX0_IRQHandler                      0x08000f35   Thumb Code     6  stm32f4xx_it.o(i.CAN1_RX0_IRQHandler)
    CAN2_RX0_IRQHandler                      0x08000f41   Thumb Code     6  stm32f4xx_it.o(i.CAN2_RX0_IRQHandler)
    CAN_Filter_Config                        0x08000f4d   Thumb Code    46  can.o(i.CAN_Filter_Config)
    CAN_Send_Msg                             0x08000f7b   Thumb Code    72  can.o(i.CAN_Send_Msg)
    ClampTheBall                             0x08000fc5   Thumb Code   160  freertos.o(i.ClampTheBall)
    DMA1_Stream0_IRQHandler                  0x080010ed   Thumb Code     6  stm32f4xx_it.o(i.DMA1_Stream0_IRQHandler)
    DMA1_Stream1_IRQHandler                  0x080010f9   Thumb Code     6  stm32f4xx_it.o(i.DMA1_Stream1_IRQHandler)
    DMA1_Stream5_IRQHandler                  0x08001105   Thumb Code     6  stm32f4xx_it.o(i.DMA1_Stream5_IRQHandler)
    DMA2_Stream1_IRQHandler                  0x08001111   Thumb Code     6  stm32f4xx_it.o(i.DMA2_Stream1_IRQHandler)
    DebugMon_Handler                         0x080011c1   Thumb Code     2  stm32f4xx_it.o(i.DebugMon_Handler)
    Error_Handler                            0x080011c3   Thumb Code     4  main.o(i.Error_Handler)
    Get_ABS_angle                            0x080011c9   Thumb Code   102  mortor.o(i.Get_ABS_angle)
    Get_JG_inf                               0x08001239   Thumb Code   378  jg.o(i.Get_JG_inf)
    Get_SBUS_inf                             0x08001451   Thumb Code   308  sbus.o(i.Get_SBUS_inf)
    Get_action_inf                           0x08001589   Thumb Code   168  action.o(i.Get_action_inf)
    Get_launch_inf                           0x08001639   Thumb Code   320  launch.o(i.Get_launch_inf)
    Get_motor_inf                            0x0800177d   Thumb Code   168  mortor.o(i.Get_motor_inf)
    HAL_CAN_ActivateNotification             0x08001829   Thumb Code    36  stm32f4xx_hal_can.o(i.HAL_CAN_ActivateNotification)
    HAL_CAN_AddTxMessage                     0x0800184d   Thumb Code   220  stm32f4xx_hal_can.o(i.HAL_CAN_AddTxMessage)
    HAL_CAN_ConfigFilter                     0x08001929   Thumb Code   262  stm32f4xx_hal_can.o(i.HAL_CAN_ConfigFilter)
    HAL_CAN_ErrorCallback                    0x08001a35   Thumb Code     2  stm32f4xx_hal_can.o(i.HAL_CAN_ErrorCallback)
    HAL_CAN_GetRxMessage                     0x08001a37   Thumb Code   232  stm32f4xx_hal_can.o(i.HAL_CAN_GetRxMessage)
    HAL_CAN_GetTxMailboxesFreeLevel          0x08001b1f   Thumb Code    44  stm32f4xx_hal_can.o(i.HAL_CAN_GetTxMailboxesFreeLevel)
    HAL_CAN_IRQHandler                       0x08001b4b   Thumb Code   508  stm32f4xx_hal_can.o(i.HAL_CAN_IRQHandler)
    HAL_CAN_Init                             0x08001d47   Thumb Code   282  stm32f4xx_hal_can.o(i.HAL_CAN_Init)
    HAL_CAN_MspInit                          0x08001e61   Thumb Code   232  can.o(i.HAL_CAN_MspInit)
    HAL_CAN_RxFifo0FullCallback              0x08001f61   Thumb Code     2  stm32f4xx_hal_can.o(i.HAL_CAN_RxFifo0FullCallback)
    HAL_CAN_RxFifo0MsgPendingCallback        0x08001f65   Thumb Code    72  can.o(i.HAL_CAN_RxFifo0MsgPendingCallback)
    HAL_CAN_RxFifo1FullCallback              0x08001fb1   Thumb Code     2  stm32f4xx_hal_can.o(i.HAL_CAN_RxFifo1FullCallback)
    HAL_CAN_RxFifo1MsgPendingCallback        0x08001fb3   Thumb Code     2  stm32f4xx_hal_can.o(i.HAL_CAN_RxFifo1MsgPendingCallback)
    HAL_CAN_SleepCallback                    0x08001fb5   Thumb Code     2  stm32f4xx_hal_can.o(i.HAL_CAN_SleepCallback)
    HAL_CAN_Start                            0x08001fb9   Thumb Code    88  stm32f4xx_hal_can.o(i.HAL_CAN_Start)
    HAL_CAN_TxMailbox0AbortCallback          0x08002011   Thumb Code     2  stm32f4xx_hal_can.o(i.HAL_CAN_TxMailbox0AbortCallback)
    HAL_CAN_TxMailbox0CompleteCallback       0x08002013   Thumb Code     2  stm32f4xx_hal_can.o(i.HAL_CAN_TxMailbox0CompleteCallback)
    HAL_CAN_TxMailbox1AbortCallback          0x08002015   Thumb Code     2  stm32f4xx_hal_can.o(i.HAL_CAN_TxMailbox1AbortCallback)
    HAL_CAN_TxMailbox1CompleteCallback       0x08002017   Thumb Code     2  stm32f4xx_hal_can.o(i.HAL_CAN_TxMailbox1CompleteCallback)
    HAL_CAN_TxMailbox2AbortCallback          0x08002019   Thumb Code     2  stm32f4xx_hal_can.o(i.HAL_CAN_TxMailbox2AbortCallback)
    HAL_CAN_TxMailbox2CompleteCallback       0x0800201b   Thumb Code     2  stm32f4xx_hal_can.o(i.HAL_CAN_TxMailbox2CompleteCallback)
    HAL_CAN_WakeUpFromRxMsgCallback          0x0800201d   Thumb Code     2  stm32f4xx_hal_can.o(i.HAL_CAN_WakeUpFromRxMsgCallback)
    HAL_DMA_Abort                            0x0800201f   Thumb Code   146  stm32f4xx_hal_dma.o(i.HAL_DMA_Abort)
    HAL_DMA_Abort_IT                         0x080020b1   Thumb Code    36  stm32f4xx_hal_dma.o(i.HAL_DMA_Abort_IT)
    HAL_DMA_IRQHandler                       0x080020d5   Thumb Code   412  stm32f4xx_hal_dma.o(i.HAL_DMA_IRQHandler)
    HAL_DMA_Init                             0x08002275   Thumb Code   206  stm32f4xx_hal_dma.o(i.HAL_DMA_Init)
    HAL_DMA_Start_IT                         0x08002349   Thumb Code   110  stm32f4xx_hal_dma.o(i.HAL_DMA_Start_IT)
    HAL_Delay                                0x080023b9   Thumb Code    32  stm32f4xx_hal.o(i.HAL_Delay)
    HAL_GPIO_Init                            0x080023dd   Thumb Code   450  stm32f4xx_hal_gpio.o(i.HAL_GPIO_Init)
    HAL_GPIO_WritePin                        0x080025cd   Thumb Code    10  stm32f4xx_hal_gpio.o(i.HAL_GPIO_WritePin)
    HAL_GetTick                              0x080025d9   Thumb Code     6  stm32f4xx_hal.o(i.HAL_GetTick)
    HAL_IncTick                              0x080025e5   Thumb Code    12  stm32f4xx_hal.o(i.HAL_IncTick)
    HAL_Init                                 0x080025f5   Thumb Code    48  stm32f4xx_hal.o(i.HAL_Init)
    HAL_InitTick                             0x08002629   Thumb Code    98  stm32f4xx_hal_timebase_tim.o(i.HAL_InitTick)
    HAL_MspInit                              0x0800269d   Thumb Code    52  stm32f4xx_hal_msp.o(i.HAL_MspInit)
    HAL_NVIC_EnableIRQ                       0x080026d5   Thumb Code    26  stm32f4xx_hal_cortex.o(i.HAL_NVIC_EnableIRQ)
    HAL_NVIC_SetPriority                     0x080026f1   Thumb Code    60  stm32f4xx_hal_cortex.o(i.HAL_NVIC_SetPriority)
    HAL_NVIC_SetPriorityGrouping             0x08002731   Thumb Code    26  stm32f4xx_hal_cortex.o(i.HAL_NVIC_SetPriorityGrouping)
    HAL_RCC_ClockConfig                      0x08002755   Thumb Code   288  stm32f4xx_hal_rcc.o(i.HAL_RCC_ClockConfig)
    HAL_RCC_GetClockConfig                   0x08002889   Thumb Code    54  stm32f4xx_hal_rcc.o(i.HAL_RCC_GetClockConfig)
    HAL_RCC_GetPCLK1Freq                     0x080028c9   Thumb Code    20  stm32f4xx_hal_rcc.o(i.HAL_RCC_GetPCLK1Freq)
    HAL_RCC_GetPCLK2Freq                     0x080028e9   Thumb Code    20  stm32f4xx_hal_rcc.o(i.HAL_RCC_GetPCLK2Freq)
    HAL_RCC_GetSysClockFreq                  0x08002909   Thumb Code    88  stm32f4xx_hal_rcc.o(i.HAL_RCC_GetSysClockFreq)
    HAL_RCC_OscConfig                        0x08002969   Thumb Code   856  stm32f4xx_hal_rcc.o(i.HAL_RCC_OscConfig)
    HAL_TIMEx_BreakCallback                  0x08002cd5   Thumb Code     2  stm32f4xx_hal_tim_ex.o(i.HAL_TIMEx_BreakCallback)
    HAL_TIMEx_CommutCallback                 0x08002cd7   Thumb Code     2  stm32f4xx_hal_tim_ex.o(i.HAL_TIMEx_CommutCallback)
    HAL_TIM_Base_Init                        0x08002cd9   Thumb Code    90  stm32f4xx_hal_tim.o(i.HAL_TIM_Base_Init)
    HAL_TIM_Base_MspInit                     0x08002d35   Thumb Code    50  tim.o(i.HAL_TIM_Base_MspInit)
    HAL_TIM_Base_Start_IT                    0x08002d71   Thumb Code   100  stm32f4xx_hal_tim.o(i.HAL_TIM_Base_Start_IT)
    HAL_TIM_ConfigClockSource                0x08002df1   Thumb Code   220  stm32f4xx_hal_tim.o(i.HAL_TIM_ConfigClockSource)
    HAL_TIM_IC_CaptureCallback               0x08002ecd   Thumb Code     2  stm32f4xx_hal_tim.o(i.HAL_TIM_IC_CaptureCallback)
    HAL_TIM_IRQHandler                       0x08002ecf   Thumb Code   358  stm32f4xx_hal_tim.o(i.HAL_TIM_IRQHandler)
    HAL_TIM_OC_DelayElapsedCallback          0x08003035   Thumb Code     2  stm32f4xx_hal_tim.o(i.HAL_TIM_OC_DelayElapsedCallback)
    HAL_TIM_PWM_PulseFinishedCallback        0x08003037   Thumb Code     2  stm32f4xx_hal_tim.o(i.HAL_TIM_PWM_PulseFinishedCallback)
    HAL_TIM_PeriodElapsedCallback            0x08003039   Thumb Code    38  main.o(i.HAL_TIM_PeriodElapsedCallback)
    HAL_TIM_TriggerCallback                  0x08003069   Thumb Code     2  stm32f4xx_hal_tim.o(i.HAL_TIM_TriggerCallback)
    HAL_UARTEx_RxEventCallback               0x0800306b   Thumb Code     2  stm32f4xx_hal_uart.o(i.HAL_UARTEx_RxEventCallback)
    HAL_UART_ErrorCallback                   0x0800306d   Thumb Code     2  stm32f4xx_hal_uart.o(i.HAL_UART_ErrorCallback)
    HAL_UART_IRQHandler                      0x08003071   Thumb Code   610  stm32f4xx_hal_uart.o(i.HAL_UART_IRQHandler)
    HAL_UART_Init                            0x080032d9   Thumb Code    98  stm32f4xx_hal_uart.o(i.HAL_UART_Init)
    HAL_UART_MspInit                         0x0800333d   Thumb Code   652  usart.o(i.HAL_UART_MspInit)
    HAL_UART_Receive_DMA                     0x08003601   Thumb Code    42  stm32f4xx_hal_uart.o(i.HAL_UART_Receive_DMA)
    HAL_UART_RxCpltCallback                  0x0800362b   Thumb Code     2  stm32f4xx_hal_uart.o(i.HAL_UART_RxCpltCallback)
    HAL_UART_RxHalfCpltCallback              0x0800362d   Thumb Code     2  stm32f4xx_hal_uart.o(i.HAL_UART_RxHalfCpltCallback)
    HAL_UART_TxCpltCallback                  0x0800362f   Thumb Code     2  stm32f4xx_hal_uart.o(i.HAL_UART_TxCpltCallback)
    HardFault_Handler                        0x08003631   Thumb Code     2  stm32f4xx_it.o(i.HardFault_Handler)
    IIC_Start                                0x08003635   Thumb Code    52  oled.o(i.IIC_Start)
    IIC_Stop                                 0x0800366d   Thumb Code    40  oled.o(i.IIC_Stop)
    IIC_Wait_Ack                             0x08003699   Thumb Code    30  oled.o(i.IIC_Wait_Ack)
    KEY_CHeck                                0x080036bd   Thumb Code    44  freertos.o(i.KEY_CHeck)
    MX_CAN1_Init                             0x080036f1   Thumb Code    62  can.o(i.MX_CAN1_Init)
    MX_CAN2_Init                             0x08003739   Thumb Code    62  can.o(i.MX_CAN2_Init)
    MX_DMA_Init                              0x08003781   Thumb Code   104  dma.o(i.MX_DMA_Init)
    MX_FREERTOS_Init                         0x080037ed   Thumb Code    74  freertos.o(i.MX_FREERTOS_Init)
    MX_GPIO_Init                             0x08003851   Thumb Code   284  gpio.o(i.MX_GPIO_Init)
    MX_TIM9_Init                             0x08003981   Thumb Code    68  tim.o(i.MX_TIM9_Init)
    MX_UART5_Init                            0x080039cd   Thumb Code    48  usart.o(i.MX_UART5_Init)
    MX_USART1_UART_Init                      0x08003a05   Thumb Code    48  usart.o(i.MX_USART1_UART_Init)
    MX_USART2_UART_Init                      0x08003a3d   Thumb Code    54  usart.o(i.MX_USART2_UART_Init)
    MX_USART3_UART_Init                      0x08003a81   Thumb Code    48  usart.o(i.MX_USART3_UART_Init)
    MX_USART6_UART_Init                      0x08003ab9   Thumb Code    48  usart.o(i.MX_USART6_UART_Init)
    MemManage_Handler                        0x08003af1   Thumb Code     2  stm32f4xx_it.o(i.MemManage_Handler)
    Move_Analys                              0x08003af5   Thumb Code   192  control.o(i.Move_Analys)
    NMI_Handler                              0x08003bc5   Thumb Code     2  stm32f4xx_it.o(i.NMI_Handler)
    New_Move_car                             0x08003bc9   Thumb Code   196  control.o(i.New_Move_car)
    OLED_Clear                               0x08003ca1   Thumb Code    58  oled.o(i.OLED_Clear)
    OLED_Init                                0x08003cdb   Thumb Code   222  oled.o(i.OLED_Init)
    OLED_Set_Pos                             0x08003db9   Thumb Code    42  oled.o(i.OLED_Set_Pos)
    OLED_ShowChar                            0x08003de5   Thumb Code   128  oled.o(i.OLED_ShowChar)
    OLED_ShowString                          0x08003e6d   Thumb Code    54  oled.o(i.OLED_ShowString)
    OLED_WR_Byte                             0x08003ea3   Thumb Code    12  oled.o(i.OLED_WR_Byte)
    OLED_show                                0x08003eb1   Thumb Code   244  freertos.o(i.OLED_show)
    PID_Init                                 0x08004001   Thumb Code    44  pid.o(i.PID_Init)
    PID_Update_Inc                           0x08004031   Thumb Code   144  pid.o(i.PID_Update_Inc)
    PID_Update_Pos                           0x080040c1   Thumb Code   258  pid.o(i.PID_Update_Pos)
    PID_Update_Pos_angle                     0x080041cd   Thumb Code   296  pid.o(i.PID_Update_Pos_angle)
    Pos_move                                 0x080042f9   Thumb Code  1532  freertos.o(i.Pos_move)
    Sbus_key                                 0x08004915   Thumb Code    78  sbus.o(i.Sbus_key)
    Send_cur                                 0x0800496d   Thumb Code    66  mortor.o(i.Send_cur)
    Send_cur_launch                          0x080049b9   Thumb Code   128  launch.o(i.Send_cur_launch)
    Speed_Update                             0x08004a41   Thumb Code  1084  all.o(i.Speed_Update)
    SysTick_Handler                          0x08004e7d   Thumb Code    26  cmsis_os2.o(i.SysTick_Handler)
    SystemClock_Config                       0x08004e99   Thumb Code   134  main.o(i.SystemClock_Config)
    SystemInit                               0x08004f29   Thumb Code    12  system_stm32f4xx.o(i.SystemInit)
    TIM1_BRK_TIM9_IRQHandler                 0x08004f39   Thumb Code     6  stm32f4xx_it.o(i.TIM1_BRK_TIM9_IRQHandler)
    TIM1_UP_TIM10_IRQHandler                 0x08004f45   Thumb Code     6  stm32f4xx_it.o(i.TIM1_UP_TIM10_IRQHandler)
    TIM_Base_SetConfig                       0x08004f51   Thumb Code   156  stm32f4xx_hal_tim.o(i.TIM_Base_SetConfig)
    TIM_ETR_SetConfig                        0x08005019   Thumb Code    20  stm32f4xx_hal_tim.o(i.TIM_ETR_SetConfig)
    UART5_IRQHandler                         0x08005085   Thumb Code    22  stm32f4xx_it.o(i.UART5_IRQHandler)
    UART_Start_Receive_DMA                   0x080053d5   Thumb Code   134  stm32f4xx_hal_uart.o(i.UART_Start_Receive_DMA)
    USART2_IRQHandler                        0x08005469   Thumb Code    20  stm32f4xx_it.o(i.USART2_IRQHandler)
    USART3_IRQHandler                        0x08005485   Thumb Code    20  stm32f4xx_it.o(i.USART3_IRQHandler)
    USART6_IRQHandler                        0x080054a1   Thumb Code    22  stm32f4xx_it.o(i.USART6_IRQHandler)
    UsageFault_Handler                       0x080054c5   Thumb Code     2  stm32f4xx_it.o(i.UsageFault_Handler)
    Write_IIC_Byte                           0x080054c9   Thumb Code    86  oled.o(i.Write_IIC_Byte)
    Write_IIC_Command                        0x08005525   Thumb Code    46  oled.o(i.Write_IIC_Command)
    Write_IIC_Data                           0x08005553   Thumb Code    46  oled.o(i.Write_IIC_Data)
    __0printf                                0x08005581   Thumb Code    22  printfa.o(i.__0printf)
    __1printf                                0x08005581   Thumb Code     0  printfa.o(i.__0printf)
    __2printf                                0x08005581   Thumb Code     0  printfa.o(i.__0printf)
    __c89printf                              0x08005581   Thumb Code     0  printfa.o(i.__0printf)
    printf                                   0x08005581   Thumb Code     0  printfa.o(i.__0printf)
    __0sprintf                               0x080055a1   Thumb Code    34  printfa.o(i.__0sprintf)
    __1sprintf                               0x080055a1   Thumb Code     0  printfa.o(i.__0sprintf)
    __2sprintf                               0x080055a1   Thumb Code     0  printfa.o(i.__0sprintf)
    __c89sprintf                             0x080055a1   Thumb Code     0  printfa.o(i.__0sprintf)
    sprintf                                  0x080055a1   Thumb Code     0  printfa.o(i.__0sprintf)
    __scatterload_copy                       0x080055e9   Thumb Code    14  handlers.o(i.__scatterload_copy)
    __scatterload_null                       0x080055f7   Thumb Code     2  handlers.o(i.__scatterload_null)
    __scatterload_zeroinit                   0x080055f9   Thumb Code    14  handlers.o(i.__scatterload_zeroinit)
    fputc                                    0x08005e9d   Thumb Code    14  usart.o(i.fputc)
    main                                     0x08005eb1   Thumb Code   230  main.o(i.main)
    osDelay                                  0x08005fbd   Thumb Code    26  cmsis_os2.o(i.osDelay)
    osKernelInitialize                       0x08005fd9   Thumb Code    32  cmsis_os2.o(i.osKernelInitialize)
    osKernelStart                            0x08005ffd   Thumb Code    48  cmsis_os2.o(i.osKernelStart)
    osThreadNew                              0x08006035   Thumb Code   138  cmsis_os2.o(i.osThreadNew)
    pvPortMalloc                             0x08006889   Thumb Code   216  heap_4.o(i.pvPortMalloc)
    pxPortInitialiseStack                    0x08006965   Thumb Code    40  port.o(i.pxPortInitialiseStack)
    send_ACT0                                0x08006991   Thumb Code    36  action.o(i.send_ACT0)
    uxListRemove                             0x080069bd   Thumb Code    38  list.o(i.uxListRemove)
    vApplicationGetIdleTaskMemory            0x080069e5   Thumb Code    16  cmsis_os2.o(i.vApplicationGetIdleTaskMemory)
    vApplicationGetTimerTaskMemory           0x080069f9   Thumb Code    18  cmsis_os2.o(i.vApplicationGetTimerTaskMemory)
    vListInitialise                          0x08006a11   Thumb Code    22  list.o(i.vListInitialise)
    vListInitialiseItem                      0x08006a27   Thumb Code     6  list.o(i.vListInitialiseItem)
    vListInsert                              0x08006a2d   Thumb Code    48  list.o(i.vListInsert)
    vListInsertEnd                           0x08006a5d   Thumb Code    24  list.o(i.vListInsertEnd)
    vPortEnterCritical                       0x08006a75   Thumb Code    54  port.o(i.vPortEnterCritical)
    vPortExitCritical                        0x08006ab5   Thumb Code    34  port.o(i.vPortExitCritical)
    vPortFree                                0x08006add   Thumb Code    94  heap_4.o(i.vPortFree)
    vPortSetupTimerInterrupt                 0x08006b41   Thumb Code    32  port.o(i.vPortSetupTimerInterrupt)
    vPortValidateInterruptPriority           0x08006b65   Thumb Code    74  port.o(i.vPortValidateInterruptPriority)
    vQueueAddToRegistry                      0x08006bb9   Thumb Code    34  queue.o(i.vQueueAddToRegistry)
    vQueueWaitForMessageRestricted           0x08006be1   Thumb Code    68  queue.o(i.vQueueWaitForMessageRestricted)
    vTaskDelay                               0x08006c25   Thumb Code    66  tasks.o(i.vTaskDelay)
    vTaskInternalSetTimeOutState             0x08006c71   Thumb Code    12  tasks.o(i.vTaskInternalSetTimeOutState)
    vTaskMissedYield                         0x08006c81   Thumb Code     8  tasks.o(i.vTaskMissedYield)
    vTaskPlaceOnEventList                    0x08006c8d   Thumb Code    44  tasks.o(i.vTaskPlaceOnEventList)
    vTaskPlaceOnEventListRestricted          0x08006cbd   Thumb Code    52  tasks.o(i.vTaskPlaceOnEventListRestricted)
    vTaskResume                              0x08006cf5   Thumb Code   110  tasks.o(i.vTaskResume)
    vTaskStartScheduler                      0x08006d71   Thumb Code   118  tasks.o(i.vTaskStartScheduler)
    vTaskSuspend                             0x08006df9   Thumb Code   144  tasks.o(i.vTaskSuspend)
    vTaskSuspendAll                          0x08006e95   Thumb Code    10  tasks.o(i.vTaskSuspendAll)
    vTaskSwitchContext                       0x08006ea5   Thumb Code    90  tasks.o(i.vTaskSwitchContext)
    xPortStartScheduler                      0x08006f09   Thumb Code   222  port.o(i.xPortStartScheduler)
    xPortSysTickHandler                      0x08006ffd   Thumb Code    38  port.o(i.xPortSysTickHandler)
    xQueueGenericCreateStatic                0x08007029   Thumb Code   102  queue.o(i.xQueueGenericCreateStatic)
    xQueueGenericReset                       0x08007091   Thumb Code   132  queue.o(i.xQueueGenericReset)
    xQueueGenericSend                        0x08007119   Thumb Code   346  queue.o(i.xQueueGenericSend)
    xQueueGenericSendFromISR                 0x08007279   Thumb Code   190  queue.o(i.xQueueGenericSendFromISR)
    xQueueReceive                            0x08007339   Thumb Code   308  queue.o(i.xQueueReceive)
    xTaskCheckForTimeOut                     0x08007471   Thumb Code   112  tasks.o(i.xTaskCheckForTimeOut)
    xTaskCreate                              0x080074e5   Thumb Code    90  tasks.o(i.xTaskCreate)
    xTaskCreateStatic                        0x0800753f   Thumb Code    86  tasks.o(i.xTaskCreateStatic)
    xTaskGetSchedulerState                   0x08007595   Thumb Code    22  tasks.o(i.xTaskGetSchedulerState)
    xTaskGetTickCount                        0x080075b1   Thumb Code     6  tasks.o(i.xTaskGetTickCount)
    xTaskIncrementTick                       0x080075bd   Thumb Code   192  tasks.o(i.xTaskIncrementTick)
    xTaskPriorityDisinherit                  0x08007685   Thumb Code   118  tasks.o(i.xTaskPriorityDisinherit)
    xTaskRemoveFromEventList                 0x08007705   Thumb Code    98  tasks.o(i.xTaskRemoveFromEventList)
    xTaskResumeAll                           0x08007775   Thumb Code   182  tasks.o(i.xTaskResumeAll)
    xTimerCreateTimerTask                    0x08007839   Thumb Code    78  timers.o(i.xTimerCreateTimerTask)
    xTimerGenericCommand                     0x08007899   Thumb Code    98  timers.o(i.xTimerGenericCommand)
    POS_attributes                           0x08007900   Data          36  freertos.o(.constdata)
    KEY_attributes                           0x08007924   Data          36  freertos.o(.constdata)
    OLED_attributes                          0x08007948   Data          36  freertos.o(.constdata)
    Clamp_attributes                         0x0800796c   Data          36  freertos.o(.constdata)
    AHBPrescTable                            0x08007990   Data          16  system_stm32f4xx.o(.constdata)
    APBPrescTable                            0x080079a0   Data           8  system_stm32f4xx.o(.constdata)
    F6x8                                     0x080079a8   Data         552  oled.o(.constdata)
    F8X16                                    0x08007bd0   Data        1520  oled.o(.constdata)
    sinTable_f32                             0x080081c8   Data        2052  arm_common_tables.o(.constdata)
    Region$$Table$$Base                      0x080089e4   Number         0  anon$$obj.o(Region$$Table)
    Region$$Table$$Limit                     0x08008a04   Number         0  anon$$obj.o(Region$$Table)
    JG_pos_x                                 0x20000000   Data           4  main.o(.data)
    JG_pos_y                                 0x20000004   Data           4  main.o(.data)
    key_val                                  0x20000008   Data           1  freertos.o(.data)
    POSHandle                                0x2000000c   Data           4  freertos.o(.data)
    KEYHandle                                0x20000010   Data           4  freertos.o(.data)
    OLEDHandle                               0x20000014   Data           4  freertos.o(.data)
    ClampHandle                              0x20000018   Data           4  freertos.o(.data)
    Pos_1                                    0x2000001c   Data           8  freertos.o(.data)
    Pos_2                                    0x20000024   Data           8  freertos.o(.data)
    Pos_3                                    0x2000002c   Data           8  freertos.o(.data)
    SystemCoreClock                          0x20000038   Data           4  system_stm32f4xx.o(.data)
    MODE                                     0x2000003c   Data           1  all.o(.data)
    Goal_pos_X                               0x20000040   Data           4  all.o(.data)
    Goal_pos_Y                               0x20000044   Data           4  all.o(.data)
    Goal_Angel                               0x20000048   Data           4  all.o(.data)
    Goal_JZ                                  0x2000004c   Data           4  all.o(.data)
    launch_Exp1                              0x20000050   Data           4  all.o(.data)
    launch_Exp2                              0x20000054   Data           4  all.o(.data)
    initial_angle                            0x20000058   Data           4  all.o(.data)
    Cont_Mea                                 0x2000005d   Data           4  jg.o(.data)
    Cont_Mea_time                            0x20000061   Data           5  jg.o(.data)
    Set_addr                                 0x20000066   Data           5  jg.o(.data)
    Range                                    0x2000006b   Data           5  jg.o(.data)
    Set_freq                                 0x20000070   Data           5  jg.o(.data)
    Set_accuracy                             0x20000075   Data           5  jg.o(.data)
    Mea_On                                   0x2000007a   Data           5  jg.o(.data)
    ABS_angle                                0x2000008c   Data           4  mortor.o(.data)
    motor_cur                                0x20000090   Data           8  mortor.o(.data)
    Va                                       0x2000009c   Data           4  control.o(.data)
    Vb                                       0x200000a0   Data           4  control.o(.data)
    Vc                                       0x200000a4   Data           4  control.o(.data)
    Vx                                       0x200000a8   Data           4  control.o(.data)
    Vy                                       0x200000ac   Data           4  control.o(.data)
    w                                        0x200000b0   Data           4  control.o(.data)
    VgX                                      0x200000b4   Data           4  control.o(.data)
    VgY                                      0x200000b8   Data           4  control.o(.data)
    channel_1                                0x200000bc   Data           4  control.o(.data)
    channel_2                                0x200000c0   Data           4  control.o(.data)
    channel_3                                0x200000c4   Data           4  control.o(.data)
    channel_4                                0x200000c8   Data           4  control.o(.data)
    SpeedExp                                 0x200000cc   Data           4  control.o(.data)
    Xdata                                    0x200000d0   Data           4  control.o(.data)
    Ydata                                    0x200000d4   Data           4  control.o(.data)
    beat                                     0x200000d8   Data           4  control.o(.data)
    X_Value                                  0x200000dc   Data           4  control.o(.data)
    Y_Value                                  0x200000e0   Data           4  control.o(.data)
    uwTickFreq                               0x200000e8   Data           1  stm32f4xx_hal.o(.data)
    uwTickPrio                               0x200000ec   Data           4  stm32f4xx_hal.o(.data)
    uwTick                                   0x200000f0   Data           4  stm32f4xx_hal.o(.data)
    pxCurrentTCB                             0x200000f4   Data           4  tasks.o(.data)
    __stdout                                 0x20000174   Data           4  stdout.o(.data)
    str                                      0x20000178   Data          20  main.o(.bss)
    SBUS_rxbuff                              0x2000018c   Data          30  main.o(.bss)
    action_rxbuff                            0x200001aa   Data          30  main.o(.bss)
    JG_X_rxbuff                              0x200001c8   Data          30  main.o(.bss)
    JG_Y_rxbuff                              0x200001e6   Data          30  main.o(.bss)
    hcan1                                    0x20000204   Data          40  can.o(.bss)
    hcan2                                    0x2000022c   Data          40  can.o(.bss)
    htim9                                    0x20000254   Data          72  tim.o(.bss)
    huart5                                   0x2000029c   Data          68  usart.o(.bss)
    huart1                                   0x200002e0   Data          68  usart.o(.bss)
    huart2                                   0x20000324   Data          68  usart.o(.bss)
    huart3                                   0x20000368   Data          68  usart.o(.bss)
    huart6                                   0x200003ac   Data          68  usart.o(.bss)
    hdma_uart5_rx                            0x200003f0   Data          96  usart.o(.bss)
    hdma_usart2_rx                           0x20000450   Data          96  usart.o(.bss)
    hdma_usart3_rx                           0x200004b0   Data          96  usart.o(.bss)
    hdma_usart6_rx                           0x20000510   Data          96  usart.o(.bss)
    htim1                                    0x20000570   Data          72  stm32f4xx_hal_timebase_tim.o(.bss)
    Motor                                    0x200005b8   Data         156  all.o(.bss)
    Shoot                                    0x20000654   Data         416  all.o(.bss)
    Angel                                    0x200007f4   Data          52  all.o(.bss)
    Pos_X                                    0x20000828   Data          52  all.o(.bss)
    Pos_Y                                    0x2000085c   Data          52  all.o(.bss)
    JZ_RealAngle                             0x20000890   Data          52  all.o(.bss)
    launch_inf                               0x200008d0   Data          64  launch.o(.bss)
    launch_cur                               0x20000910   Data          16  launch.o(.bss)
    motor_inf                                0x20000920   Data          32  mortor.o(.bss)
    SBusData                                 0x20000940   Data          25  sbus.o(.bss)
    SBusRemote                               0x2000095a   Data          32  sbus.o(.bss)
    actionData                               0x20000994   Data          28  action.o(.bss)
    action_inf                               0x200009b0   Data          24  action.o(.bss)
    xQueueRegistry                           0x200009c8   Data          64  queue.o(.bss)
    __initial_sp                             0x200056a0   Data           0  startup_stm32f407xx.o(STACK)



==============================================================================

Memory Map of the image

  Image Entry point : 0x08000189

  Load Region LR_IROM1 (Base: 0x08000000, Size: 0x00008b7c, Max: 0x00100000, ABSOLUTE, COMPRESSED[0x00008a54])

    Execution Region ER_IROM1 (Exec base: 0x08000000, Load base: 0x08000000, Size: 0x00008a04, Max: 0x00100000, ABSOLUTE)

    Exec Addr    Load Addr    Size         Type   Attr      Idx    E Section Name        Object

    0x08000000   0x08000000   0x00000188   Data   RO            3    RESET               startup_stm32f407xx.o
    0x08000188   0x08000188   0x00000000   Code   RO         6010  * .ARM.Collect$$$$00000000  mc_w.l(entry.o)
    0x08000188   0x08000188   0x00000004   Code   RO         6337    .ARM.Collect$$$$00000001  mc_w.l(entry2.o)
    0x0800018c   0x0800018c   0x00000004   Code   RO         6340    .ARM.Collect$$$$00000004  mc_w.l(entry5.o)
    0x08000190   0x08000190   0x00000000   Code   RO         6342    .ARM.Collect$$$$00000008  mc_w.l(entry7b.o)
    0x08000190   0x08000190   0x00000000   Code   RO         6344    .ARM.Collect$$$$0000000A  mc_w.l(entry8b.o)
    0x08000190   0x08000190   0x00000008   Code   RO         6345    .ARM.Collect$$$$0000000B  mc_w.l(entry9a.o)
    0x08000198   0x08000198   0x00000004   Code   RO         6352    .ARM.Collect$$$$0000000E  mc_w.l(entry12b.o)
    0x0800019c   0x0800019c   0x00000000   Code   RO         6347    .ARM.Collect$$$$0000000F  mc_w.l(entry10a.o)
    0x0800019c   0x0800019c   0x00000000   Code   RO         6349    .ARM.Collect$$$$00000011  mc_w.l(entry11a.o)
    0x0800019c   0x0800019c   0x00000004   Code   RO         6338    .ARM.Collect$$$$00002712  mc_w.l(entry2.o)
    0x080001a0   0x080001a0   0x000000be   Code   RO         5739    .emb_text           port.o
    0x0800025e   0x0800025e   0x00000002   PAD
    0x08000260   0x08000260   0x00000024   Code   RO            4    .text               startup_stm32f407xx.o
    0x08000284   0x08000284   0x00000078   Code   RO         5819    .text               arm_cortexM4lf_math.lib(arm_cos_f32.o)
    0x080002fc   0x080002fc   0x00000094   Code   RO         5869    .text               arm_cortexM4lf_math.lib(arm_sin_f32.o)
    0x08000390   0x08000390   0x00000062   Code   RO         6013    .text               mc_w.l(uldiv.o)
    0x080003f2   0x080003f2   0x00000024   Code   RO         6015    .text               mc_w.l(memcpya.o)
    0x08000416   0x08000416   0x00000024   Code   RO         6019    .text               mc_w.l(memseta.o)
    0x0800043a   0x0800043a   0x0000014e   Code   RO         6284    .text               mf_w.l(dadd.o)
    0x08000588   0x08000588   0x00000026   Code   RO         6292    .text               mf_w.l(f2d.o)
    0x080005ae   0x080005ae   0x00000002   PAD
    0x080005b0   0x080005b0   0x00000030   Code   RO         6294    .text               mf_w.l(cdrcmple.o)
    0x080005e0   0x080005e0   0x0000002c   Code   RO         6354    .text               mc_w.l(uidiv.o)
    0x0800060c   0x0800060c   0x0000001e   Code   RO         6356    .text               mc_w.l(llshl.o)
    0x0800062a   0x0800062a   0x00000020   Code   RO         6358    .text               mc_w.l(llushr.o)
    0x0800064a   0x0800064a   0x00000024   Code   RO         6360    .text               mc_w.l(llsshr.o)
    0x0800066e   0x0800066e   0x00000000   Code   RO         6369    .text               mc_w.l(iusefp.o)
    0x0800066e   0x0800066e   0x000000ba   Code   RO         6370    .text               mf_w.l(depilogue.o)
    0x08000728   0x08000728   0x000000e4   Code   RO         6372    .text               mf_w.l(dmul.o)
    0x0800080c   0x0800080c   0x000000de   Code   RO         6374    .text               mf_w.l(ddiv.o)
    0x080008ea   0x080008ea   0x00000030   Code   RO         6382    .text               mf_w.l(dfixul.o)
    0x0800091a   0x0800091a   0x00000002   PAD
    0x0800091c   0x0800091c   0x00000024   Code   RO         6386    .text               mc_w.l(init.o)
    0x08000940   0x08000940   0x00000056   Code   RO         6396    .text               mc_w.l(__dczerorl2.o)
    0x08000996   0x08000996   0x00000002   PAD
    0x08000998   0x08000998   0x00000598   Code   RO          819    i.ALL_PID_Init      all.o
    0x08000f30   0x08000f30   0x00000002   Code   RO          584    i.BusFault_Handler  stm32f4xx_it.o
    0x08000f32   0x08000f32   0x00000002   PAD
    0x08000f34   0x08000f34   0x0000000c   Code   RO          585    i.CAN1_RX0_IRQHandler  stm32f4xx_it.o
    0x08000f40   0x08000f40   0x0000000c   Code   RO          586    i.CAN2_RX0_IRQHandler  stm32f4xx_it.o
    0x08000f4c   0x08000f4c   0x0000002e   Code   RO          361    i.CAN_Filter_Config  can.o
    0x08000f7a   0x08000f7a   0x00000048   Code   RO          362    i.CAN_Send_Msg      can.o
    0x08000fc2   0x08000fc2   0x00000002   PAD
    0x08000fc4   0x08000fc4   0x00000128   Code   RO          298    i.ClampTheBall      freertos.o
    0x080010ec   0x080010ec   0x0000000c   Code   RO          587    i.DMA1_Stream0_IRQHandler  stm32f4xx_it.o
    0x080010f8   0x080010f8   0x0000000c   Code   RO          588    i.DMA1_Stream1_IRQHandler  stm32f4xx_it.o
    0x08001104   0x08001104   0x0000000c   Code   RO          589    i.DMA1_Stream5_IRQHandler  stm32f4xx_it.o
    0x08001110   0x08001110   0x0000000c   Code   RO          590    i.DMA2_Stream1_IRQHandler  stm32f4xx_it.o
    0x0800111c   0x0800111c   0x00000028   Code   RO         2058    i.DMA_CalcBaseAndBitshift  stm32f4xx_hal_dma.o
    0x08001144   0x08001144   0x00000054   Code   RO         2059    i.DMA_CheckFifoParam  stm32f4xx_hal_dma.o
    0x08001198   0x08001198   0x00000028   Code   RO         2060    i.DMA_SetConfig     stm32f4xx_hal_dma.o
    0x080011c0   0x080011c0   0x00000002   Code   RO          591    i.DebugMon_Handler  stm32f4xx_it.o
    0x080011c2   0x080011c2   0x00000004   Code   RO           13    i.Error_Handler     main.o
    0x080011c6   0x080011c6   0x00000002   PAD
    0x080011c8   0x080011c8   0x00000070   Code   RO          975    i.Get_ABS_angle     mortor.o
    0x08001238   0x08001238   0x00000218   Code   RO          886    i.Get_JG_inf        jg.o
    0x08001450   0x08001450   0x00000138   Code   RO         1190    i.Get_SBUS_inf      sbus.o
    0x08001588   0x08001588   0x000000b0   Code   RO         1231    i.Get_action_inf    action.o
    0x08001638   0x08001638   0x00000144   Code   RO          939    i.Get_launch_inf    launch.o
    0x0800177c   0x0800177c   0x000000ac   Code   RO          976    i.Get_motor_inf     mortor.o
    0x08001828   0x08001828   0x00000024   Code   RO         1366    i.HAL_CAN_ActivateNotification  stm32f4xx_hal_can.o
    0x0800184c   0x0800184c   0x000000dc   Code   RO         1367    i.HAL_CAN_AddTxMessage  stm32f4xx_hal_can.o
    0x08001928   0x08001928   0x0000010c   Code   RO         1368    i.HAL_CAN_ConfigFilter  stm32f4xx_hal_can.o
    0x08001a34   0x08001a34   0x00000002   Code   RO         1371    i.HAL_CAN_ErrorCallback  stm32f4xx_hal_can.o
    0x08001a36   0x08001a36   0x000000e8   Code   RO         1374    i.HAL_CAN_GetRxMessage  stm32f4xx_hal_can.o
    0x08001b1e   0x08001b1e   0x0000002c   Code   RO         1376    i.HAL_CAN_GetTxMailboxesFreeLevel  stm32f4xx_hal_can.o
    0x08001b4a   0x08001b4a   0x000001fc   Code   RO         1378    i.HAL_CAN_IRQHandler  stm32f4xx_hal_can.o
    0x08001d46   0x08001d46   0x0000011a   Code   RO         1379    i.HAL_CAN_Init      stm32f4xx_hal_can.o
    0x08001e60   0x08001e60   0x00000100   Code   RO          364    i.HAL_CAN_MspInit   can.o
    0x08001f60   0x08001f60   0x00000002   Code   RO         1386    i.HAL_CAN_RxFifo0FullCallback  stm32f4xx_hal_can.o
    0x08001f62   0x08001f62   0x00000002   PAD
    0x08001f64   0x08001f64   0x0000004c   Code   RO          365    i.HAL_CAN_RxFifo0MsgPendingCallback  can.o
    0x08001fb0   0x08001fb0   0x00000002   Code   RO         1388    i.HAL_CAN_RxFifo1FullCallback  stm32f4xx_hal_can.o
    0x08001fb2   0x08001fb2   0x00000002   Code   RO         1389    i.HAL_CAN_RxFifo1MsgPendingCallback  stm32f4xx_hal_can.o
    0x08001fb4   0x08001fb4   0x00000002   Code   RO         1390    i.HAL_CAN_SleepCallback  stm32f4xx_hal_can.o
    0x08001fb6   0x08001fb6   0x00000002   PAD
    0x08001fb8   0x08001fb8   0x00000058   Code   RO         1391    i.HAL_CAN_Start     stm32f4xx_hal_can.o
    0x08002010   0x08002010   0x00000002   Code   RO         1393    i.HAL_CAN_TxMailbox0AbortCallback  stm32f4xx_hal_can.o
    0x08002012   0x08002012   0x00000002   Code   RO         1394    i.HAL_CAN_TxMailbox0CompleteCallback  stm32f4xx_hal_can.o
    0x08002014   0x08002014   0x00000002   Code   RO         1395    i.HAL_CAN_TxMailbox1AbortCallback  stm32f4xx_hal_can.o
    0x08002016   0x08002016   0x00000002   Code   RO         1396    i.HAL_CAN_TxMailbox1CompleteCallback  stm32f4xx_hal_can.o
    0x08002018   0x08002018   0x00000002   Code   RO         1397    i.HAL_CAN_TxMailbox2AbortCallback  stm32f4xx_hal_can.o
    0x0800201a   0x0800201a   0x00000002   Code   RO         1398    i.HAL_CAN_TxMailbox2CompleteCallback  stm32f4xx_hal_can.o
    0x0800201c   0x0800201c   0x00000002   Code   RO         1400    i.HAL_CAN_WakeUpFromRxMsgCallback  stm32f4xx_hal_can.o
    0x0800201e   0x0800201e   0x00000092   Code   RO         2061    i.HAL_DMA_Abort     stm32f4xx_hal_dma.o
    0x080020b0   0x080020b0   0x00000024   Code   RO         2062    i.HAL_DMA_Abort_IT  stm32f4xx_hal_dma.o
    0x080020d4   0x080020d4   0x000001a0   Code   RO         2066    i.HAL_DMA_IRQHandler  stm32f4xx_hal_dma.o
    0x08002274   0x08002274   0x000000d4   Code   RO         2067    i.HAL_DMA_Init      stm32f4xx_hal_dma.o
    0x08002348   0x08002348   0x0000006e   Code   RO         2071    i.HAL_DMA_Start_IT  stm32f4xx_hal_dma.o
    0x080023b6   0x080023b6   0x00000002   PAD
    0x080023b8   0x080023b8   0x00000024   Code   RO         2480    i.HAL_Delay         stm32f4xx_hal.o
    0x080023dc   0x080023dc   0x000001f0   Code   RO         1954    i.HAL_GPIO_Init     stm32f4xx_hal_gpio.o
    0x080025cc   0x080025cc   0x0000000a   Code   RO         1958    i.HAL_GPIO_WritePin  stm32f4xx_hal_gpio.o
    0x080025d6   0x080025d6   0x00000002   PAD
    0x080025d8   0x080025d8   0x0000000c   Code   RO         2486    i.HAL_GetTick       stm32f4xx_hal.o
    0x080025e4   0x080025e4   0x00000010   Code   RO         2492    i.HAL_IncTick       stm32f4xx_hal.o
    0x080025f4   0x080025f4   0x00000034   Code   RO         2493    i.HAL_Init          stm32f4xx_hal.o
    0x08002628   0x08002628   0x00000074   Code   RO          742    i.HAL_InitTick      stm32f4xx_hal_timebase_tim.o
    0x0800269c   0x0800269c   0x00000038   Code   RO          718    i.HAL_MspInit       stm32f4xx_hal_msp.o
    0x080026d4   0x080026d4   0x0000001a   Code   RO         2343    i.HAL_NVIC_EnableIRQ  stm32f4xx_hal_cortex.o
    0x080026ee   0x080026ee   0x00000002   PAD
    0x080026f0   0x080026f0   0x00000040   Code   RO         2349    i.HAL_NVIC_SetPriority  stm32f4xx_hal_cortex.o
    0x08002730   0x08002730   0x00000024   Code   RO         2350    i.HAL_NVIC_SetPriorityGrouping  stm32f4xx_hal_cortex.o
    0x08002754   0x08002754   0x00000134   Code   RO         1600    i.HAL_RCC_ClockConfig  stm32f4xx_hal_rcc.o
    0x08002888   0x08002888   0x00000040   Code   RO         1604    i.HAL_RCC_GetClockConfig  stm32f4xx_hal_rcc.o
    0x080028c8   0x080028c8   0x00000020   Code   RO         1607    i.HAL_RCC_GetPCLK1Freq  stm32f4xx_hal_rcc.o
    0x080028e8   0x080028e8   0x00000020   Code   RO         1608    i.HAL_RCC_GetPCLK2Freq  stm32f4xx_hal_rcc.o
    0x08002908   0x08002908   0x00000060   Code   RO         1609    i.HAL_RCC_GetSysClockFreq  stm32f4xx_hal_rcc.o
    0x08002968   0x08002968   0x0000036c   Code   RO         1612    i.HAL_RCC_OscConfig  stm32f4xx_hal_rcc.o
    0x08002cd4   0x08002cd4   0x00000002   Code   RO         3437    i.HAL_TIMEx_BreakCallback  stm32f4xx_hal_tim_ex.o
    0x08002cd6   0x08002cd6   0x00000002   Code   RO         3438    i.HAL_TIMEx_CommutCallback  stm32f4xx_hal_tim_ex.o
    0x08002cd8   0x08002cd8   0x0000005a   Code   RO         2733    i.HAL_TIM_Base_Init  stm32f4xx_hal_tim.o
    0x08002d32   0x08002d32   0x00000002   PAD
    0x08002d34   0x08002d34   0x0000003c   Code   RO          453    i.HAL_TIM_Base_MspInit  tim.o
    0x08002d70   0x08002d70   0x00000080   Code   RO         2738    i.HAL_TIM_Base_Start_IT  stm32f4xx_hal_tim.o
    0x08002df0   0x08002df0   0x000000dc   Code   RO         2742    i.HAL_TIM_ConfigClockSource  stm32f4xx_hal_tim.o
    0x08002ecc   0x08002ecc   0x00000002   Code   RO         2767    i.HAL_TIM_IC_CaptureCallback  stm32f4xx_hal_tim.o
    0x08002ece   0x08002ece   0x00000166   Code   RO         2781    i.HAL_TIM_IRQHandler  stm32f4xx_hal_tim.o
    0x08003034   0x08003034   0x00000002   Code   RO         2784    i.HAL_TIM_OC_DelayElapsedCallback  stm32f4xx_hal_tim.o
    0x08003036   0x08003036   0x00000002   Code   RO         2811    i.HAL_TIM_PWM_PulseFinishedCallback  stm32f4xx_hal_tim.o
    0x08003038   0x08003038   0x00000030   Code   RO           14    i.HAL_TIM_PeriodElapsedCallback  main.o
    0x08003068   0x08003068   0x00000002   Code   RO         2824    i.HAL_TIM_TriggerCallback  stm32f4xx_hal_tim.o
    0x0800306a   0x0800306a   0x00000002   Code   RO         3715    i.HAL_UARTEx_RxEventCallback  stm32f4xx_hal_uart.o
    0x0800306c   0x0800306c   0x00000002   Code   RO         3729    i.HAL_UART_ErrorCallback  stm32f4xx_hal_uart.o
    0x0800306e   0x0800306e   0x00000002   PAD
    0x08003070   0x08003070   0x00000268   Code   RO         3732    i.HAL_UART_IRQHandler  stm32f4xx_hal_uart.o
    0x080032d8   0x080032d8   0x00000062   Code   RO         3733    i.HAL_UART_Init     stm32f4xx_hal_uart.o
    0x0800333a   0x0800333a   0x00000002   PAD
    0x0800333c   0x0800333c   0x000002c4   Code   RO          495    i.HAL_UART_MspInit  usart.o
    0x08003600   0x08003600   0x0000002a   Code   RO         3737    i.HAL_UART_Receive_DMA  stm32f4xx_hal_uart.o
    0x0800362a   0x0800362a   0x00000002   Code   RO         3739    i.HAL_UART_RxCpltCallback  stm32f4xx_hal_uart.o
    0x0800362c   0x0800362c   0x00000002   Code   RO         3740    i.HAL_UART_RxHalfCpltCallback  stm32f4xx_hal_uart.o
    0x0800362e   0x0800362e   0x00000002   Code   RO         3744    i.HAL_UART_TxCpltCallback  stm32f4xx_hal_uart.o
    0x08003630   0x08003630   0x00000002   Code   RO          592    i.HardFault_Handler  stm32f4xx_it.o
    0x08003632   0x08003632   0x00000002   PAD
    0x08003634   0x08003634   0x00000038   Code   RO         1018    i.IIC_Start         oled.o
    0x0800366c   0x0800366c   0x0000002c   Code   RO         1019    i.IIC_Stop          oled.o
    0x08003698   0x08003698   0x00000024   Code   RO         1020    i.IIC_Wait_Ack      oled.o
    0x080036bc   0x080036bc   0x00000034   Code   RO          299    i.KEY_CHeck         freertos.o
    0x080036f0   0x080036f0   0x00000048   Code   RO          366    i.MX_CAN1_Init      can.o
    0x08003738   0x08003738   0x00000048   Code   RO          367    i.MX_CAN2_Init      can.o
    0x08003780   0x08003780   0x0000006c   Code   RO          428    i.MX_DMA_Init       dma.o
    0x080037ec   0x080037ec   0x00000064   Code   RO          300    i.MX_FREERTOS_Init  freertos.o
    0x08003850   0x08003850   0x00000130   Code   RO          270    i.MX_GPIO_Init      gpio.o
    0x08003980   0x08003980   0x0000004c   Code   RO          454    i.MX_TIM9_Init      tim.o
    0x080039cc   0x080039cc   0x00000038   Code   RO          496    i.MX_UART5_Init     usart.o
    0x08003a04   0x08003a04   0x00000038   Code   RO          497    i.MX_USART1_UART_Init  usart.o
    0x08003a3c   0x08003a3c   0x00000044   Code   RO          498    i.MX_USART2_UART_Init  usart.o
    0x08003a80   0x08003a80   0x00000038   Code   RO          499    i.MX_USART3_UART_Init  usart.o
    0x08003ab8   0x08003ab8   0x00000038   Code   RO          500    i.MX_USART6_UART_Init  usart.o
    0x08003af0   0x08003af0   0x00000002   Code   RO          593    i.MemManage_Handler  stm32f4xx_it.o
    0x08003af2   0x08003af2   0x00000002   PAD
    0x08003af4   0x08003af4   0x000000d0   Code   RO         1267    i.Move_Analys       control.o
    0x08003bc4   0x08003bc4   0x00000002   Code   RO          594    i.NMI_Handler       stm32f4xx_it.o
    0x08003bc6   0x08003bc6   0x00000002   PAD
    0x08003bc8   0x08003bc8   0x000000d8   Code   RO         1269    i.New_Move_car      control.o
    0x08003ca0   0x08003ca0   0x0000003a   Code   RO         1022    i.OLED_Clear        oled.o
    0x08003cda   0x08003cda   0x000000de   Code   RO         1027    i.OLED_Init         oled.o
    0x08003db8   0x08003db8   0x0000002a   Code   RO         1030    i.OLED_Set_Pos      oled.o
    0x08003de2   0x08003de2   0x00000002   PAD
    0x08003de4   0x08003de4   0x00000088   Code   RO         1032    i.OLED_ShowChar     oled.o
    0x08003e6c   0x08003e6c   0x00000036   Code   RO         1034    i.OLED_ShowString   oled.o
    0x08003ea2   0x08003ea2   0x0000000c   Code   RO         1035    i.OLED_WR_Byte      oled.o
    0x08003eae   0x08003eae   0x00000002   PAD
    0x08003eb0   0x08003eb0   0x00000150   Code   RO          301    i.OLED_show         freertos.o
    0x08004000   0x08004000   0x00000030   Code   RO         1310    i.PID_Init          pid.o
    0x08004030   0x08004030   0x00000090   Code   RO         1312    i.PID_Update_Inc    pid.o
    0x080040c0   0x080040c0   0x0000010c   Code   RO         1314    i.PID_Update_Pos    pid.o
    0x080041cc   0x080041cc   0x0000012c   Code   RO         1315    i.PID_Update_Pos_angle  pid.o
    0x080042f8   0x080042f8   0x0000061c   Code   RO          302    i.Pos_move          freertos.o
    0x08004914   0x08004914   0x00000058   Code   RO         1191    i.Sbus_key          sbus.o
    0x0800496c   0x0800496c   0x0000004c   Code   RO          977    i.Send_cur          mortor.o
    0x080049b8   0x080049b8   0x00000088   Code   RO          940    i.Send_cur_launch   launch.o
    0x08004a40   0x08004a40   0x0000043c   Code   RO          820    i.Speed_Update      all.o
    0x08004e7c   0x08004e7c   0x0000001a   Code   RO         5171    i.SysTick_Handler   cmsis_os2.o
    0x08004e96   0x08004e96   0x00000002   PAD
    0x08004e98   0x08004e98   0x00000090   Code   RO           15    i.SystemClock_Config  main.o
    0x08004f28   0x08004f28   0x00000010   Code   RO          782    i.SystemInit        system_stm32f4xx.o
    0x08004f38   0x08004f38   0x0000000c   Code   RO          595    i.TIM1_BRK_TIM9_IRQHandler  stm32f4xx_it.o
    0x08004f44   0x08004f44   0x0000000c   Code   RO          596    i.TIM1_UP_TIM10_IRQHandler  stm32f4xx_it.o
    0x08004f50   0x08004f50   0x000000c8   Code   RO         2826    i.TIM_Base_SetConfig  stm32f4xx_hal_tim.o
    0x08005018   0x08005018   0x00000014   Code   RO         2837    i.TIM_ETR_SetConfig  stm32f4xx_hal_tim.o
    0x0800502c   0x0800502c   0x00000010   Code   RO         2838    i.TIM_ITRx_SetConfig  stm32f4xx_hal_tim.o
    0x0800503c   0x0800503c   0x00000022   Code   RO         2844    i.TIM_TI1_ConfigInputStage  stm32f4xx_hal_tim.o
    0x0800505e   0x0800505e   0x00000024   Code   RO         2846    i.TIM_TI2_ConfigInputStage  stm32f4xx_hal_tim.o
    0x08005082   0x08005082   0x00000002   PAD
    0x08005084   0x08005084   0x00000024   Code   RO          597    i.UART5_IRQHandler  stm32f4xx_it.o
    0x080050a8   0x080050a8   0x00000010   Code   RO         3746    i.UART_DMAAbortOnError  stm32f4xx_hal_uart.o
    0x080050b8   0x080050b8   0x0000004a   Code   RO         3747    i.UART_DMAError     stm32f4xx_hal_uart.o
    0x08005102   0x08005102   0x00000082   Code   RO         3748    i.UART_DMAReceiveCplt  stm32f4xx_hal_uart.o
    0x08005184   0x08005184   0x0000001a   Code   RO         3750    i.UART_DMARxHalfCplt  stm32f4xx_hal_uart.o
    0x0800519e   0x0800519e   0x0000004e   Code   RO         3756    i.UART_EndRxTransfer  stm32f4xx_hal_uart.o
    0x080051ec   0x080051ec   0x0000001c   Code   RO         3757    i.UART_EndTxTransfer  stm32f4xx_hal_uart.o
    0x08005208   0x08005208   0x000000c0   Code   RO         3758    i.UART_Receive_IT   stm32f4xx_hal_uart.o
    0x080052c8   0x080052c8   0x0000010c   Code   RO         3759    i.UART_SetConfig    stm32f4xx_hal_uart.o
    0x080053d4   0x080053d4   0x00000094   Code   RO         3760    i.UART_Start_Receive_DMA  stm32f4xx_hal_uart.o
    0x08005468   0x08005468   0x0000001c   Code   RO          598    i.USART2_IRQHandler  stm32f4xx_it.o
    0x08005484   0x08005484   0x0000001c   Code   RO          599    i.USART3_IRQHandler  stm32f4xx_it.o
    0x080054a0   0x080054a0   0x00000024   Code   RO          600    i.USART6_IRQHandler  stm32f4xx_it.o
    0x080054c4   0x080054c4   0x00000002   Code   RO          601    i.UsageFault_Handler  stm32f4xx_it.o
    0x080054c6   0x080054c6   0x00000002   PAD
    0x080054c8   0x080054c8   0x0000005c   Code   RO         1036    i.Write_IIC_Byte    oled.o
    0x08005524   0x08005524   0x0000002e   Code   RO         1037    i.Write_IIC_Command  oled.o
    0x08005552   0x08005552   0x0000002e   Code   RO         1038    i.Write_IIC_Data    oled.o
    0x08005580   0x08005580   0x00000020   Code   RO         6256    i.__0printf         mc_w.l(printfa.o)
    0x080055a0   0x080055a0   0x00000028   Code   RO         6258    i.__0sprintf        mc_w.l(printfa.o)
    0x080055c8   0x080055c8   0x00000020   Code   RO         2356    i.__NVIC_SetPriority  stm32f4xx_hal_cortex.o
    0x080055e8   0x080055e8   0x0000000e   Code   RO         6390    i.__scatterload_copy  mc_w.l(handlers.o)
    0x080055f6   0x080055f6   0x00000002   Code   RO         6391    i.__scatterload_null  mc_w.l(handlers.o)
    0x080055f8   0x080055f8   0x0000000e   Code   RO         6392    i.__scatterload_zeroinit  mc_w.l(handlers.o)
    0x08005606   0x08005606   0x00000002   PAD
    0x08005608   0x08005608   0x00000184   Code   RO         6263    i._fp_digits        mc_w.l(printfa.o)
    0x0800578c   0x0800578c   0x000006b4   Code   RO         6264    i._printf_core      mc_w.l(printfa.o)
    0x08005e40   0x08005e40   0x00000024   Code   RO         6265    i._printf_post_padding  mc_w.l(printfa.o)
    0x08005e64   0x08005e64   0x0000002e   Code   RO         6266    i._printf_pre_padding  mc_w.l(printfa.o)
    0x08005e92   0x08005e92   0x0000000a   Code   RO         6268    i._sputc            mc_w.l(printfa.o)
    0x08005e9c   0x08005e9c   0x00000014   Code   RO          501    i.fputc             usart.o
    0x08005eb0   0x08005eb0   0x0000010c   Code   RO           16    i.main              main.o
    0x08005fbc   0x08005fbc   0x0000001a   Code   RO         5173    i.osDelay           cmsis_os2.o
    0x08005fd6   0x08005fd6   0x00000002   PAD
    0x08005fd8   0x08005fd8   0x00000024   Code   RO         5187    i.osKernelInitialize  cmsis_os2.o
    0x08005ffc   0x08005ffc   0x00000038   Code   RO         5190    i.osKernelStart     cmsis_os2.o
    0x08006034   0x08006034   0x0000008a   Code   RO         5232    i.osThreadNew       cmsis_os2.o
    0x080060be   0x080060be   0x00000002   PAD
    0x080060c0   0x080060c0   0x0000005c   Code   RO         4632    i.prvAddCurrentTaskToDelayedList  tasks.o
    0x0800611c   0x0800611c   0x000000d0   Code   RO         4633    i.prvAddNewTaskToReadyList  tasks.o
    0x080061ec   0x080061ec   0x00000058   Code   RO         4997    i.prvCheckForValidListAndQueue  timers.o
    0x08006244   0x08006244   0x00000026   Code   RO         4229    i.prvCopyDataFromQueue  queue.o
    0x0800626a   0x0800626a   0x0000006c   Code   RO         4230    i.prvCopyDataToQueue  queue.o
    0x080062d6   0x080062d6   0x00000034   Code   RO         4634    i.prvDeleteTCB      tasks.o
    0x0800630a   0x0800630a   0x00000002   PAD
    0x0800630c   0x0800630c   0x0000004c   Code   RO         5684    i.prvHeapInit       heap_4.o
    0x08006358   0x08006358   0x00000060   Code   RO         4635    i.prvIdleTask       tasks.o
    0x080063b8   0x080063b8   0x00000022   Code   RO         4232    i.prvInitialiseNewQueue  queue.o
    0x080063da   0x080063da   0x00000002   PAD
    0x080063dc   0x080063dc   0x000000b0   Code   RO         4636    i.prvInitialiseNewTask  tasks.o
    0x0800648c   0x0800648c   0x0000004c   Code   RO         5685    i.prvInsertBlockIntoFreeList  heap_4.o
    0x080064d8   0x080064d8   0x00000038   Code   RO         4999    i.prvInsertTimerInActiveList  timers.o
    0x08006510   0x08006510   0x0000001c   Code   RO         4233    i.prvIsQueueEmpty   queue.o
    0x0800652c   0x0800652c   0x000000fc   Code   RO         5000    i.prvProcessReceivedCommands  timers.o
    0x08006628   0x08006628   0x000000c0   Code   RO         5001    i.prvProcessTimerOrBlockTask  timers.o
    0x080066e8   0x080066e8   0x00000020   Code   RO         4638    i.prvResetNextTaskUnblockTime  tasks.o
    0x08006708   0x08006708   0x00000028   Code   RO         5002    i.prvSampleTimeNow  timers.o
    0x08006730   0x08006730   0x0000006c   Code   RO         5003    i.prvSwitchTimerLists  timers.o
    0x0800679c   0x0800679c   0x00000028   Code   RO         5740    i.prvTaskExitError  port.o
    0x080067c4   0x080067c4   0x00000034   Code   RO         4640    i.prvTaskIsTaskSuspended  tasks.o
    0x080067f8   0x080067f8   0x00000024   Code   RO         5004    i.prvTimerTask      timers.o
    0x0800681c   0x0800681c   0x0000006a   Code   RO         4234    i.prvUnlockQueue    queue.o
    0x08006886   0x08006886   0x00000002   PAD
    0x08006888   0x08006888   0x000000dc   Code   RO         5686    i.pvPortMalloc      heap_4.o
    0x08006964   0x08006964   0x0000002c   Code   RO         5741    i.pxPortInitialiseStack  port.o
    0x08006990   0x08006990   0x0000002c   Code   RO         1232    i.send_ACT0         action.o
    0x080069bc   0x080069bc   0x00000026   Code   RO         4189    i.uxListRemove      list.o
    0x080069e2   0x080069e2   0x00000002   PAD
    0x080069e4   0x080069e4   0x00000014   Code   RO         5244    i.vApplicationGetIdleTaskMemory  cmsis_os2.o
    0x080069f8   0x080069f8   0x00000018   Code   RO         5245    i.vApplicationGetTimerTaskMemory  cmsis_os2.o
    0x08006a10   0x08006a10   0x00000016   Code   RO         4190    i.vListInitialise   list.o
    0x08006a26   0x08006a26   0x00000006   Code   RO         4191    i.vListInitialiseItem  list.o
    0x08006a2c   0x08006a2c   0x00000030   Code   RO         4192    i.vListInsert       list.o
    0x08006a5c   0x08006a5c   0x00000018   Code   RO         4193    i.vListInsertEnd    list.o
    0x08006a74   0x08006a74   0x00000040   Code   RO         5743    i.vPortEnterCritical  port.o
    0x08006ab4   0x08006ab4   0x00000028   Code   RO         5744    i.vPortExitCritical  port.o
    0x08006adc   0x08006adc   0x00000064   Code   RO         5687    i.vPortFree         heap_4.o
    0x08006b40   0x08006b40   0x00000024   Code   RO         5745    i.vPortSetupTimerInterrupt  port.o
    0x08006b64   0x08006b64   0x00000054   Code   RO         5746    i.vPortValidateInterruptPriority  port.o
    0x08006bb8   0x08006bb8   0x00000028   Code   RO         4240    i.vQueueAddToRegistry  queue.o
    0x08006be0   0x08006be0   0x00000044   Code   RO         4244    i.vQueueWaitForMessageRestricted  queue.o
    0x08006c24   0x08006c24   0x0000004c   Code   RO         4651    i.vTaskDelay        tasks.o
    0x08006c70   0x08006c70   0x00000010   Code   RO         4656    i.vTaskInternalSetTimeOutState  tasks.o
    0x08006c80   0x08006c80   0x0000000c   Code   RO         4657    i.vTaskMissedYield  tasks.o
    0x08006c8c   0x08006c8c   0x00000030   Code   RO         4659    i.vTaskPlaceOnEventList  tasks.o
    0x08006cbc   0x08006cbc   0x00000038   Code   RO         4660    i.vTaskPlaceOnEventListRestricted  tasks.o
    0x08006cf4   0x08006cf4   0x0000007c   Code   RO         4665    i.vTaskResume       tasks.o
    0x08006d70   0x08006d70   0x00000088   Code   RO         4668    i.vTaskStartScheduler  tasks.o
    0x08006df8   0x08006df8   0x0000009c   Code   RO         4669    i.vTaskSuspend      tasks.o
    0x08006e94   0x08006e94   0x00000010   Code   RO         4670    i.vTaskSuspendAll   tasks.o
    0x08006ea4   0x08006ea4   0x00000064   Code   RO         4671    i.vTaskSwitchContext  tasks.o
    0x08006f08   0x08006f08   0x000000f4   Code   RO         5747    i.xPortStartScheduler  port.o
    0x08006ffc   0x08006ffc   0x0000002c   Code   RO         5748    i.xPortSysTickHandler  port.o
    0x08007028   0x08007028   0x00000066   Code   RO         4250    i.xQueueGenericCreateStatic  queue.o
    0x0800708e   0x0800708e   0x00000002   PAD
    0x08007090   0x08007090   0x00000088   Code   RO         4251    i.xQueueGenericReset  queue.o
    0x08007118   0x08007118   0x00000160   Code   RO         4252    i.xQueueGenericSend  queue.o
    0x08007278   0x08007278   0x000000be   Code   RO         4253    i.xQueueGenericSendFromISR  queue.o
    0x08007336   0x08007336   0x00000002   PAD
    0x08007338   0x08007338   0x00000138   Code   RO         4262    i.xQueueReceive     queue.o
    0x08007470   0x08007470   0x00000074   Code   RO         4673    i.xTaskCheckForTimeOut  tasks.o
    0x080074e4   0x080074e4   0x0000005a   Code   RO         4674    i.xTaskCreate       tasks.o
    0x0800753e   0x0800753e   0x00000056   Code   RO         4675    i.xTaskCreateStatic  tasks.o
    0x08007594   0x08007594   0x0000001c   Code   RO         4679    i.xTaskGetSchedulerState  tasks.o
    0x080075b0   0x080075b0   0x0000000c   Code   RO         4680    i.xTaskGetTickCount  tasks.o
    0x080075bc   0x080075bc   0x000000c8   Code   RO         4682    i.xTaskIncrementTick  tasks.o
    0x08007684   0x08007684   0x00000080   Code   RO         4685    i.xTaskPriorityDisinherit  tasks.o
    0x08007704   0x08007704   0x00000070   Code   RO         4687    i.xTaskRemoveFromEventList  tasks.o
    0x08007774   0x08007774   0x000000c4   Code   RO         4688    i.xTaskResumeAll    tasks.o
    0x08007838   0x08007838   0x00000060   Code   RO         5013    i.xTimerCreateTimerTask  timers.o
    0x08007898   0x08007898   0x00000068   Code   RO         5014    i.xTimerGenericCommand  timers.o
    0x08007900   0x08007900   0x00000090   Data   RO          303    .constdata          freertos.o
    0x08007990   0x08007990   0x00000010   Data   RO          783    .constdata          system_stm32f4xx.o
    0x080079a0   0x080079a0   0x00000008   Data   RO          784    .constdata          system_stm32f4xx.o
    0x080079a8   0x080079a8   0x00000818   Data   RO         1044    .constdata          oled.o
    0x080081c0   0x080081c0   0x00000008   Data   RO         2073    .constdata          stm32f4xx_hal_dma.o
    0x080081c8   0x080081c8   0x00000804   Data   RO         5949    .constdata          arm_cortexM4lf_math.lib(arm_common_tables.o)
    0x080089cc   0x080089cc   0x00000016   Data   RO          304    .conststring        freertos.o
    0x080089e2   0x080089e2   0x00000002   PAD
    0x080089e4   0x080089e4   0x00000020   Data   RO         6388    Region$$Table       anon$$obj.o


    Execution Region RW_IRAM2 (Exec base: 0x10000000, Load base: 0x08008a54, Size: 0x00000000, Max: 0x00010000, ABSOLUTE)

    **** No section assigned to this execution region ****


    Execution Region RW_IRAM1 (Exec base: 0x20000000, Load base: 0x08008a04, Size: 0x000056a0, Max: 0x00020000, ABSOLUTE, COMPRESSED[0x00000050])

    Exec Addr    Load Addr    Size         Type   Attr      Idx    E Section Name        Object

    0x20000000   COMPRESSED   0x00000004   Data   RW           19    .data               main.o
    0x20000004   COMPRESSED   0x00000004   Data   RW           20    .data               main.o
    0x20000008   COMPRESSED   0x0000002c   Data   RW          305    .data               freertos.o
    0x20000034   COMPRESSED   0x00000004   Data   RW          369    .data               can.o
    0x20000038   COMPRESSED   0x00000004   Data   RW          785    .data               system_stm32f4xx.o
    0x2000003c   COMPRESSED   0x00000020   Data   RW          825    .data               all.o
    0x2000005c   COMPRESSED   0x00000023   Data   RW          893    .data               jg.o
    0x2000007f   COMPRESSED   0x00000001   PAD
    0x20000080   COMPRESSED   0x00000018   Data   RW          979    .data               mortor.o
    0x20000098   COMPRESSED   0x00000001   Data   RW         1193    .data               sbus.o
    0x20000099   COMPRESSED   0x00000003   PAD
    0x2000009c   COMPRESSED   0x00000048   Data   RW         1270    .data               control.o
    0x200000e4   COMPRESSED   0x00000002   Data   RW         1316    .data               pid.o
    0x200000e6   COMPRESSED   0x00000002   PAD
    0x200000e8   COMPRESSED   0x0000000c   Data   RW         2500    .data               stm32f4xx_hal.o
    0x200000f4   COMPRESSED   0x0000003c   Data   RW         4691    .data               tasks.o
    0x20000130   COMPRESSED   0x00000014   Data   RW         5022    .data               timers.o
    0x20000144   COMPRESSED   0x00000004   Data   RW         5247    .data               cmsis_os2.o
    0x20000148   COMPRESSED   0x00000020   Data   RW         5693    .data               heap_4.o
    0x20000168   COMPRESSED   0x0000000c   Data   RW         5749    .data               port.o
    0x20000174   COMPRESSED   0x00000004   Data   RW         6353    .data               mc_w.l(stdout.o)
    0x20000178        -       0x00000014   Zero   RW           17    .bss                main.o
    0x2000018c        -       0x00000078   Zero   RW           18    .bss                main.o
    0x20000204        -       0x00000050   Zero   RW          368    .bss                can.o
    0x20000254        -       0x00000048   Zero   RW          455    .bss                tim.o
    0x2000029c        -       0x000002d4   Zero   RW          505    .bss                usart.o
    0x20000570        -       0x00000048   Zero   RW          745    .bss                stm32f4xx_hal_timebase_tim.o
    0x200005b8        -       0x0000030c   Zero   RW          821    .bss                all.o
    0x200008c4        -       0x0000000b   Zero   RW          890    .bss                jg.o
    0x200008cf   COMPRESSED   0x00000001   PAD
    0x200008d0        -       0x00000050   Zero   RW          941    .bss                launch.o
    0x20000920        -       0x00000020   Zero   RW          978    .bss                mortor.o
    0x20000940        -       0x0000003a   Zero   RW         1192    .bss                sbus.o
    0x2000097a   COMPRESSED   0x00000002   PAD
    0x2000097c        -       0x0000004c   Zero   RW         1233    .bss                action.o
    0x200009c8        -       0x00000040   Zero   RW         4266    .bss                queue.o
    0x20000a08        -       0x000004c4   Zero   RW         4690    .bss                tasks.o
    0x20000ecc        -       0x00000118   Zero   RW         5021    .bss                timers.o
    0x20000fe4        -       0x000006b8   Zero   RW         5246    .bss                cmsis_os2.o
    0x2000169c        -       0x00003c00   Zero   RW         5692    .bss                heap_4.o
    0x2000529c   COMPRESSED   0x00000004   PAD
    0x200052a0        -       0x00000400   Zero   RW            1    STACK               startup_stm32f407xx.o


==============================================================================

Image component sizes


      Code (inc. data)   RO Data    RW Data    ZI Data      Debug   Object Name

       220         16          0          0         76       2277   action.o
      2516        664          0         32        780       3647   all.o
       594         48          0          4         80       4657   can.o
       326         22          0          4       1720      64947   cmsis_os2.o
       424         36          0         72          0       1999   control.o
       108          4          0          0          0        802   dma.o
         0          0          0          0          0      19416   event_groups.o
      2348        670        166         44          0       4476   freertos.o
       304         20          0          0          0       3901   gpio.o
       472         24          0         32      15360       4827   heap_4.o
       536        158          0         35         11       2045   jg.o
       460         20          0          0         80       2427   launch.o
       138          0          0          0          0       3510   list.o
       464         58          0          8        140     718374   main.o
       360         24          0         24         32       2871   mortor.o
       844         28       2072          0          0       7999   oled.o
       760         18          0          2          0       2920   pid.o
       786         82          0         12          0      11433   port.o
      1514         20          0          0         64      17324   queue.o
       400         14          0          1         58       2304   sbus.o
        36          8        392          0       1024        828   startup_stm32f407xx.o
       116         18          0         12          0       8666   stm32f4xx_hal.o
      1702          6          0          0          0      14885   stm32f4xx_hal_can.o
       158         14          0          0          0      33126   stm32f4xx_hal_cortex.o
      1084         16          8          0          0       7294   stm32f4xx_hal_dma.o
       506         46          0          0          0       2176   stm32f4xx_hal_gpio.o
        56          4          0          0          0        826   stm32f4xx_hal_msp.o
      1408         82          0          0          0       5857   stm32f4xx_hal_rcc.o
      1110         72          0          0          0      10089   stm32f4xx_hal_tim.o
         4          0          0          0          0       1585   stm32f4xx_hal_tim_ex.o
       116         18          0          0         72       1375   stm32f4xx_hal_timebase_tim.o
      1726         30          0          0          0      12950   stm32f4xx_hal_uart.o
       236         92          0          0          0       8410   stm32f4xx_it.o
         0          0          0          0          0        392   stream_buffer.o
        16          4         24          4          0       1083   system_stm32f4xx.o
      2416        198          0         60       1220      29313   tasks.o
       136         18          0          0         72       1554   tim.o
       972         80          0         20        280      32023   timers.o
      1020        108          0          0        724       5382   usart.o

    ----------------------------------------------------------------------
     26448       2740       2696        372      21800    1059970   Object Totals
         0          0         32          0          0          0   (incl. Generated)
        56          0          2          6          7          0   (incl. Padding)

    ----------------------------------------------------------------------

      Code (inc. data)   RO Data    RW Data    ZI Data      Debug   Library Member Name

         0          0       2052          0          0       4704   arm_common_tables.o
       120         12          0          0          0      17170   arm_cos_f32.o
       148         18          0          0          0        814   arm_sin_f32.o
        86          0          0          0          0          0   __dczerorl2.o
         0          0          0          0          0          0   entry.o
         0          0          0          0          0          0   entry10a.o
         0          0          0          0          0          0   entry11a.o
         4          0          0          0          0          0   entry12b.o
         8          4          0          0          0          0   entry2.o
         4          0          0          0          0          0   entry5.o
         0          0          0          0          0          0   entry7b.o
         0          0          0          0          0          0   entry8b.o
         8          4          0          0          0          0   entry9a.o
        30          0          0          0          0          0   handlers.o
        36          8          0          0          0         68   init.o
         0          0          0          0          0          0   iusefp.o
        30          0          0          0          0         68   llshl.o
        36          0          0          0          0         68   llsshr.o
        32          0          0          0          0         68   llushr.o
        36          0          0          0          0         68   memcpya.o
        36          0          0          0          0        108   memseta.o
      2268         96          0          0          0        616   printfa.o
         0          0          0          4          0          0   stdout.o
        44          0          0          0          0         80   uidiv.o
        98          0          0          0          0         92   uldiv.o
        48          0          0          0          0         68   cdrcmple.o
       334          0          0          0          0        148   dadd.o
       222          0          0          0          0        100   ddiv.o
       186          0          0          0          0        176   depilogue.o
        48          0          0          0          0         68   dfixul.o
       228          0          0          0          0         96   dmul.o
        38          0          0          0          0         68   f2d.o

    ----------------------------------------------------------------------
      4136        142       2052          4          0      24648   Library Totals
         8          0          0          0          0          0   (incl. Padding)

    ----------------------------------------------------------------------

      Code (inc. data)   RO Data    RW Data    ZI Data      Debug   Library Name

       268         30       2052          0          0      22688   arm_cortexM4lf_math.lib
      2756        112          0          4          0       1236   mc_w.l
      1104          0          0          0          0        724   mf_w.l

    ----------------------------------------------------------------------
      4136        142       2052          4          0      24648   Library Totals

    ----------------------------------------------------------------------

==============================================================================


      Code (inc. data)   RO Data    RW Data    ZI Data      Debug   

     30584       2882       4748        376      21800    1062314   Grand Totals
     30584       2882       4748         80      21800    1062314   ELF Image Totals (compressed)
     30584       2882       4748         80          0          0   ROM Totals

==============================================================================

    Total RO  Size (Code + RO Data)                35332 (  34.50kB)
    Total RW  Size (RW Data + ZI Data)             22176 (  21.66kB)
    Total ROM Size (Code + RO Data + RW Data)      35412 (  34.58kB)

==============================================================================

