Component: ARM Compiler 5.06 update 7 (build 960) Tool: armlink [4d3601]

==============================================================================

Section Cross References

    startup_stm32f407xx.o(RESET) refers to startup_stm32f407xx.o(STACK) for __initial_sp
    startup_stm32f407xx.o(RESET) refers to startup_stm32f407xx.o(.text) for Reset_Handler
    startup_stm32f407xx.o(RESET) refers to stm32f4xx_it.o(i.NMI_Handler) for NMI_Handler
    startup_stm32f407xx.o(RESET) refers to stm32f4xx_it.o(i.HardFault_Handler) for HardFault_Handler
    startup_stm32f407xx.o(RESET) refers to stm32f4xx_it.o(i.MemManage_Handler) for MemManage_Handler
    startup_stm32f407xx.o(RESET) refers to stm32f4xx_it.o(i.BusFault_Handler) for BusFault_Handler
    startup_stm32f407xx.o(RESET) refers to stm32f4xx_it.o(i.UsageFault_Handler) for UsageFault_Handler
    startup_stm32f407xx.o(RESET) refers to stm32f4xx_it.o(i.SVC_Handler) for SVC_Handler
    startup_stm32f407xx.o(RESET) refers to stm32f4xx_it.o(i.DebugMon_Handler) for DebugMon_Handler
    startup_stm32f407xx.o(RESET) refers to stm32f4xx_it.o(i.PendSV_Handler) for PendSV_Handler
    startup_stm32f407xx.o(RESET) refers to stm32f4xx_it.o(i.SysTick_Handler) for SysTick_Handler
    startup_stm32f407xx.o(RESET) refers to stm32f4xx_it.o(i.DMA1_Stream1_IRQHandler) for DMA1_Stream1_IRQHandler
    startup_stm32f407xx.o(RESET) refers to stm32f4xx_it.o(i.DMA1_Stream2_IRQHandler) for DMA1_Stream2_IRQHandler
    startup_stm32f407xx.o(RESET) refers to stm32f4xx_it.o(i.DMA1_Stream3_IRQHandler) for DMA1_Stream3_IRQHandler
    startup_stm32f407xx.o(RESET) refers to stm32f4xx_it.o(i.DMA1_Stream4_IRQHandler) for DMA1_Stream4_IRQHandler
    startup_stm32f407xx.o(RESET) refers to stm32f4xx_it.o(i.TIM1_BRK_TIM9_IRQHandler) for TIM1_BRK_TIM9_IRQHandler
    startup_stm32f407xx.o(RESET) refers to stm32f4xx_it.o(i.USART3_IRQHandler) for USART3_IRQHandler
    startup_stm32f407xx.o(RESET) refers to stm32f4xx_it.o(i.UART4_IRQHandler) for UART4_IRQHandler
    startup_stm32f407xx.o(RESET) refers to stm32f4xx_it.o(i.UART5_IRQHandler) for UART5_IRQHandler
    startup_stm32f407xx.o(RESET) refers to stm32f4xx_it.o(i.DMA2_Stream7_IRQHandler) for DMA2_Stream7_IRQHandler
    startup_stm32f407xx.o(RESET) refers to stm32f4xx_it.o(i.USART6_IRQHandler) for USART6_IRQHandler
    startup_stm32f407xx.o(.text) refers to system_stm32f4xx.o(i.SystemInit) for SystemInit
    startup_stm32f407xx.o(.text) refers to entry.o(.ARM.Collect$$$$00000000) for __main
    main.o(i.SystemClock_Config) refers to memseta.o(.text) for __aeabi_memclr4
    main.o(i.SystemClock_Config) refers to stm32f4xx_hal_rcc.o(i.HAL_RCC_OscConfig) for HAL_RCC_OscConfig
    main.o(i.SystemClock_Config) refers to stm32f4xx_hal_rcc.o(i.HAL_RCC_ClockConfig) for HAL_RCC_ClockConfig
    main.o(i.main) refers to stm32f4xx_hal.o(i.HAL_Init) for HAL_Init
    main.o(i.main) refers to main.o(i.SystemClock_Config) for SystemClock_Config
    main.o(i.main) refers to gpio.o(i.MX_GPIO_Init) for MX_GPIO_Init
    main.o(i.main) refers to dma.o(i.MX_DMA_Init) for MX_DMA_Init
    main.o(i.main) refers to usart.o(i.MX_USART1_UART_Init) for MX_USART1_UART_Init
    main.o(i.main) refers to usart.o(i.MX_UART4_Init) for MX_UART4_Init
    main.o(i.main) refers to tim.o(i.MX_TIM1_Init) for MX_TIM1_Init
    main.o(i.main) refers to tim.o(i.MX_TIM2_Init) for MX_TIM2_Init
    main.o(i.main) refers to tim.o(i.MX_TIM3_Init) for MX_TIM3_Init
    main.o(i.main) refers to tim.o(i.MX_TIM4_Init) for MX_TIM4_Init
    main.o(i.main) refers to tim.o(i.MX_TIM5_Init) for MX_TIM5_Init
    main.o(i.main) refers to tim.o(i.MX_TIM9_Init) for MX_TIM9_Init
    main.o(i.main) refers to usart.o(i.MX_USART3_UART_Init) for MX_USART3_UART_Init
    main.o(i.main) refers to usart.o(i.MX_USART6_UART_Init) for MX_USART6_UART_Init
    main.o(i.main) refers to usart.o(i.MX_UART5_Init) for MX_UART5_Init
    main.o(i.main) refers to blue.o(i.Blue_USART3_Init) for Blue_USART3_Init
    main.o(i.main) refers to k210.o(i.K210_USART6_Init) for K210_USART6_Init
    main.o(i.main) refers to motor.o(i.Motor_Init) for Motor_Init
    main.o(i.main) refers to key.o(i.KEY3_Proc) for KEY3_Proc
    main.o(i.main) refers to key.o(i.KEY4_Proc) for KEY4_Proc
    main.o(i.main) refers to key.o(i.KEY2_Proc) for KEY2_Proc
    main.o(i.main) refers to all.o(i.All_Init) for All_Init
    main.o(i.main) refers to stm32f4xx_hal_tim.o(i.HAL_TIM_Base_Start_IT) for HAL_TIM_Base_Start_IT
    main.o(i.main) refers to key.o(.data) for start_flag
    main.o(i.main) refers to all.o(.data) for speedExp
    main.o(i.main) refers to all.o(.bss) for k210
    main.o(i.main) refers to tim.o(.bss) for htim9
    gpio.o(i.MX_GPIO_Init) refers to memseta.o(.text) for __aeabi_memclr4
    gpio.o(i.MX_GPIO_Init) refers to stm32f4xx_hal_gpio.o(i.HAL_GPIO_WritePin) for HAL_GPIO_WritePin
    gpio.o(i.MX_GPIO_Init) refers to stm32f4xx_hal_gpio.o(i.HAL_GPIO_Init) for HAL_GPIO_Init
[...]
    Removing stm32f4xx_hal_uart.o(i.HAL_UART_Transmit), (178 bytes).
    Removing stm32f4xx_hal_uart.o(i.HAL_UART_Transmit_IT), (62 bytes).
    Removing stm32f4xx_hal_uart.o(i.UART_DMARxAbortCallback), (44 bytes).
    Removing stm32f4xx_hal_uart.o(i.UART_DMARxOnlyAbortCallback), (22 bytes).
    Removing stm32f4xx_hal_uart.o(i.UART_DMATxAbortCallback), (44 bytes).
    Removing stm32f4xx_hal_uart.o(i.UART_DMATxOnlyAbortCallback), (20 bytes).
    Removing stm32f4xx_hal_uart.o(i.UART_WaitOnFlagUntilTimeout), (120 bytes).
    Removing system_stm32f4xx.o(.rev16_text), (4 bytes).
    Removing system_stm32f4xx.o(.revsh_text), (4 bytes).
    Removing system_stm32f4xx.o(.rrx_text), (6 bytes).
    Removing system_stm32f4xx.o(i.SystemCoreClockUpdate), (120 bytes).
    Removing jy61.o(.rev16_text), (4 bytes).
    Removing jy61.o(.revsh_text), (4 bytes).
    Removing jy61.o(.rrx_text), (6 bytes).
    Removing jy61.o(i.jy61_USART4_Init), (80 bytes).
    Removing motor.o(.rev16_text), (4 bytes).
    Removing motor.o(.revsh_text), (4 bytes).
    Removing motor.o(.rrx_text), (6 bytes).
    Removing blue.o(.rev16_text), (4 bytes).
    Removing blue.o(.revsh_text), (4 bytes).
    Removing blue.o(.rrx_text), (6 bytes).
    Removing pid.o(.rev16_text), (4 bytes).
    Removing pid.o(.revsh_text), (4 bytes).
    Removing pid.o(.rrx_text), (6 bytes).
    Removing pid.o(i.PID_Reset), (64 bytes).
    Removing pid.o(i.PID_Update_Inc), (144 bytes).
    Removing pid.o(i.PID_Update_Inc_Angle), (144 bytes).
    Removing pid.o(i.PID_Update_Pos_angle), (300 bytes).
    Removing all.o(.rev16_text), (4 bytes).
    Removing all.o(.revsh_text), (4 bytes).
    Removing all.o(.rrx_text), (6 bytes).
    Removing all.o(i.First_kalman), (36 bytes).
    Removing all.o(i.UART_Send_Data), (34 bytes).
    Removing all.o(i.vofa_send_float), (40 bytes).
    Removing all.o(.data), (4 bytes).
    Removing all.o(.data), (4 bytes).
    Removing all.o(.data), (4 bytes).
    Removing all.o(.data), (4 bytes).
    Removing all.o(.data), (4 bytes).
    Removing all.o(.data), (4 bytes).
    Removing k210.o(.rev16_text), (4 bytes).
    Removing k210.o(.revsh_text), (4 bytes).
    Removing k210.o(.rrx_text), (6 bytes).
    Removing key.o(.rev16_text), (4 bytes).
    Removing key.o(.revsh_text), (4 bytes).
    Removing key.o(.rrx_text), (6 bytes).
    Removing dadd.o(.text), (334 bytes).
    Removing dmul.o(.text), (228 bytes).
    Removing ddiv.o(.text), (222 bytes).
    Removing dfixul.o(.text), (48 bytes).
    Removing cdrcmple.o(.text), (48 bytes).
    Removing depilogue.o(.text), (186 bytes).

412 unused section(s) (total 29684 bytes) removed from the image.

==============================================================================

Image Symbol Table

    Local Symbols

    Symbol Name                              Value     Ov Type        Size  Object(Section)

    ../Drivers/STM32F4xx_HAL_Driver/Src/stm32f4xx_hal.c 0x00000000   Number         0  stm32f4xx_hal.o ABSOLUTE
    ../Drivers/STM32F4xx_HAL_Driver/Src/stm32f4xx_hal_cortex.c 0x00000000   Number         0  stm32f4xx_hal_cortex.o ABSOLUTE
    ../Drivers/STM32F4xx_HAL_Driver/Src/stm32f4xx_hal_dma.c 0x00000000   Number         0  stm32f4xx_hal_dma.o ABSOLUTE
    ../Drivers/STM32F4xx_HAL_Driver/Src/stm32f4xx_hal_dma_ex.c 0x00000000   Number         0  stm32f4xx_hal_dma_ex.o ABSOLUTE
    ../Drivers/STM32F4xx_HAL_Driver/Src/stm32f4xx_hal_exti.c 0x00000000   Number         0  stm32f4xx_hal_exti.o ABSOLUTE
    ../Drivers/STM32F4xx_HAL_Driver/Src/stm32f4xx_hal_flash.c 0x00000000   Number         0  stm32f4xx_hal_flash.o ABSOLUTE
    ../Drivers/STM32F4xx_HAL_Driver/Src/stm32f4xx_hal_flash_ex.c 0x00000000   Number         0  stm32f4xx_hal_flash_ex.o ABSOLUTE
    ../Drivers/STM32F4xx_HAL_Driver/Src/stm32f4xx_hal_flash_ramfunc.c 0x00000000   Number         0  stm32f4xx_hal_flash_ramfunc.o ABSOLUTE
    ../Drivers/STM32F4xx_HAL_Driver/Src/stm32f4xx_hal_gpio.c 0x00000000   Number         0  stm32f4xx_hal_gpio.o ABSOLUTE
    ../Drivers/STM32F4xx_HAL_Driver/Src/stm32f4xx_hal_pwr.c 0x00000000   Number         0  stm32f4xx_hal_pwr.o ABSOLUTE
    ../Drivers/STM32F4xx_HAL_Driver/Src/stm32f4xx_hal_pwr_ex.c 0x00000000   Number         0  stm32f4xx_hal_pwr_ex.o ABSOLUTE
    ../Drivers/STM32F4xx_HAL_Driver/Src/stm32f4xx_hal_rcc.c 0x00000000   Number         0  stm32f4xx_hal_rcc.o ABSOLUTE
    ../Drivers/STM32F4xx_HAL_Driver/Src/stm32f4xx_hal_rcc_ex.c 0x00000000   Number         0  stm32f4xx_hal_rcc_ex.o ABSOLUTE
    ../Drivers/STM32F4xx_HAL_Driver/Src/stm32f4xx_hal_tim.c 0x00000000   Number         0  stm32f4xx_hal_tim.o ABSOLUTE
    ../Drivers/STM32F4xx_HAL_Driver/Src/stm32f4xx_hal_tim_ex.c 0x00000000   Number         0  stm32f4xx_hal_tim_ex.o ABSOLUTE
    ../Drivers/STM32F4xx_HAL_Driver/Src/stm32f4xx_hal_uart.c 0x00000000   Number         0  stm32f4xx_hal_uart.o ABSOLUTE
    ../Src/dma.c                             0x00000000   Number         0  dma.o ABSOLUTE
    ../Src/gpio.c                            0x00000000   Number         0  gpio.o ABSOLUTE
    ../Src/main.c                            0x00000000   Number         0  main.o ABSOLUTE
    ../Src/stm32f4xx_hal_msp.c               0x00000000   Number         0  stm32f4xx_hal_msp.o ABSOLUTE
    ../Src/stm32f4xx_it.c                    0x00000000   Number         0  stm32f4xx_it.o ABSOLUTE
    ../Src/system_stm32f4xx.c                0x00000000   Number         0  system_stm32f4xx.o ABSOLUTE
    ../Src/tim.c                             0x00000000   Number         0  tim.o ABSOLUTE
    ../Src/usart.c                           0x00000000   Number         0  usart.o ABSOLUTE
    ../clib/microlib/division.c              0x00000000   Number         0  uidiv.o ABSOLUTE
    ../clib/microlib/division.c              0x00000000   Number         0  uldiv.o ABSOLUTE
    ../clib/microlib/init/entry.s            0x00000000   Number         0  entry9a.o ABSOLUTE
    ../clib/microlib/init/entry.s            0x00000000   Number         0  entry11b.o ABSOLUTE
    ../clib/microlib/init/entry.s            0x00000000   Number         0  entry11a.o ABSOLUTE
    ../clib/microlib/init/entry.s            0x00000000   Number         0  entry12a.o ABSOLUTE
    ../clib/microlib/init/entry.s            0x00000000   Number         0  entry10a.o ABSOLUTE
    ../clib/microlib/init/entry.s            0x00000000   Number         0  entry8b.o ABSOLUTE
    ../clib/microlib/init/entry.s            0x00000000   Number         0  entry8a.o ABSOLUTE
    ../clib/microlib/init/entry.s            0x00000000   Number         0  entry9b.o ABSOLUTE
    ../clib/microlib/init/entry.s            0x00000000   Number         0  entry10b.o ABSOLUTE
    ../clib/microlib/init/entry.s            0x00000000   Number         0  entry7b.o ABSOLUTE
    ../clib/microlib/init/entry.s            0x00000000   Number         0  entry7a.o ABSOLUTE
    ../clib/microlib/init/entry.s            0x00000000   Number         0  entry12b.o ABSOLUTE
    ../clib/microlib/init/entry.s            0x00000000   Number         0  entry5.o ABSOLUTE
    ../clib/microlib/init/entry.s            0x00000000   Number         0  entry.o ABSOLUTE
    ../clib/microlib/init/entry.s            0x00000000   Number         0  entry2.o ABSOLUTE
    ../clib/microlib/longlong.c              0x00000000   Number         0  llsshr.o ABSOLUTE
    ../clib/microlib/longlong.c              0x00000000   Number         0  llshl.o ABSOLUTE
    ../clib/microlib/longlong.c              0x00000000   Number         0  llushr.o ABSOLUTE
    ../clib/microlib/printf/printf.c         0x00000000   Number         0  printf5.o ABSOLUTE
    ../clib/microlib/printf/printf.c         0x00000000   Number         0  printf0.o ABSOLUTE
    ../clib/microlib/printf/printf.c         0x00000000   Number         0  printf6.o ABSOLUTE
    ../clib/microlib/printf/printf.c         0x00000000   Number         0  printf1.o ABSOLUTE
    ../clib/microlib/printf/printf.c         0x00000000   Number         0  printf2.o ABSOLUTE
    ../clib/microlib/printf/printf.c         0x00000000   Number         0  printf7.o ABSOLUTE
    ../clib/microlib/printf/printf.c         0x00000000   Number         0  printfb.o ABSOLUTE
    ../clib/microlib/printf/printf.c         0x00000000   Number         0  printf3.o ABSOLUTE
    ../clib/microlib/printf/printf.c         0x00000000   Number         0  printf4.o ABSOLUTE
    ../clib/microlib/printf/printf.c         0x00000000   Number         0  printfa.o ABSOLUTE
    ../clib/microlib/printf/printf.c         0x00000000   Number         0  printf8.o ABSOLUTE
    ../clib/microlib/stdio/streams.c         0x00000000   Number         0  stdout.o ABSOLUTE
    ../clib/microlib/string/memcpy.c         0x00000000   Number         0  memcpyb.o ABSOLUTE
    ../clib/microlib/string/memcpy.c         0x00000000   Number         0  memcpya.o ABSOLUTE
    ../clib/microlib/string/memset.c         0x00000000   Number         0  memseta.o ABSOLUTE
    ../clib/microlib/stubs.s                 0x00000000   Number         0  iusefp.o ABSOLUTE
    ../fplib/microlib/fpadd.c                0x00000000   Number         0  dadd.o ABSOLUTE
    ../fplib/microlib/fpdiv.c                0x00000000   Number         0  ddiv.o ABSOLUTE
    ../fplib/microlib/fpepilogue.c           0x00000000   Number         0  depilogue.o ABSOLUTE
    ../fplib/microlib/fpfix.c                0x00000000   Number         0  dfixul.o ABSOLUTE
    ../fplib/microlib/fpmul.c                0x00000000   Number         0  dmul.o ABSOLUTE
    ..\Drivers\STM32F4xx_HAL_Driver\Src\stm32f4xx_hal.c 0x00000000   Number         0  stm32f4xx_hal.o ABSOLUTE
    ..\Drivers\STM32F4xx_HAL_Driver\Src\stm32f4xx_hal_cortex.c 0x00000000   Number         0  stm32f4xx_hal_cortex.o ABSOLUTE
    ..\Drivers\STM32F4xx_HAL_Driver\Src\stm32f4xx_hal_dma.c 0x00000000   Number         0  stm32f4xx_hal_dma.o ABSOLUTE
    ..\Drivers\STM32F4xx_HAL_Driver\Src\stm32f4xx_hal_dma_ex.c 0x00000000   Number         0  stm32f4xx_hal_dma_ex.o ABSOLUTE
    ..\Drivers\STM32F4xx_HAL_Driver\Src\stm32f4xx_hal_exti.c 0x00000000   Number         0  stm32f4xx_hal_exti.o ABSOLUTE
    ..\Drivers\STM32F4xx_HAL_Driver\Src\stm32f4xx_hal_flash.c 0x00000000   Number         0  stm32f4xx_hal_flash.o ABSOLUTE
    ..\Drivers\STM32F4xx_HAL_Driver\Src\stm32f4xx_hal_flash_ex.c 0x00000000   Number         0  stm32f4xx_hal_flash_ex.o ABSOLUTE
    ..\Drivers\STM32F4xx_HAL_Driver\Src\stm32f4xx_hal_flash_ramfunc.c 0x00000000   Number         0  stm32f4xx_hal_flash_ramfunc.o ABSOLUTE
    ..\Drivers\STM32F4xx_HAL_Driver\Src\stm32f4xx_hal_gpio.c 0x00000000   Number         0  stm32f4xx_hal_gpio.o ABSOLUTE
    ..\Drivers\STM32F4xx_HAL_Driver\Src\stm32f4xx_hal_pwr.c 0x00000000   Number         0  stm32f4xx_hal_pwr.o ABSOLUTE
    ..\Drivers\STM32F4xx_HAL_Driver\Src\stm32f4xx_hal_pwr_ex.c 0x00000000   Number         0  stm32f4xx_hal_pwr_ex.o ABSOLUTE
    ..\Drivers\STM32F4xx_HAL_Driver\Src\stm32f4xx_hal_rcc.c 0x00000000   Number         0  stm32f4xx_hal_rcc.o ABSOLUTE
    ..\Drivers\STM32F4xx_HAL_Driver\Src\stm32f4xx_hal_rcc_ex.c 0x00000000   Number         0  stm32f4xx_hal_rcc_ex.o ABSOLUTE
    ..\Drivers\STM32F4xx_HAL_Driver\Src\stm32f4xx_hal_tim.c 0x00000000   Number         0  stm32f4xx_hal_tim.o ABSOLUTE
    ..\Drivers\STM32F4xx_HAL_Driver\Src\stm32f4xx_hal_tim_ex.c 0x00000000   Number         0  stm32f4xx_hal_tim_ex.o ABSOLUTE
    ..\Drivers\STM32F4xx_HAL_Driver\Src\stm32f4xx_hal_uart.c 0x00000000   Number         0  stm32f4xx_hal_uart.o ABSOLUTE
    ..\MINE\all.c                            0x00000000   Number         0  all.o ABSOLUTE
    ..\MINE\blue.c                           0x00000000   Number         0  blue.o ABSOLUTE
    ..\MINE\jy61.c                           0x00000000   Number         0  jy61.o ABSOLUTE
    ..\MINE\k210.c                           0x00000000   Number         0  k210.o ABSOLUTE
    ..\MINE\key.c                            0x00000000   Number         0  key.o ABSOLUTE
    ..\MINE\motor.c                          0x00000000   Number         0  motor.o ABSOLUTE
    ..\MINE\pid.c                            0x00000000   Number         0  pid.o ABSOLUTE
    ..\Src\dma.c                             0x00000000   Number         0  dma.o ABSOLUTE
    ..\Src\gpio.c                            0x00000000   Number         0  gpio.o ABSOLUTE
    ..\Src\main.c                            0x00000000   Number         0  main.o ABSOLUTE
    ..\Src\stm32f4xx_hal_msp.c               0x00000000   Number         0  stm32f4xx_hal_msp.o ABSOLUTE
    ..\Src\stm32f4xx_it.c                    0x00000000   Number         0  stm32f4xx_it.o ABSOLUTE
    ..\Src\system_stm32f4xx.c                0x00000000   Number         0  system_stm32f4xx.o ABSOLUTE
    ..\Src\tim.c                             0x00000000   Number         0  tim.o ABSOLUTE
    ..\Src\usart.c                           0x00000000   Number         0  usart.o ABSOLUTE
    ..\\MINE\\all.c                          0x00000000   Number         0  all.o ABSOLUTE
    ..\\MINE\\blue.c                         0x00000000   Number         0  blue.o ABSOLUTE
    ..\\MINE\\jy61.c                         0x00000000   Number         0  jy61.o ABSOLUTE
    ..\\MINE\\k210.c                         0x00000000   Number         0  k210.o ABSOLUTE
    ..\\MINE\\key.c                          0x00000000   Number         0  key.o ABSOLUTE
    ..\\MINE\\motor.c                        0x00000000   Number         0  motor.o ABSOLUTE
    ..\\MINE\\pid.c                          0x00000000   Number         0  pid.o ABSOLUTE
    cdrcmple.s                               0x00000000   Number         0  cdrcmple.o ABSOLUTE
    dc.s                                     0x00000000   Number         0  dc.o ABSOLUTE
    handlers.s                               0x00000000   Number         0  handlers.o ABSOLUTE
    init.s                                   0x00000000   Number         0  init.o ABSOLUTE
    startup_stm32f407xx.s                    0x00000000   Number         0  startup_stm32f407xx.o ABSOLUTE
    RESET                                    0x08000000   Section      392  startup_stm32f407xx.o(RESET)
    .ARM.Collect$$$$00000000                 0x08000188   Section        0  entry.o(.ARM.Collect$$$$00000000)
    .ARM.Collect$$$$00000001                 0x08000188   Section        4  entry2.o(.ARM.Collect$$$$00000001)
    .ARM.Collect$$$$00000004                 0x0800018c   Section        4  entry5.o(.ARM.Collect$$$$00000004)
    .ARM.Collect$$$$00000008                 0x08000190   Section        0  entry7b.o(.ARM.Collect$$$$00000008)
    .ARM.Collect$$$$0000000A                 0x08000190   Section        0  entry8b.o(.ARM.Collect$$$$0000000A)
    .ARM.Collect$$$$0000000B                 0x08000190   Section        8  entry9a.o(.ARM.Collect$$$$0000000B)
    .ARM.Collect$$$$0000000E                 0x08000198   Section        4  entry12b.o(.ARM.Collect$$$$0000000E)
    .ARM.Collect$$$$0000000F                 0x0800019c   Section        0  entry10a.o(.ARM.Collect$$$$0000000F)
    .ARM.Collect$$$$00000011                 0x0800019c   Section        0  entry11a.o(.ARM.Collect$$$$00000011)
    .ARM.Collect$$$$00002712                 0x0800019c   Section        4  entry2.o(.ARM.Collect$$$$00002712)
    __lit__00000000                          0x0800019c   Data           4  entry2.o(.ARM.Collect$$$$00002712)
    .text                                    0x080001a0   Section       36  startup_stm32f407xx.o(.text)
    $v0                                      0x080001a0   Number         0  startup_stm32f407xx.o(.text)
    .text                                    0x080001c4   Section        0  uldiv.o(.text)
    .text                                    0x08000226   Section        0  memcpya.o(.text)
    .text                                    0x0800024a   Section        0  memseta.o(.text)
    .text                                    0x0800026e   Section        0  llshl.o(.text)
    .text                                    0x0800028c   Section        0  llushr.o(.text)
    .text                                    0x080002ac   Section       36  init.o(.text)
    i.All_Init                               0x080002d0   Section        0  all.o(i.All_Init)
    i.Blue_USART3_Init                       0x08000368   Section        0  blue.o(i.Blue_USART3_Init)
    i.BusFault_Handler                       0x08000388   Section        0  stm32f4xx_it.o(i.BusFault_Handler)
    i.DMA1_Stream1_IRQHandler                0x0800038c   Section        0  stm32f4xx_it.o(i.DMA1_Stream1_IRQHandler)
    i.DMA1_Stream2_IRQHandler                0x08000398   Section        0  stm32f4xx_it.o(i.DMA1_Stream2_IRQHandler)
    i.DMA1_Stream3_IRQHandler                0x080003a4   Section        0  stm32f4xx_it.o(i.DMA1_Stream3_IRQHandler)
    i.DMA1_Stream4_IRQHandler                0x080003b0   Section        0  stm32f4xx_it.o(i.DMA1_Stream4_IRQHandler)
    i.DMA2_Stream7_IRQHandler                0x080003bc   Section        0  stm32f4xx_it.o(i.DMA2_Stream7_IRQHandler)
    i.DMA_CalcBaseAndBitshift                0x080003c8   Section        0  stm32f4xx_hal_dma.o(i.DMA_CalcBaseAndBitshift)
    DMA_CalcBaseAndBitshift                  0x080003c9   Thumb Code    34  stm32f4xx_hal_dma.o(i.DMA_CalcBaseAndBitshift)
    i.DMA_CheckFifoParam                     0x080003f0   Section        0  stm32f4xx_hal_dma.o(i.DMA_CheckFifoParam)
    DMA_CheckFifoParam                       0x080003f1   Thumb Code    84  stm32f4xx_hal_dma.o(i.DMA_CheckFifoParam)
    i.DMA_SetConfig                          0x08000444   Section        0  stm32f4xx_hal_dma.o(i.DMA_SetConfig)
    DMA_SetConfig                            0x08000445   Thumb Code    40  stm32f4xx_hal_dma.o(i.DMA_SetConfig)
    i.DebugMon_Handler                       0x0800046c   Section        0  stm32f4xx_it.o(i.DebugMon_Handler)
    i.Error_Handler                          0x0800046e   Section        0  main.o(i.Error_Handler)
    i.Get_Blue_inf                           0x08000474   Section        0  blue.o(i.Get_Blue_inf)
    i.Get_Encoder_Data                       0x080005fc   Section        0  motor.o(i.Get_Encoder_Data)
    i.Get_JY61_inf                           0x08000644   Section        0  jy61.o(i.Get_JY61_inf)
    i.HAL_DMA_Abort                          0x080008b8   Section        0  stm32f4xx_hal_dma.o(i.HAL_DMA_Abort)
    i.HAL_DMA_Abort_IT                       0x0800094a   Section        0  stm32f4xx_hal_dma.o(i.HAL_DMA_Abort_IT)
    i.HAL_DMA_IRQHandler                     0x08000970   Section        0  stm32f4xx_hal_dma.o(i.HAL_DMA_IRQHandler)
    i.HAL_DMA_Init                           0x08000b10   Section        0  stm32f4xx_hal_dma.o(i.HAL_DMA_Init)
    i.HAL_DMA_Start_IT                       0x08000be4   Section        0  stm32f4xx_hal_dma.o(i.HAL_DMA_Start_IT)
    i.HAL_Delay                              0x08000c54   Section        0  stm32f4xx_hal.o(i.HAL_Delay)
    i.HAL_GPIO_Init                          0x08000c78   Section        0  stm32f4xx_hal_gpio.o(i.HAL_GPIO_Init)
    i.HAL_GPIO_ReadPin                       0x08000e68   Section        0  stm32f4xx_hal_gpio.o(i.HAL_GPIO_ReadPin)
    i.HAL_GPIO_WritePin                      0x08000e72   Section        0  stm32f4xx_hal_gpio.o(i.HAL_GPIO_WritePin)
    i.HAL_GetTick                            0x08000e7c   Section        0  stm32f4xx_hal.o(i.HAL_GetTick)
    i.HAL_IncTick                            0x08000e88   Section        0  stm32f4xx_hal.o(i.HAL_IncTick)
    i.HAL_Init                               0x08000e98   Section        0  stm32f4xx_hal.o(i.HAL_Init)
    i.HAL_InitTick                           0x08000ecc   Section        0  stm32f4xx_hal.o(i.HAL_InitTick)
    i.HAL_MspInit                            0x08000f0c   Section        0  stm32f4xx_hal_msp.o(i.HAL_MspInit)
    i.HAL_NVIC_EnableIRQ                     0x08000f3c   Section        0  stm32f4xx_hal_cortex.o(i.HAL_NVIC_EnableIRQ)
    i.HAL_NVIC_SetPriority                   0x08000f58   Section        0  stm32f4xx_hal_cortex.o(i.HAL_NVIC_SetPriority)
    i.HAL_NVIC_SetPriorityGrouping           0x08000f98   Section        0  stm32f4xx_hal_cortex.o(i.HAL_NVIC_SetPriorityGrouping)
    i.HAL_RCC_ClockConfig                    0x08000fbc   Section        0  stm32f4xx_hal_rcc.o(i.HAL_RCC_ClockConfig)
    i.HAL_RCC_GetPCLK1Freq                   0x080010f0   Section        0  stm32f4xx_hal_rcc.o(i.HAL_RCC_GetPCLK1Freq)
    i.HAL_RCC_GetPCLK2Freq                   0x08001110   Section        0  stm32f4xx_hal_rcc.o(i.HAL_RCC_GetPCLK2Freq)
    i.HAL_RCC_GetSysClockFreq                0x08001130   Section        0  stm32f4xx_hal_rcc.o(i.HAL_RCC_GetSysClockFreq)
    i.HAL_RCC_OscConfig                      0x08001190   Section        0  stm32f4xx_hal_rcc.o(i.HAL_RCC_OscConfig)
    i.HAL_SYSTICK_Config                     0x080014fc   Section        0  stm32f4xx_hal_cortex.o(i.HAL_SYSTICK_Config)
    i.HAL_TIMEx_BreakCallback                0x08001524   Section        0  stm32f4xx_hal_tim_ex.o(i.HAL_TIMEx_BreakCallback)
    i.HAL_TIMEx_CommutCallback               0x08001526   Section        0  stm32f4xx_hal_tim_ex.o(i.HAL_TIMEx_CommutCallback)
    i.HAL_TIMEx_ConfigBreakDeadTime          0x08001528   Section        0  stm32f4xx_hal_tim_ex.o(i.HAL_TIMEx_ConfigBreakDeadTime)
    i.HAL_TIMEx_MasterConfigSynchronization  0x0800157c   Section        0  stm32f4xx_hal_tim_ex.o(i.HAL_TIMEx_MasterConfigSynchronization)
    i.HAL_TIM_Base_Init                      0x0800160c   Section        0  stm32f4xx_hal_tim.o(i.HAL_TIM_Base_Init)
    i.HAL_TIM_Base_MspInit                   0x08001668   Section        0  tim.o(i.HAL_TIM_Base_MspInit)
    i.HAL_TIM_Base_Start_IT                  0x080016bc   Section        0  stm32f4xx_hal_tim.o(i.HAL_TIM_Base_Start_IT)
    i.HAL_TIM_ConfigClockSource              0x0800173c   Section        0  stm32f4xx_hal_tim.o(i.HAL_TIM_ConfigClockSource)
    i.HAL_TIM_Encoder_Init                   0x08001818   Section        0  stm32f4xx_hal_tim.o(i.HAL_TIM_Encoder_Init)
    i.HAL_TIM_Encoder_MspInit                0x080018bc   Section        0  tim.o(i.HAL_TIM_Encoder_MspInit)
    i.HAL_TIM_Encoder_Start                  0x080019f0   Section        0  stm32f4xx_hal_tim.o(i.HAL_TIM_Encoder_Start)
    i.HAL_TIM_IC_CaptureCallback             0x08001a7e   Section        0  stm32f4xx_hal_tim.o(i.HAL_TIM_IC_CaptureCallback)
    i.HAL_TIM_IRQHandler                     0x08001a80   Section        0  stm32f4xx_hal_tim.o(i.HAL_TIM_IRQHandler)
    i.HAL_TIM_MspPostInit                    0x08001be8   Section        0  tim.o(i.HAL_TIM_MspPostInit)
    i.HAL_TIM_OC_DelayElapsedCallback        0x08001c3c   Section        0  stm32f4xx_hal_tim.o(i.HAL_TIM_OC_DelayElapsedCallback)
    i.HAL_TIM_PWM_ConfigChannel              0x08001c3e   Section        0  stm32f4xx_hal_tim.o(i.HAL_TIM_PWM_ConfigChannel)
    i.HAL_TIM_PWM_Init                       0x08001d0a   Section        0  stm32f4xx_hal_tim.o(i.HAL_TIM_PWM_Init)
    i.HAL_TIM_PWM_MspInit                    0x08001d64   Section        0  stm32f4xx_hal_tim.o(i.HAL_TIM_PWM_MspInit)
    i.HAL_TIM_PWM_PulseFinishedCallback      0x08001d66   Section        0  stm32f4xx_hal_tim.o(i.HAL_TIM_PWM_PulseFinishedCallback)
    i.HAL_TIM_PWM_Start                      0x08001d68   Section        0  stm32f4xx_hal_tim.o(i.HAL_TIM_PWM_Start)
    i.HAL_TIM_PeriodElapsedCallback          0x08001e30   Section        0  tim.o(i.HAL_TIM_PeriodElapsedCallback)
    i.HAL_TIM_TriggerCallback                0x08001e4c   Section        0  stm32f4xx_hal_tim.o(i.HAL_TIM_TriggerCallback)
    i.HAL_UARTEx_RxEventCallback             0x08001e4e   Section        0  stm32f4xx_hal_uart.o(i.HAL_UARTEx_RxEventCallback)
    i.HAL_UART_ErrorCallback                 0x08001e50   Section        0  stm32f4xx_hal_uart.o(i.HAL_UART_ErrorCallback)
    i.HAL_UART_IRQHandler                    0x08001e54   Section        0  stm32f4xx_hal_uart.o(i.HAL_UART_IRQHandler)
    i.HAL_UART_Init                          0x080020bc   Section        0  stm32f4xx_hal_uart.o(i.HAL_UART_Init)
    i.HAL_UART_MspInit                       0x08002120   Section        0  usart.o(i.HAL_UART_MspInit)
    i.HAL_UART_Receive_DMA                   0x08002448   Section        0  stm32f4xx_hal_uart.o(i.HAL_UART_Receive_DMA)
    i.HAL_UART_Receive_IT                    0x08002472   Section        0  stm32f4xx_hal_uart.o(i.HAL_UART_Receive_IT)
    i.HAL_UART_RxCpltCallback                0x0800249c   Section        0  k210.o(i.HAL_UART_RxCpltCallback)
    i.HAL_UART_RxHalfCpltCallback            0x08002570   Section        0  stm32f4xx_hal_uart.o(i.HAL_UART_RxHalfCpltCallback)
    i.HAL_UART_Transmit_DMA                  0x08002574   Section        0  stm32f4xx_hal_uart.o(i.HAL_UART_Transmit_DMA)
    i.HAL_UART_TxCpltCallback                0x08002600   Section        0  stm32f4xx_hal_uart.o(i.HAL_UART_TxCpltCallback)
    i.HAL_UART_TxHalfCpltCallback            0x08002602   Section        0  stm32f4xx_hal_uart.o(i.HAL_UART_TxHalfCpltCallback)
    i.HardFault_Handler                      0x08002604   Section        0  stm32f4xx_it.o(i.HardFault_Handler)
    i.K210_USART6_Init                       0x08002608   Section        0  k210.o(i.K210_USART6_Init)
    i.KEY2_Proc                              0x0800265c   Section        0  key.o(i.KEY2_Proc)
    i.KEY3_Proc                              0x080026a4   Section        0  key.o(i.KEY3_Proc)
    i.KEY4_Proc                              0x080026ec   Section        0  key.o(i.KEY4_Proc)
    i.KEY_Check                              0x08002734   Section        0  key.o(i.KEY_Check)
    i.KEY_Scan                               0x08002774   Section        0  key.o(i.KEY_Scan)
    i.MX_DMA_Init                            0x08002810   Section        0  dma.o(i.MX_DMA_Init)
    i.MX_GPIO_Init                           0x0800288c   Section        0  gpio.o(i.MX_GPIO_Init)
    i.MX_TIM1_Init                           0x0800298c   Section        0  tim.o(i.MX_TIM1_Init)
    i.MX_TIM2_Init                           0x08002a84   Section        0  tim.o(i.MX_TIM2_Init)
    i.MX_TIM3_Init                           0x08002aec   Section        0  tim.o(i.MX_TIM3_Init)
    i.MX_TIM4_Init                           0x08002b58   Section        0  tim.o(i.MX_TIM4_Init)
    i.MX_TIM5_Init                           0x08002bc4   Section        0  tim.o(i.MX_TIM5_Init)
    i.MX_TIM9_Init                           0x08002c2c   Section        0  tim.o(i.MX_TIM9_Init)
    i.MX_UART4_Init                          0x08002c78   Section        0  usart.o(i.MX_UART4_Init)
    i.MX_UART5_Init                          0x08002cb0   Section        0  usart.o(i.MX_UART5_Init)
    i.MX_USART1_UART_Init                    0x08002ce8   Section        0  usart.o(i.MX_USART1_UART_Init)
    i.MX_USART3_UART_Init                    0x08002d20   Section        0  usart.o(i.MX_USART3_UART_Init)
    i.MX_USART6_UART_Init                    0x08002d58   Section        0  usart.o(i.MX_USART6_UART_Init)
    i.MemManage_Handler                      0x08002d90   Section        0  stm32f4xx_it.o(i.MemManage_Handler)
    i.Motor_Init                             0x08002d94   Section        0  motor.o(i.Motor_Init)
    i.NMI_Handler                            0x08002e08   Section        0  stm32f4xx_it.o(i.NMI_Handler)
    i.PID_Init                               0x08002e0c   Section        0  pid.o(i.PID_Init)
    i.PID_Update_Pos                         0x08002e4c   Section        0  pid.o(i.PID_Update_Pos)
    i.PendSV_Handler                         0x08002f90   Section        0  stm32f4xx_it.o(i.PendSV_Handler)
    i.SVC_Handler                            0x08002f92   Section        0  stm32f4xx_it.o(i.SVC_Handler)
    i.SpeedUpdate                            0x08002f94   Section        0  all.o(i.SpeedUpdate)
    i.SysTick_Handler                        0x080030b8   Section        0  stm32f4xx_it.o(i.SysTick_Handler)
    i.SystemClock_Config                     0x080030bc   Section        0  main.o(i.SystemClock_Config)
    i.SystemInit                             0x0800314c   Section        0  system_stm32f4xx.o(i.SystemInit)
    i.TIM1_BRK_TIM9_IRQHandler               0x0800315c   Section        0  stm32f4xx_it.o(i.TIM1_BRK_TIM9_IRQHandler)
    i.TIM_Base_SetConfig                     0x08003178   Section        0  stm32f4xx_hal_tim.o(i.TIM_Base_SetConfig)
    i.TIM_CCxChannelCmd                      0x08003240   Section        0  stm32f4xx_hal_tim.o(i.TIM_CCxChannelCmd)
    i.TIM_ETR_SetConfig                      0x0800325a   Section        0  stm32f4xx_hal_tim.o(i.TIM_ETR_SetConfig)
    i.TIM_ITRx_SetConfig                     0x0800326e   Section        0  stm32f4xx_hal_tim.o(i.TIM_ITRx_SetConfig)
    TIM_ITRx_SetConfig                       0x0800326f   Thumb Code    16  stm32f4xx_hal_tim.o(i.TIM_ITRx_SetConfig)
    i.TIM_OC1_SetConfig                      0x08003280   Section        0  stm32f4xx_hal_tim.o(i.TIM_OC1_SetConfig)
    TIM_OC1_SetConfig                        0x08003281   Thumb Code    88  stm32f4xx_hal_tim.o(i.TIM_OC1_SetConfig)
    i.TIM_OC2_SetConfig                      0x080032e0   Section        0  stm32f4xx_hal_tim.o(i.TIM_OC2_SetConfig)
    i.TIM_OC3_SetConfig                      0x0800334c   Section        0  stm32f4xx_hal_tim.o(i.TIM_OC3_SetConfig)
    TIM_OC3_SetConfig                        0x0800334d   Thumb Code    96  stm32f4xx_hal_tim.o(i.TIM_OC3_SetConfig)
    i.TIM_OC4_SetConfig                      0x080033b4   Section        0  stm32f4xx_hal_tim.o(i.TIM_OC4_SetConfig)
    TIM_OC4_SetConfig                        0x080033b5   Thumb Code    70  stm32f4xx_hal_tim.o(i.TIM_OC4_SetConfig)
    i.TIM_TI1_ConfigInputStage               0x08003404   Section        0  stm32f4xx_hal_tim.o(i.TIM_TI1_ConfigInputStage)
    TIM_TI1_ConfigInputStage                 0x08003405   Thumb Code    34  stm32f4xx_hal_tim.o(i.TIM_TI1_ConfigInputStage)
    i.TIM_TI2_ConfigInputStage               0x08003426   Section        0  stm32f4xx_hal_tim.o(i.TIM_TI2_ConfigInputStage)
    TIM_TI2_ConfigInputStage                 0x08003427   Thumb Code    36  stm32f4xx_hal_tim.o(i.TIM_TI2_ConfigInputStage)
    i.UART4_IRQHandler                       0x0800344c   Section        0  stm32f4xx_it.o(i.UART4_IRQHandler)
    i.UART5_IRQHandler                       0x08003468   Section        0  stm32f4xx_it.o(i.UART5_IRQHandler)
    i.UART_DMAAbortOnError                   0x08003474   Section        0  stm32f4xx_hal_uart.o(i.UART_DMAAbortOnError)
    UART_DMAAbortOnError                     0x08003475   Thumb Code    16  stm32f4xx_hal_uart.o(i.UART_DMAAbortOnError)
    i.UART_DMAError                          0x08003484   Section        0  stm32f4xx_hal_uart.o(i.UART_DMAError)
    UART_DMAError                            0x08003485   Thumb Code    74  stm32f4xx_hal_uart.o(i.UART_DMAError)
    i.UART_DMAReceiveCplt                    0x080034ce   Section        0  stm32f4xx_hal_uart.o(i.UART_DMAReceiveCplt)
    UART_DMAReceiveCplt                      0x080034cf   Thumb Code   130  stm32f4xx_hal_uart.o(i.UART_DMAReceiveCplt)
    i.UART_DMARxHalfCplt                     0x08003550   Section        0  stm32f4xx_hal_uart.o(i.UART_DMARxHalfCplt)
    UART_DMARxHalfCplt                       0x08003551   Thumb Code    26  stm32f4xx_hal_uart.o(i.UART_DMARxHalfCplt)
    i.UART_DMATransmitCplt                   0x0800356a   Section        0  stm32f4xx_hal_uart.o(i.UART_DMATransmitCplt)
    UART_DMATransmitCplt                     0x0800356b   Thumb Code    66  stm32f4xx_hal_uart.o(i.UART_DMATransmitCplt)
    i.UART_DMATxHalfCplt                     0x080035ac   Section        0  stm32f4xx_hal_uart.o(i.UART_DMATxHalfCplt)
    UART_DMATxHalfCplt                       0x080035ad   Thumb Code    10  stm32f4xx_hal_uart.o(i.UART_DMATxHalfCplt)
    i.UART_EndRxTransfer                     0x080035b6   Section        0  stm32f4xx_hal_uart.o(i.UART_EndRxTransfer)
    UART_EndRxTransfer                       0x080035b7   Thumb Code    78  stm32f4xx_hal_uart.o(i.UART_EndRxTransfer)
    i.UART_EndTxTransfer                     0x08003604   Section        0  stm32f4xx_hal_uart.o(i.UART_EndTxTransfer)
    UART_EndTxTransfer                       0x08003605   Thumb Code    28  stm32f4xx_hal_uart.o(i.UART_EndTxTransfer)
    i.UART_Receive_IT                        0x08003620   Section        0  stm32f4xx_hal_uart.o(i.UART_Receive_IT)
    UART_Receive_IT                          0x08003621   Thumb Code   192  stm32f4xx_hal_uart.o(i.UART_Receive_IT)
    i.UART_SetConfig                         0x080036e0   Section        0  stm32f4xx_hal_uart.o(i.UART_SetConfig)
    UART_SetConfig                           0x080036e1   Thumb Code   258  stm32f4xx_hal_uart.o(i.UART_SetConfig)
    i.UART_Start_Receive_DMA                 0x080037ec   Section        0  stm32f4xx_hal_uart.o(i.UART_Start_Receive_DMA)
    i.UART_Start_Receive_IT                  0x08003880   Section        0  stm32f4xx_hal_uart.o(i.UART_Start_Receive_IT)
    i.USART3_IRQHandler                      0x080038bc   Section        0  stm32f4xx_it.o(i.USART3_IRQHandler)
    i.USART6_IRQHandler                      0x080038d8   Section        0  stm32f4xx_it.o(i.USART6_IRQHandler)
    i.UsageFault_Handler                     0x080038e4   Section        0  stm32f4xx_it.o(i.UsageFault_Handler)
    i.__0printf$bare                         0x080038e8   Section        0  printfb.o(i.__0printf$bare)
    i.__NVIC_SetPriority                     0x080038f8   Section        0  stm32f4xx_hal_cortex.o(i.__NVIC_SetPriority)
    __NVIC_SetPriority                       0x080038f9   Thumb Code    32  stm32f4xx_hal_cortex.o(i.__NVIC_SetPriority)
    i.__scatterload_copy                     0x08003918   Section       14  handlers.o(i.__scatterload_copy)
    i.__scatterload_null                     0x08003926   Section        2  handlers.o(i.__scatterload_null)
    i.__scatterload_zeroinit                 0x08003928   Section       14  handlers.o(i.__scatterload_zeroinit)
    i._printf_core                           0x08003936   Section        0  printfb.o(i._printf_core)
    _printf_core                             0x08003937   Thumb Code    34  printfb.o(i._printf_core)
    i.fputc                                  0x08003958   Section        0  usart.o(i.fputc)
    i.main                                   0x0800396c   Section        0  main.o(i.main)
    i.send_speed_date                        0x08003a68   Section        0  motor.o(i.send_speed_date)
    .constdata                               0x08003b4c   Section        8  stm32f4xx_hal_dma.o(.constdata)
    flagBitshiftOffset                       0x08003b4c   Data           8  stm32f4xx_hal_dma.o(.constdata)
    .constdata                               0x08003b54   Section       16  system_stm32f4xx.o(.constdata)
    .constdata                               0x08003b64   Section        8  system_stm32f4xx.o(.constdata)
    .data                                    0x20000000   Section       12  stm32f4xx_hal.o(.data)
    .data                                    0x2000000c   Section        4  system_stm32f4xx.o(.data)
    .data                                    0x20000010   Section        3  jy61.o(.data)
    sum1                                     0x20000010   Data           1  jy61.o(.data)
    sum2                                     0x20000011   Data           1  jy61.o(.data)
    sum3                                     0x20000012   Data           1  jy61.o(.data)
    .data                                    0x20000014   Section       20  blue.o(.data)
    sum                                      0x20000014   Data           1  blue.o(.data)
    KP                                       0x20000018   Data           4  blue.o(.data)
    KI                                       0x2000001c   Data           4  blue.o(.data)
    KD                                       0x20000020   Data           4  blue.o(.data)
    SPEED                                    0x20000024   Data           4  blue.o(.data)
    .data                                    0x20000028   Section        2  pid.o(.data)
    time                                     0x20000028   Data           2  pid.o(.data)
    .data                                    0x2000002c   Section       32  all.o(.data)
    Xk                                       0x20000030   Data           4  all.o(.data)
    tail                                     0x20000034   Data           4  all.o(.data)
    .data                                    0x2000004c   Section       16  k210.o(.data)
    count                                    0x2000004e   Data           1  k210.o(.data)
    .data                                    0x2000005c   Section       16  key.o(.data)
    utick_point                              0x20000060   Data           4  key.o(.data)
    .data                                    0x2000006c   Section        4  stdout.o(.data)
    .bss                                     0x20000070   Section       21  main.o(.bss)
    .bss                                     0x20000085   Section       33  main.o(.bss)
    .bss                                     0x200000a8   Section      432  tim.o(.bss)
    .bss                                     0x20000258   Section      820  usart.o(.bss)
    .bss                                     0x2000058c   Section       76  jy61.o(.bss)
    Rx_buf                                   0x2000058c   Data          33  jy61.o(.bss)
    .bss                                     0x200005d8   Section       21  blue.o(.bss)
    rxbuff                                   0x200005d8   Data          21  blue.o(.bss)
    .bss                                     0x200005f0   Section      156  all.o(.bss)
    .bss                                     0x2000068c   Section       10  k210.o(.bss)
    usart6_rxbuff                            0x2000068c   Data          10  k210.o(.bss)
    STACK                                    0x20000698   Section     1024  startup_stm32f407xx.o(STACK)

    Global Symbols

    Symbol Name                              Value     Ov Type        Size  Object(Section)

    BuildAttributes$$THM_ISAv4$E$P$D$K$B$S$7EM$VFPi3$EXTD16$VFPS$VFMA$PE$A:L22UL41UL21$X:L11$S22US41US21$IEEE1$IW$USESV6$~STKCKD$USESV7$~SHL$OSPACE$ROPI$EBA8$MICROLIB$REQ8$PRES8$EABIv2 0x00000000   Number         0  anon$$obj.o ABSOLUTE
    __ARM_use_no_argv                        0x00000000   Number         0  main.o ABSOLUTE
    __arm_fini_                               - Undefined Weak Reference
    __cpp_initialize__aeabi_                  - Undefined Weak Reference
    __cxa_finalize                            - Undefined Weak Reference
    __decompress                              - Undefined Weak Reference
    _clock_init                               - Undefined Weak Reference
    _microlib_exit                            - Undefined Weak Reference
    __Vectors_Size                           0x00000188   Number         0  startup_stm32f407xx.o ABSOLUTE
    __Vectors                                0x08000000   Data           4  startup_stm32f407xx.o(RESET)
    __Vectors_End                            0x08000188   Data           0  startup_stm32f407xx.o(RESET)
    __main                                   0x08000189   Thumb Code     0  entry.o(.ARM.Collect$$$$00000000)
    _main_stk                                0x08000189   Thumb Code     0  entry2.o(.ARM.Collect$$$$00000001)
    _main_scatterload                        0x0800018d   Thumb Code     0  entry5.o(.ARM.Collect$$$$00000004)
    __main_after_scatterload                 0x08000191   Thumb Code     0  entry5.o(.ARM.Collect$$$$00000004)
    _main_clock                              0x08000191   Thumb Code     0  entry7b.o(.ARM.Collect$$$$00000008)
    _main_cpp_init                           0x08000191   Thumb Code     0  entry8b.o(.ARM.Collect$$$$0000000A)
    _main_init                               0x08000191   Thumb Code     0  entry9a.o(.ARM.Collect$$$$0000000B)
    __rt_lib_shutdown_fini                   0x08000199   Thumb Code     0  entry12b.o(.ARM.Collect$$$$0000000E)
    __rt_final_cpp                           0x0800019d   Thumb Code     0  entry10a.o(.ARM.Collect$$$$0000000F)
    __rt_final_exit                          0x0800019d   Thumb Code     0  entry11a.o(.ARM.Collect$$$$00000011)
    Reset_Handler                            0x080001a1   Thumb Code     8  startup_stm32f407xx.o(.text)
    ADC_IRQHandler                           0x080001bb   Thumb Code     0  startup_stm32f407xx.o(.text)
    CAN1_RX0_IRQHandler                      0x080001bb   Thumb Code     0  startup_stm32f407xx.o(.text)
    CAN1_RX1_IRQHandler                      0x080001bb   Thumb Code     0  startup_stm32f407xx.o(.text)
    CAN1_SCE_IRQHandler                      0x080001bb   Thumb Code     0  startup_stm32f407xx.o(.text)
    CAN1_TX_IRQHandler                       0x080001bb   Thumb Code     0  startup_stm32f407xx.o(.text)
    CAN2_RX0_IRQHandler                      0x080001bb   Thumb Code     0  startup_stm32f407xx.o(.text)
    CAN2_RX1_IRQHandler                      0x080001bb   Thumb Code     0  startup_stm32f407xx.o(.text)
    CAN2_SCE_IRQHandler                      0x080001bb   Thumb Code     0  startup_stm32f407xx.o(.text)
    CAN2_TX_IRQHandler                       0x080001bb   Thumb Code     0  startup_stm32f407xx.o(.text)
    DCMI_IRQHandler                          0x080001bb   Thumb Code     0  startup_stm32f407xx.o(.text)
    DMA1_Stream0_IRQHandler                  0x080001bb   Thumb Code     0  startup_stm32f407xx.o(.text)
    DMA1_Stream5_IRQHandler                  0x080001bb   Thumb Code     0  startup_stm32f407xx.o(.text)
    DMA1_Stream6_IRQHandler                  0x080001bb   Thumb Code     0  startup_stm32f407xx.o(.text)
    DMA1_Stream7_IRQHandler                  0x080001bb   Thumb Code     0  startup_stm32f407xx.o(.text)
    DMA2_Stream0_IRQHandler                  0x080001bb   Thumb Code     0  startup_stm32f407xx.o(.text)
    DMA2_Stream1_IRQHandler                  0x080001bb   Thumb Code     0  startup_stm32f407xx.o(.text)
    DMA2_Stream2_IRQHandler                  0x080001bb   Thumb Code     0  startup_stm32f407xx.o(.text)
    DMA2_Stream3_IRQHandler                  0x080001bb   Thumb Code     0  startup_stm32f407xx.o(.text)
    DMA2_Stream4_IRQHandler                  0x080001bb   Thumb Code     0  startup_stm32f407xx.o(.text)
    DMA2_Stream5_IRQHandler                  0x080001bb   Thumb Code     0  startup_stm32f407xx.o(.text)
    DMA2_Stream6_IRQHandler                  0x080001bb   Thumb Code     0  startup_stm32f407xx.o(.text)
    ETH_IRQHandler                           0x080001bb   Thumb Code     0  startup_stm32f407xx.o(.text)
    ETH_WKUP_IRQHandler                      0x080001bb   Thumb Code     0  startup_stm32f407xx.o(.text)
    EXTI0_IRQHandler                         0x080001bb   Thumb Code     0  startup_stm32f407xx.o(.text)
    EXTI15_10_IRQHandler                     0x080001bb   Thumb Code     0  startup_stm32f407xx.o(.text)
    EXTI1_IRQHandler                         0x080001bb   Thumb Code     0  startup_stm32f407xx.o(.text)
    EXTI2_IRQHandler                         0x080001bb   Thumb Code     0  startup_stm32f407xx.o(.text)
    EXTI3_IRQHandler                         0x080001bb   Thumb Code     0  startup_stm32f407xx.o(.text)
    EXTI4_IRQHandler                         0x080001bb   Thumb Code     0  startup_stm32f407xx.o(.text)
    EXTI9_5_IRQHandler                       0x080001bb   Thumb Code     0  startup_stm32f407xx.o(.text)
    FLASH_IRQHandler                         0x080001bb   Thumb Code     0  startup_stm32f407xx.o(.text)
    FMC_IRQHandler                           0x080001bb   Thumb Code     0  startup_stm32f407xx.o(.text)
    FPU_IRQHandler                           0x080001bb   Thumb Code     0  startup_stm32f407xx.o(.text)
    HASH_RNG_IRQHandler                      0x080001bb   Thumb Code     0  startup_stm32f407xx.o(.text)
    I2C1_ER_IRQHandler                       0x080001bb   Thumb Code     0  startup_stm32f407xx.o(.text)
    I2C1_EV_IRQHandler                       0x080001bb   Thumb Code     0  startup_stm32f407xx.o(.text)
    I2C2_ER_IRQHandler                       0x080001bb   Thumb Code     0  startup_stm32f407xx.o(.text)
    I2C2_EV_IRQHandler                       0x080001bb   Thumb Code     0  startup_stm32f407xx.o(.text)
    I2C3_ER_IRQHandler                       0x080001bb   Thumb Code     0  startup_stm32f407xx.o(.text)
    I2C3_EV_IRQHandler                       0x080001bb   Thumb Code     0  startup_stm32f407xx.o(.text)
    OTG_FS_IRQHandler                        0x080001bb   Thumb Code     0  startup_stm32f407xx.o(.text)
    OTG_FS_WKUP_IRQHandler                   0x080001bb   Thumb Code     0  startup_stm32f407xx.o(.text)
    OTG_HS_EP1_IN_IRQHandler                 0x080001bb   Thumb Code     0  startup_stm32f407xx.o(.text)
    OTG_HS_EP1_OUT_IRQHandler                0x080001bb   Thumb Code     0  startup_stm32f407xx.o(.text)
    OTG_HS_IRQHandler                        0x080001bb   Thumb Code     0  startup_stm32f407xx.o(.text)
    OTG_HS_WKUP_IRQHandler                   0x080001bb   Thumb Code     0  startup_stm32f407xx.o(.text)
    PVD_IRQHandler                           0x080001bb   Thumb Code     0  startup_stm32f407xx.o(.text)
    RCC_IRQHandler                           0x080001bb   Thumb Code     0  startup_stm32f407xx.o(.text)
    RTC_Alarm_IRQHandler                     0x080001bb   Thumb Code     0  startup_stm32f407xx.o(.text)
    RTC_WKUP_IRQHandler                      0x080001bb   Thumb Code     0  startup_stm32f407xx.o(.text)
    SDIO_IRQHandler                          0x080001bb   Thumb Code     0  startup_stm32f407xx.o(.text)
    SPI1_IRQHandler                          0x080001bb   Thumb Code     0  startup_stm32f407xx.o(.text)
    SPI2_IRQHandler                          0x080001bb   Thumb Code     0  startup_stm32f407xx.o(.text)
    SPI3_IRQHandler                          0x080001bb   Thumb Code     0  startup_stm32f407xx.o(.text)
    TAMP_STAMP_IRQHandler                    0x080001bb   Thumb Code     0  startup_stm32f407xx.o(.text)
    TIM1_CC_IRQHandler                       0x080001bb   Thumb Code     0  startup_stm32f407xx.o(.text)
    TIM1_TRG_COM_TIM11_IRQHandler            0x080001bb   Thumb Code     0  startup_stm32f407xx.o(.text)
    TIM1_UP_TIM10_IRQHandler                 0x080001bb   Thumb Code     0  startup_stm32f407xx.o(.text)
    TIM2_IRQHandler                          0x080001bb   Thumb Code     0  startup_stm32f407xx.o(.text)
    TIM3_IRQHandler                          0x080001bb   Thumb Code     0  startup_stm32f407xx.o(.text)
    TIM4_IRQHandler                          0x080001bb   Thumb Code     0  startup_stm32f407xx.o(.text)
    TIM5_IRQHandler                          0x080001bb   Thumb Code     0  startup_stm32f407xx.o(.text)
    TIM6_DAC_IRQHandler                      0x080001bb   Thumb Code     0  startup_stm32f407xx.o(.text)
    TIM7_IRQHandler                          0x080001bb   Thumb Code     0  startup_stm32f407xx.o(.text)
    TIM8_BRK_TIM12_IRQHandler                0x080001bb   Thumb Code     0  startup_stm32f407xx.o(.text)
    TIM8_CC_IRQHandler                       0x080001bb   Thumb Code     0  startup_stm32f407xx.o(.text)
    TIM8_TRG_COM_TIM14_IRQHandler            0x080001bb   Thumb Code     0  startup_stm32f407xx.o(.text)
    TIM8_UP_TIM13_IRQHandler                 0x080001bb   Thumb Code     0  startup_stm32f407xx.o(.text)
    USART1_IRQHandler                        0x080001bb   Thumb Code     0  startup_stm32f407xx.o(.text)
    USART2_IRQHandler                        0x080001bb   Thumb Code     0  startup_stm32f407xx.o(.text)
    WWDG_IRQHandler                          0x080001bb   Thumb Code     0  startup_stm32f407xx.o(.text)
    __aeabi_uldivmod                         0x080001c5   Thumb Code    98  uldiv.o(.text)
    __aeabi_memcpy                           0x08000227   Thumb Code    36  memcpya.o(.text)
    __aeabi_memcpy4                          0x08000227   Thumb Code     0  memcpya.o(.text)
    __aeabi_memcpy8                          0x08000227   Thumb Code     0  memcpya.o(.text)
    __aeabi_memset                           0x0800024b   Thumb Code    14  memseta.o(.text)
    __aeabi_memset4                          0x0800024b   Thumb Code     0  memseta.o(.text)
    __aeabi_memset8                          0x0800024b   Thumb Code     0  memseta.o(.text)
    __aeabi_memclr                           0x08000259   Thumb Code     4  memseta.o(.text)
    __aeabi_memclr4                          0x08000259   Thumb Code     0  memseta.o(.text)
    __aeabi_memclr8                          0x08000259   Thumb Code     0  memseta.o(.text)
    _memset$wrapper                          0x0800025d   Thumb Code    18  memseta.o(.text)
    __aeabi_llsl                             0x0800026f   Thumb Code    30  llshl.o(.text)
    _ll_shift_l                              0x0800026f   Thumb Code     0  llshl.o(.text)
    __aeabi_llsr                             0x0800028d   Thumb Code    32  llushr.o(.text)
    _ll_ushift_r                             0x0800028d   Thumb Code     0  llushr.o(.text)
    __scatterload                            0x080002ad   Thumb Code    28  init.o(.text)
    __scatterload_rt2                        0x080002ad   Thumb Code     0  init.o(.text)
    All_Init                                 0x080002d1   Thumb Code   128  all.o(i.All_Init)
    Blue_USART3_Init                         0x08000369   Thumb Code    22  blue.o(i.Blue_USART3_Init)
    BusFault_Handler                         0x08000389   Thumb Code     2  stm32f4xx_it.o(i.BusFault_Handler)
    DMA1_Stream1_IRQHandler                  0x0800038d   Thumb Code     6  stm32f4xx_it.o(i.DMA1_Stream1_IRQHandler)
    DMA1_Stream2_IRQHandler                  0x08000399   Thumb Code     6  stm32f4xx_it.o(i.DMA1_Stream2_IRQHandler)
    DMA1_Stream3_IRQHandler                  0x080003a5   Thumb Code     6  stm32f4xx_it.o(i.DMA1_Stream3_IRQHandler)
    DMA1_Stream4_IRQHandler                  0x080003b1   Thumb Code     6  stm32f4xx_it.o(i.DMA1_Stream4_IRQHandler)
    DMA2_Stream7_IRQHandler                  0x080003bd   Thumb Code     6  stm32f4xx_it.o(i.DMA2_Stream7_IRQHandler)
    DebugMon_Handler                         0x0800046d   Thumb Code     2  stm32f4xx_it.o(i.DebugMon_Handler)
    Error_Handler                            0x0800046f   Thumb Code     4  main.o(i.Error_Handler)
    Get_Blue_inf                             0x08000475   Thumb Code   374  blue.o(i.Get_Blue_inf)
    Get_Encoder_Data                         0x080005fd   Thumb Code    58  motor.o(i.Get_Encoder_Data)
    Get_JY61_inf                             0x08000645   Thumb Code   588  jy61.o(i.Get_JY61_inf)
    HAL_DMA_Abort                            0x080008b9   Thumb Code   146  stm32f4xx_hal_dma.o(i.HAL_DMA_Abort)
    HAL_DMA_Abort_IT                         0x0800094b   Thumb Code    36  stm32f4xx_hal_dma.o(i.HAL_DMA_Abort_IT)
    HAL_DMA_IRQHandler                       0x08000971   Thumb Code   412  stm32f4xx_hal_dma.o(i.HAL_DMA_IRQHandler)
    HAL_DMA_Init                             0x08000b11   Thumb Code   206  stm32f4xx_hal_dma.o(i.HAL_DMA_Init)
    HAL_DMA_Start_IT                         0x08000be5   Thumb Code   110  stm32f4xx_hal_dma.o(i.HAL_DMA_Start_IT)
    HAL_Delay                                0x08000c55   Thumb Code    32  stm32f4xx_hal.o(i.HAL_Delay)
    HAL_GPIO_Init                            0x08000c79   Thumb Code   450  stm32f4xx_hal_gpio.o(i.HAL_GPIO_Init)
    HAL_GPIO_ReadPin                         0x08000e69   Thumb Code    10  stm32f4xx_hal_gpio.o(i.HAL_GPIO_ReadPin)
    HAL_GPIO_WritePin                        0x08000e73   Thumb Code    10  stm32f4xx_hal_gpio.o(i.HAL_GPIO_WritePin)
    HAL_GetTick                              0x08000e7d   Thumb Code     6  stm32f4xx_hal.o(i.HAL_GetTick)
    HAL_IncTick                              0x08000e89   Thumb Code    12  stm32f4xx_hal.o(i.HAL_IncTick)
    HAL_Init                                 0x08000e99   Thumb Code    48  stm32f4xx_hal.o(i.HAL_Init)
    HAL_InitTick                             0x08000ecd   Thumb Code    54  stm32f4xx_hal.o(i.HAL_InitTick)
    HAL_MspInit                              0x08000f0d   Thumb Code    42  stm32f4xx_hal_msp.o(i.HAL_MspInit)
    HAL_NVIC_EnableIRQ                       0x08000f3d   Thumb Code    26  stm32f4xx_hal_cortex.o(i.HAL_NVIC_EnableIRQ)
    HAL_NVIC_SetPriority                     0x08000f59   Thumb Code    60  stm32f4xx_hal_cortex.o(i.HAL_NVIC_SetPriority)
    HAL_NVIC_SetPriorityGrouping             0x08000f99   Thumb Code    26  stm32f4xx_hal_cortex.o(i.HAL_NVIC_SetPriorityGrouping)
    HAL_RCC_ClockConfig                      0x08000fbd   Thumb Code   288  stm32f4xx_hal_rcc.o(i.HAL_RCC_ClockConfig)
    HAL_RCC_GetPCLK1Freq                     0x080010f1   Thumb Code    20  stm32f4xx_hal_rcc.o(i.HAL_RCC_GetPCLK1Freq)
    HAL_RCC_GetPCLK2Freq                     0x08001111   Thumb Code    20  stm32f4xx_hal_rcc.o(i.HAL_RCC_GetPCLK2Freq)
    HAL_RCC_GetSysClockFreq                  0x08001131   Thumb Code    88  stm32f4xx_hal_rcc.o(i.HAL_RCC_GetSysClockFreq)
    HAL_RCC_OscConfig                        0x08001191   Thumb Code   856  stm32f4xx_hal_rcc.o(i.HAL_RCC_OscConfig)
    HAL_SYSTICK_Config                       0x080014fd   Thumb Code    40  stm32f4xx_hal_cortex.o(i.HAL_SYSTICK_Config)
    HAL_TIMEx_BreakCallback                  0x08001525   Thumb Code     2  stm32f4xx_hal_tim_ex.o(i.HAL_TIMEx_BreakCallback)
    HAL_TIMEx_CommutCallback                 0x08001527   Thumb Code     2  stm32f4xx_hal_tim_ex.o(i.HAL_TIMEx_CommutCallback)
    HAL_TIMEx_ConfigBreakDeadTime            0x08001529   Thumb Code    84  stm32f4xx_hal_tim_ex.o(i.HAL_TIMEx_ConfigBreakDeadTime)
    HAL_TIMEx_MasterConfigSynchronization    0x0800157d   Thumb Code   116  stm32f4xx_hal_tim_ex.o(i.HAL_TIMEx_MasterConfigSynchronization)
    HAL_TIM_Base_Init                        0x0800160d   Thumb Code    90  stm32f4xx_hal_tim.o(i.HAL_TIM_Base_Init)
    HAL_TIM_Base_MspInit                     0x08001669   Thumb Code    72  tim.o(i.HAL_TIM_Base_MspInit)
    HAL_TIM_Base_Start_IT                    0x080016bd   Thumb Code   100  stm32f4xx_hal_tim.o(i.HAL_TIM_Base_Start_IT)
    HAL_TIM_ConfigClockSource                0x0800173d   Thumb Code   220  stm32f4xx_hal_tim.o(i.HAL_TIM_ConfigClockSource)
    HAL_TIM_Encoder_Init                     0x08001819   Thumb Code   164  stm32f4xx_hal_tim.o(i.HAL_TIM_Encoder_Init)
    HAL_TIM_Encoder_MspInit                  0x080018bd   Thumb Code   280  tim.o(i.HAL_TIM_Encoder_MspInit)
    HAL_TIM_Encoder_Start                    0x080019f1   Thumb Code   142  stm32f4xx_hal_tim.o(i.HAL_TIM_Encoder_Start)
    HAL_TIM_IC_CaptureCallback               0x08001a7f   Thumb Code     2  stm32f4xx_hal_tim.o(i.HAL_TIM_IC_CaptureCallback)
    HAL_TIM_IRQHandler                       0x08001a81   Thumb Code   358  stm32f4xx_hal_tim.o(i.HAL_TIM_IRQHandler)
    HAL_TIM_MspPostInit                      0x08001be9   Thumb Code    72  tim.o(i.HAL_TIM_MspPostInit)
    HAL_TIM_OC_DelayElapsedCallback          0x08001c3d   Thumb Code     2  stm32f4xx_hal_tim.o(i.HAL_TIM_OC_DelayElapsedCallback)
    HAL_TIM_PWM_ConfigChannel                0x08001c3f   Thumb Code   204  stm32f4xx_hal_tim.o(i.HAL_TIM_PWM_ConfigChannel)
    HAL_TIM_PWM_Init                         0x08001d0b   Thumb Code    90  stm32f4xx_hal_tim.o(i.HAL_TIM_PWM_Init)
    HAL_TIM_PWM_MspInit                      0x08001d65   Thumb Code     2  stm32f4xx_hal_tim.o(i.HAL_TIM_PWM_MspInit)
    HAL_TIM_PWM_PulseFinishedCallback        0x08001d67   Thumb Code     2  stm32f4xx_hal_tim.o(i.HAL_TIM_PWM_PulseFinishedCallback)
    HAL_TIM_PWM_Start                        0x08001d69   Thumb Code   172  stm32f4xx_hal_tim.o(i.HAL_TIM_PWM_Start)
    HAL_TIM_PeriodElapsedCallback            0x08001e31   Thumb Code    24  tim.o(i.HAL_TIM_PeriodElapsedCallback)
    HAL_TIM_TriggerCallback                  0x08001e4d   Thumb Code     2  stm32f4xx_hal_tim.o(i.HAL_TIM_TriggerCallback)
    HAL_UARTEx_RxEventCallback               0x08001e4f   Thumb Code     2  stm32f4xx_hal_uart.o(i.HAL_UARTEx_RxEventCallback)
    HAL_UART_ErrorCallback                   0x08001e51   Thumb Code     2  stm32f4xx_hal_uart.o(i.HAL_UART_ErrorCallback)
    HAL_UART_IRQHandler                      0x08001e55   Thumb Code   610  stm32f4xx_hal_uart.o(i.HAL_UART_IRQHandler)
    HAL_UART_Init                            0x080020bd   Thumb Code    98  stm32f4xx_hal_uart.o(i.HAL_UART_Init)
    HAL_UART_MspInit                         0x08002121   Thumb Code   750  usart.o(i.HAL_UART_MspInit)
    HAL_UART_Receive_DMA                     0x08002449   Thumb Code    42  stm32f4xx_hal_uart.o(i.HAL_UART_Receive_DMA)
    HAL_UART_Receive_IT                      0x08002473   Thumb Code    42  stm32f4xx_hal_uart.o(i.HAL_UART_Receive_IT)
    HAL_UART_RxCpltCallback                  0x0800249d   Thumb Code   182  k210.o(i.HAL_UART_RxCpltCallback)
    HAL_UART_RxHalfCpltCallback              0x08002571   Thumb Code     2  stm32f4xx_hal_uart.o(i.HAL_UART_RxHalfCpltCallback)
    HAL_UART_Transmit_DMA                    0x08002575   Thumb Code   126  stm32f4xx_hal_uart.o(i.HAL_UART_Transmit_DMA)
    HAL_UART_TxCpltCallback                  0x08002601   Thumb Code     2  stm32f4xx_hal_uart.o(i.HAL_UART_TxCpltCallback)
    HAL_UART_TxHalfCpltCallback              0x08002603   Thumb Code     2  stm32f4xx_hal_uart.o(i.HAL_UART_TxHalfCpltCallback)
    HardFault_Handler                        0x08002605   Thumb Code     2  stm32f4xx_it.o(i.HardFault_Handler)
    K210_USART6_Init                         0x08002609   Thumb Code    44  k210.o(i.K210_USART6_Init)
    KEY2_Proc                                0x0800265d   Thumb Code    62  key.o(i.KEY2_Proc)
    KEY3_Proc                                0x080026a5   Thumb Code    64  key.o(i.KEY3_Proc)
    KEY4_Proc                                0x080026ed   Thumb Code    62  key.o(i.KEY4_Proc)
    KEY_Check                                0x08002735   Thumb Code    54  key.o(i.KEY_Check)
    KEY_Scan                                 0x08002775   Thumb Code   150  key.o(i.KEY_Scan)
    MX_DMA_Init                              0x08002811   Thumb Code   120  dma.o(i.MX_DMA_Init)
    MX_GPIO_Init                             0x0800288d   Thumb Code   238  gpio.o(i.MX_GPIO_Init)
    MX_TIM1_Init                             0x0800298d   Thumb Code   240  tim.o(i.MX_TIM1_Init)
    MX_TIM2_Init                             0x08002a85   Thumb Code   100  tim.o(i.MX_TIM2_Init)
    MX_TIM3_Init                             0x08002aed   Thumb Code    98  tim.o(i.MX_TIM3_Init)
    MX_TIM4_Init                             0x08002b59   Thumb Code    98  tim.o(i.MX_TIM4_Init)
    MX_TIM5_Init                             0x08002bc5   Thumb Code    96  tim.o(i.MX_TIM5_Init)
    MX_TIM9_Init                             0x08002c2d   Thumb Code    68  tim.o(i.MX_TIM9_Init)
    MX_UART4_Init                            0x08002c79   Thumb Code    48  usart.o(i.MX_UART4_Init)
    MX_UART5_Init                            0x08002cb1   Thumb Code    48  usart.o(i.MX_UART5_Init)
    MX_USART1_UART_Init                      0x08002ce9   Thumb Code    48  usart.o(i.MX_USART1_UART_Init)
    MX_USART3_UART_Init                      0x08002d21   Thumb Code    48  usart.o(i.MX_USART3_UART_Init)
    MX_USART6_UART_Init                      0x08002d59   Thumb Code    48  usart.o(i.MX_USART6_UART_Init)
    MemManage_Handler                        0x08002d91   Thumb Code     2  stm32f4xx_it.o(i.MemManage_Handler)
    Motor_Init                               0x08002d95   Thumb Code    96  motor.o(i.Motor_Init)
    NMI_Handler                              0x08002e09   Thumb Code     2  stm32f4xx_it.o(i.NMI_Handler)
    PID_Init                                 0x08002e0d   Thumb Code    58  pid.o(i.PID_Init)
    PID_Update_Pos                           0x08002e4d   Thumb Code   314  pid.o(i.PID_Update_Pos)
    PendSV_Handler                           0x08002f91   Thumb Code     2  stm32f4xx_it.o(i.PendSV_Handler)
    SVC_Handler                              0x08002f93   Thumb Code     2  stm32f4xx_it.o(i.SVC_Handler)
    SpeedUpdate                              0x08002f95   Thumb Code   256  all.o(i.SpeedUpdate)
    SysTick_Handler                          0x080030b9   Thumb Code     4  stm32f4xx_it.o(i.SysTick_Handler)
    SystemClock_Config                       0x080030bd   Thumb Code   134  main.o(i.SystemClock_Config)
    SystemInit                               0x0800314d   Thumb Code    12  system_stm32f4xx.o(i.SystemInit)
    TIM1_BRK_TIM9_IRQHandler                 0x0800315d   Thumb Code    18  stm32f4xx_it.o(i.TIM1_BRK_TIM9_IRQHandler)
    TIM_Base_SetConfig                       0x08003179   Thumb Code   156  stm32f4xx_hal_tim.o(i.TIM_Base_SetConfig)
    TIM_CCxChannelCmd                        0x08003241   Thumb Code    26  stm32f4xx_hal_tim.o(i.TIM_CCxChannelCmd)
    TIM_ETR_SetConfig                        0x0800325b   Thumb Code    20  stm32f4xx_hal_tim.o(i.TIM_ETR_SetConfig)
    TIM_OC2_SetConfig                        0x080032e1   Thumb Code    98  stm32f4xx_hal_tim.o(i.TIM_OC2_SetConfig)
    UART4_IRQHandler                         0x0800344d   Thumb Code    20  stm32f4xx_it.o(i.UART4_IRQHandler)
    UART5_IRQHandler                         0x08003469   Thumb Code     6  stm32f4xx_it.o(i.UART5_IRQHandler)
    UART_Start_Receive_DMA                   0x080037ed   Thumb Code   134  stm32f4xx_hal_uart.o(i.UART_Start_Receive_DMA)
    UART_Start_Receive_IT                    0x08003881   Thumb Code    58  stm32f4xx_hal_uart.o(i.UART_Start_Receive_IT)
    USART3_IRQHandler                        0x080038bd   Thumb Code    20  stm32f4xx_it.o(i.USART3_IRQHandler)
    USART6_IRQHandler                        0x080038d9   Thumb Code     6  stm32f4xx_it.o(i.USART6_IRQHandler)
    UsageFault_Handler                       0x080038e5   Thumb Code     2  stm32f4xx_it.o(i.UsageFault_Handler)
    __0printf$bare                           0x080038e9   Thumb Code     8  printfb.o(i.__0printf$bare)
    __1printf$bare                           0x080038e9   Thumb Code     0  printfb.o(i.__0printf$bare)
    __2printf                                0x080038e9   Thumb Code     0  printfb.o(i.__0printf$bare)
    __scatterload_copy                       0x08003919   Thumb Code    14  handlers.o(i.__scatterload_copy)
    __scatterload_null                       0x08003927   Thumb Code     2  handlers.o(i.__scatterload_null)
    __scatterload_zeroinit                   0x08003929   Thumb Code    14  handlers.o(i.__scatterload_zeroinit)
    fputc                                    0x08003959   Thumb Code    14  usart.o(i.fputc)
    main                                     0x0800396d   Thumb Code   212  main.o(i.main)
    send_speed_date                          0x08003a69   Thumb Code   220  motor.o(i.send_speed_date)
    AHBPrescTable                            0x08003b54   Data          16  system_stm32f4xx.o(.constdata)
    APBPrescTable                            0x08003b64   Data           8  system_stm32f4xx.o(.constdata)
    Region$$Table$$Base                      0x08003b6c   Number         0  anon$$obj.o(Region$$Table)
    Region$$Table$$Limit                     0x08003b8c   Number         0  anon$$obj.o(Region$$Table)
    uwTickFreq                               0x20000000   Data           1  stm32f4xx_hal.o(.data)
    uwTickPrio                               0x20000004   Data           4  stm32f4xx_hal.o(.data)
    uwTick                                   0x20000008   Data           4  stm32f4xx_hal.o(.data)
    SystemCoreClock                          0x2000000c   Data           4  system_stm32f4xx.o(.data)
    times                                    0x2000002c   Data           1  all.o(.data)
    M1                                       0x20000038   Data           4  all.o(.data)
    M2                                       0x2000003c   Data           4  all.o(.data)
    M3                                       0x20000040   Data           4  all.o(.data)
    M4                                       0x20000044   Data           4  all.o(.data)
    speedExp                                 0x20000048   Data           4  all.o(.data)
    stop_flag                                0x2000004c   Data           1  k210.o(.data)
    blue_flag                                0x2000004d   Data           1  k210.o(.data)
    usart6_byte                              0x2000004f   Data           1  k210.o(.data)
    usart5_byte                              0x20000050   Data           1  k210.o(.data)
    Inside                                   0x20000054   Data           4  k210.o(.data)
    Outside                                  0x20000058   Data           4  k210.o(.data)
    start_flag                               0x2000005c   Data           1  key.o(.data)
    MODE                                     0x2000005d   Data           1  key.o(.data)
    circle                                   0x2000005e   Data           1  key.o(.data)
    KEY                                      0x20000064   Data           8  key.o(.data)
    __stdout                                 0x2000006c   Data           4  stdout.o(.data)
    Blue_rxbuff                              0x20000070   Data          21  main.o(.bss)
    jy61_rxbuff                              0x20000085   Data          33  main.o(.bss)
    htim1                                    0x200000a8   Data          72  tim.o(.bss)
    htim2                                    0x200000f0   Data          72  tim.o(.bss)
    htim3                                    0x20000138   Data          72  tim.o(.bss)
    htim4                                    0x20000180   Data          72  tim.o(.bss)
    htim5                                    0x200001c8   Data          72  tim.o(.bss)
    htim9                                    0x20000210   Data          72  tim.o(.bss)
    huart4                                   0x20000258   Data          68  usart.o(.bss)
    huart5                                   0x2000029c   Data          68  usart.o(.bss)
    huart1                                   0x200002e0   Data          68  usart.o(.bss)
    huart3                                   0x20000324   Data          68  usart.o(.bss)
    huart6                                   0x20000368   Data          68  usart.o(.bss)
    hdma_uart4_rx                            0x200003ac   Data          96  usart.o(.bss)
    hdma_uart4_tx                            0x2000040c   Data          96  usart.o(.bss)
    hdma_usart1_tx                           0x2000046c   Data          96  usart.o(.bss)
    hdma_usart3_rx                           0x200004cc   Data          96  usart.o(.bss)
    hdma_usart3_tx                           0x2000052c   Data          96  usart.o(.bss)
    jy61_inf                                 0x200005b0   Data          40  jy61.o(.bss)
    Motor                                    0x200005f0   Data         104  all.o(.bss)
    k210                                     0x20000658   Data          52  all.o(.bss)
    __initial_sp                             0x20000a98   Data           0  startup_stm32f407xx.o(STACK)



==============================================================================

Memory Map of the image

  Image Entry point : 0x08000189

  Load Region LR_IROM1 (Base: 0x08000000, Size: 0x00003bfc, Max: 0x00100000, ABSOLUTE)

    Execution Region ER_IROM1 (Exec base: 0x08000000, Load base: 0x08000000, Size: 0x00003b8c, Max: 0x00100000, ABSOLUTE)

    Exec Addr    Load Addr    Size         Type   Attr      Idx    E Section Name        Object

    0x08000000   0x08000000   0x00000188   Data   RO            3    RESET               startup_stm32f407xx.o
    0x08000188   0x08000188   0x00000000   Code   RO         3424  * .ARM.Collect$$$$00000000  mc_w.l(entry.o)
    0x08000188   0x08000188   0x00000004   Code   RO         3695    .ARM.Collect$$$$00000001  mc_w.l(entry2.o)
    0x0800018c   0x0800018c   0x00000004   Code   RO         3698    .ARM.Collect$$$$00000004  mc_w.l(entry5.o)
    0x08000190   0x08000190   0x00000000   Code   RO         3700    .ARM.Collect$$$$00000008  mc_w.l(entry7b.o)
    0x08000190   0x08000190   0x00000000   Code   RO         3702    .ARM.Collect$$$$0000000A  mc_w.l(entry8b.o)
    0x08000190   0x08000190   0x00000008   Code   RO         3703    .ARM.Collect$$$$0000000B  mc_w.l(entry9a.o)
    0x08000198   0x08000198   0x00000004   Code   RO         3710    .ARM.Collect$$$$0000000E  mc_w.l(entry12b.o)
    0x0800019c   0x0800019c   0x00000000   Code   RO         3705    .ARM.Collect$$$$0000000F  mc_w.l(entry10a.o)
    0x0800019c   0x0800019c   0x00000000   Code   RO         3707    .ARM.Collect$$$$00000011  mc_w.l(entry11a.o)
    0x0800019c   0x0800019c   0x00000004   Code   RO         3696    .ARM.Collect$$$$00002712  mc_w.l(entry2.o)
    0x080001a0   0x080001a0   0x00000024   Code   RO            4    .text               startup_stm32f407xx.o
    0x080001c4   0x080001c4   0x00000062   Code   RO         3427    .text               mc_w.l(uldiv.o)
    0x08000226   0x08000226   0x00000024   Code   RO         3429    .text               mc_w.l(memcpya.o)
    0x0800024a   0x0800024a   0x00000024   Code   RO         3431    .text               mc_w.l(memseta.o)
    0x0800026e   0x0800026e   0x0000001e   Code   RO         3714    .text               mc_w.l(llshl.o)
    0x0800028c   0x0800028c   0x00000020   Code   RO         3716    .text               mc_w.l(llushr.o)
    0x080002ac   0x080002ac   0x00000024   Code   RO         3729    .text               mc_w.l(init.o)
    0x080002d0   0x080002d0   0x00000098   Code   RO         3259    i.All_Init          all.o
    0x08000368   0x08000368   0x00000020   Code   RO         3169    i.Blue_USART3_Init  blue.o
    0x08000388   0x08000388   0x00000002   Code   RO          426    i.BusFault_Handler  stm32f4xx_it.o
    0x0800038a   0x0800038a   0x00000002   PAD
    0x0800038c   0x0800038c   0x0000000c   Code   RO          427    i.DMA1_Stream1_IRQHandler  stm32f4xx_it.o
    0x08000398   0x08000398   0x0000000c   Code   RO          428    i.DMA1_Stream2_IRQHandler  stm32f4xx_it.o
    0x080003a4   0x080003a4   0x0000000c   Code   RO          429    i.DMA1_Stream3_IRQHandler  stm32f4xx_it.o
    0x080003b0   0x080003b0   0x0000000c   Code   RO          430    i.DMA1_Stream4_IRQHandler  stm32f4xx_it.o
    0x080003bc   0x080003bc   0x0000000c   Code   RO          431    i.DMA2_Stream7_IRQHandler  stm32f4xx_it.o
    0x080003c8   0x080003c8   0x00000028   Code   RO         2018    i.DMA_CalcBaseAndBitshift  stm32f4xx_hal_dma.o
    0x080003f0   0x080003f0   0x00000054   Code   RO         2019    i.DMA_CheckFifoParam  stm32f4xx_hal_dma.o
    0x08000444   0x08000444   0x00000028   Code   RO         2020    i.DMA_SetConfig     stm32f4xx_hal_dma.o
    0x0800046c   0x0800046c   0x00000002   Code   RO          432    i.DebugMon_Handler  stm32f4xx_it.o
    0x0800046e   0x0800046e   0x00000004   Code   RO           13    i.Error_Handler     main.o
    0x08000472   0x08000472   0x00000002   PAD
    0x08000474   0x08000474   0x00000188   Code   RO         3170    i.Get_Blue_inf      blue.o
    0x080005fc   0x080005fc   0x00000048   Code   RO         3130    i.Get_Encoder_Data  motor.o
    0x08000644   0x08000644   0x00000274   Code   RO         3086    i.Get_JY61_inf      jy61.o
    0x080008b8   0x080008b8   0x00000092   Code   RO         2021    i.HAL_DMA_Abort     stm32f4xx_hal_dma.o
    0x0800094a   0x0800094a   0x00000024   Code   RO         2022    i.HAL_DMA_Abort_IT  stm32f4xx_hal_dma.o
    0x0800096e   0x0800096e   0x00000002   PAD
    0x08000970   0x08000970   0x000001a0   Code   RO         2026    i.HAL_DMA_IRQHandler  stm32f4xx_hal_dma.o
    0x08000b10   0x08000b10   0x000000d4   Code   RO         2027    i.HAL_DMA_Init      stm32f4xx_hal_dma.o
    0x08000be4   0x08000be4   0x0000006e   Code   RO         2031    i.HAL_DMA_Start_IT  stm32f4xx_hal_dma.o
    0x08000c52   0x08000c52   0x00000002   PAD
    0x08000c54   0x08000c54   0x00000024   Code   RO         2440    i.HAL_Delay         stm32f4xx_hal.o
    0x08000c78   0x08000c78   0x000001f0   Code   RO         1914    i.HAL_GPIO_Init     stm32f4xx_hal_gpio.o
    0x08000e68   0x08000e68   0x0000000a   Code   RO         1916    i.HAL_GPIO_ReadPin  stm32f4xx_hal_gpio.o
    0x08000e72   0x08000e72   0x0000000a   Code   RO         1918    i.HAL_GPIO_WritePin  stm32f4xx_hal_gpio.o
    0x08000e7c   0x08000e7c   0x0000000c   Code   RO         2446    i.HAL_GetTick       stm32f4xx_hal.o
    0x08000e88   0x08000e88   0x00000010   Code   RO         2452    i.HAL_IncTick       stm32f4xx_hal.o
    0x08000e98   0x08000e98   0x00000034   Code   RO         2453    i.HAL_Init          stm32f4xx_hal.o
    0x08000ecc   0x08000ecc   0x00000040   Code   RO         2454    i.HAL_InitTick      stm32f4xx_hal.o
    0x08000f0c   0x08000f0c   0x00000030   Code   RO          562    i.HAL_MspInit       stm32f4xx_hal_msp.o
    0x08000f3c   0x08000f3c   0x0000001a   Code   RO         2303    i.HAL_NVIC_EnableIRQ  stm32f4xx_hal_cortex.o
    0x08000f56   0x08000f56   0x00000002   PAD
    0x08000f58   0x08000f58   0x00000040   Code   RO         2309    i.HAL_NVIC_SetPriority  stm32f4xx_hal_cortex.o
    0x08000f98   0x08000f98   0x00000024   Code   RO         2310    i.HAL_NVIC_SetPriorityGrouping  stm32f4xx_hal_cortex.o
    0x08000fbc   0x08000fbc   0x00000134   Code   RO         1560    i.HAL_RCC_ClockConfig  stm32f4xx_hal_rcc.o
    0x080010f0   0x080010f0   0x00000020   Code   RO         1567    i.HAL_RCC_GetPCLK1Freq  stm32f4xx_hal_rcc.o
    0x08001110   0x08001110   0x00000020   Code   RO         1568    i.HAL_RCC_GetPCLK2Freq  stm32f4xx_hal_rcc.o
    0x08001130   0x08001130   0x00000060   Code   RO         1569    i.HAL_RCC_GetSysClockFreq  stm32f4xx_hal_rcc.o
    0x08001190   0x08001190   0x0000036c   Code   RO         1572    i.HAL_RCC_OscConfig  stm32f4xx_hal_rcc.o
    0x080014fc   0x080014fc   0x00000028   Code   RO         2314    i.HAL_SYSTICK_Config  stm32f4xx_hal_cortex.o
    0x08001524   0x08001524   0x00000002   Code   RO         1292    i.HAL_TIMEx_BreakCallback  stm32f4xx_hal_tim_ex.o
    0x08001526   0x08001526   0x00000002   Code   RO         1293    i.HAL_TIMEx_CommutCallback  stm32f4xx_hal_tim_ex.o
    0x08001528   0x08001528   0x00000054   Code   RO         1295    i.HAL_TIMEx_ConfigBreakDeadTime  stm32f4xx_hal_tim_ex.o
    0x0800157c   0x0800157c   0x00000090   Code   RO         1311    i.HAL_TIMEx_MasterConfigSynchronization  stm32f4xx_hal_tim_ex.o
    0x0800160c   0x0800160c   0x0000005a   Code   RO          588    i.HAL_TIM_Base_Init  stm32f4xx_hal_tim.o
    0x08001666   0x08001666   0x00000002   PAD
    0x08001668   0x08001668   0x00000054   Code   RO          259    i.HAL_TIM_Base_MspInit  tim.o
    0x080016bc   0x080016bc   0x00000080   Code   RO          593    i.HAL_TIM_Base_Start_IT  stm32f4xx_hal_tim.o
    0x0800173c   0x0800173c   0x000000dc   Code   RO          597    i.HAL_TIM_ConfigClockSource  stm32f4xx_hal_tim.o
    0x08001818   0x08001818   0x000000a4   Code   RO          609    i.HAL_TIM_Encoder_Init  stm32f4xx_hal_tim.o
    0x080018bc   0x080018bc   0x00000134   Code   RO          261    i.HAL_TIM_Encoder_MspInit  tim.o
    0x080019f0   0x080019f0   0x0000008e   Code   RO          612    i.HAL_TIM_Encoder_Start  stm32f4xx_hal_tim.o
    0x08001a7e   0x08001a7e   0x00000002   Code   RO          622    i.HAL_TIM_IC_CaptureCallback  stm32f4xx_hal_tim.o
    0x08001a80   0x08001a80   0x00000166   Code   RO          636    i.HAL_TIM_IRQHandler  stm32f4xx_hal_tim.o
    0x08001be6   0x08001be6   0x00000002   PAD
    0x08001be8   0x08001be8   0x00000054   Code   RO          262    i.HAL_TIM_MspPostInit  tim.o
    0x08001c3c   0x08001c3c   0x00000002   Code   RO          639    i.HAL_TIM_OC_DelayElapsedCallback  stm32f4xx_hal_tim.o
    0x08001c3e   0x08001c3e   0x000000cc   Code   RO          660    i.HAL_TIM_PWM_ConfigChannel  stm32f4xx_hal_tim.o
    0x08001d0a   0x08001d0a   0x0000005a   Code   RO          663    i.HAL_TIM_PWM_Init  stm32f4xx_hal_tim.o
    0x08001d64   0x08001d64   0x00000002   Code   RO          665    i.HAL_TIM_PWM_MspInit  stm32f4xx_hal_tim.o
    0x08001d66   0x08001d66   0x00000002   Code   RO          666    i.HAL_TIM_PWM_PulseFinishedCallback  stm32f4xx_hal_tim.o
    0x08001d68   0x08001d68   0x000000c8   Code   RO          668    i.HAL_TIM_PWM_Start  stm32f4xx_hal_tim.o
    0x08001e30   0x08001e30   0x0000001c   Code   RO          263    i.HAL_TIM_PeriodElapsedCallback  tim.o
    0x08001e4c   0x08001e4c   0x00000002   Code   RO          679    i.HAL_TIM_TriggerCallback  stm32f4xx_hal_tim.o
    0x08001e4e   0x08001e4e   0x00000002   Code   RO         2702    i.HAL_UARTEx_RxEventCallback  stm32f4xx_hal_uart.o
    0x08001e50   0x08001e50   0x00000002   Code   RO         2716    i.HAL_UART_ErrorCallback  stm32f4xx_hal_uart.o
    0x08001e52   0x08001e52   0x00000002   PAD
    0x08001e54   0x08001e54   0x00000268   Code   RO         2719    i.HAL_UART_IRQHandler  stm32f4xx_hal_uart.o
    0x080020bc   0x080020bc   0x00000062   Code   RO         2720    i.HAL_UART_Init     stm32f4xx_hal_uart.o
    0x0800211e   0x0800211e   0x00000002   PAD
    0x08002120   0x08002120   0x00000328   Code   RO          355    i.HAL_UART_MspInit  usart.o
    0x08002448   0x08002448   0x0000002a   Code   RO         2724    i.HAL_UART_Receive_DMA  stm32f4xx_hal_uart.o
    0x08002472   0x08002472   0x0000002a   Code   RO         2725    i.HAL_UART_Receive_IT  stm32f4xx_hal_uart.o
    0x0800249c   0x0800249c   0x000000d4   Code   RO         3332    i.HAL_UART_RxCpltCallback  k210.o
    0x08002570   0x08002570   0x00000002   Code   RO         2727    i.HAL_UART_RxHalfCpltCallback  stm32f4xx_hal_uart.o
    0x08002572   0x08002572   0x00000002   PAD
    0x08002574   0x08002574   0x0000008c   Code   RO         2729    i.HAL_UART_Transmit_DMA  stm32f4xx_hal_uart.o
    0x08002600   0x08002600   0x00000002   Code   RO         2731    i.HAL_UART_TxCpltCallback  stm32f4xx_hal_uart.o
    0x08002602   0x08002602   0x00000002   Code   RO         2732    i.HAL_UART_TxHalfCpltCallback  stm32f4xx_hal_uart.o
    0x08002604   0x08002604   0x00000002   Code   RO          433    i.HardFault_Handler  stm32f4xx_it.o
    0x08002606   0x08002606   0x00000002   PAD
    0x08002608   0x08002608   0x00000054   Code   RO         3333    i.K210_USART6_Init  k210.o
    0x0800265c   0x0800265c   0x00000048   Code   RO         3373    i.KEY2_Proc         key.o
    0x080026a4   0x080026a4   0x00000048   Code   RO         3374    i.KEY3_Proc         key.o
    0x080026ec   0x080026ec   0x00000048   Code   RO         3375    i.KEY4_Proc         key.o
    0x08002734   0x08002734   0x00000040   Code   RO         3376    i.KEY_Check         key.o
    0x08002774   0x08002774   0x0000009c   Code   RO         3377    i.KEY_Scan          key.o
    0x08002810   0x08002810   0x0000007c   Code   RO          234    i.MX_DMA_Init       dma.o
    0x0800288c   0x0800288c   0x00000100   Code   RO          206    i.MX_GPIO_Init      gpio.o
    0x0800298c   0x0800298c   0x000000f8   Code   RO          264    i.MX_TIM1_Init      tim.o
    0x08002a84   0x08002a84   0x00000068   Code   RO          265    i.MX_TIM2_Init      tim.o
    0x08002aec   0x08002aec   0x0000006c   Code   RO          266    i.MX_TIM3_Init      tim.o
    0x08002b58   0x08002b58   0x0000006c   Code   RO          267    i.MX_TIM4_Init      tim.o
    0x08002bc4   0x08002bc4   0x00000068   Code   RO          268    i.MX_TIM5_Init      tim.o
    0x08002c2c   0x08002c2c   0x0000004c   Code   RO          269    i.MX_TIM9_Init      tim.o
    0x08002c78   0x08002c78   0x00000038   Code   RO          356    i.MX_UART4_Init     usart.o
    0x08002cb0   0x08002cb0   0x00000038   Code   RO          357    i.MX_UART5_Init     usart.o
    0x08002ce8   0x08002ce8   0x00000038   Code   RO          358    i.MX_USART1_UART_Init  usart.o
    0x08002d20   0x08002d20   0x00000038   Code   RO          359    i.MX_USART3_UART_Init  usart.o
    0x08002d58   0x08002d58   0x00000038   Code   RO          360    i.MX_USART6_UART_Init  usart.o
    0x08002d90   0x08002d90   0x00000002   Code   RO          434    i.MemManage_Handler  stm32f4xx_it.o
    0x08002d92   0x08002d92   0x00000002   PAD
    0x08002d94   0x08002d94   0x00000074   Code   RO         3131    i.Motor_Init        motor.o
    0x08002e08   0x08002e08   0x00000002   Code   RO          435    i.NMI_Handler       stm32f4xx_it.o
    0x08002e0a   0x08002e0a   0x00000002   PAD
    0x08002e0c   0x08002e0c   0x00000040   Code   RO         3204    i.PID_Init          pid.o
    0x08002e4c   0x08002e4c   0x00000144   Code   RO         3208    i.PID_Update_Pos    pid.o
    0x08002f90   0x08002f90   0x00000002   Code   RO          436    i.PendSV_Handler    stm32f4xx_it.o
    0x08002f92   0x08002f92   0x00000002   Code   RO          437    i.SVC_Handler       stm32f4xx_it.o
    0x08002f94   0x08002f94   0x00000124   Code   RO         3261    i.SpeedUpdate       all.o
    0x080030b8   0x080030b8   0x00000004   Code   RO          438    i.SysTick_Handler   stm32f4xx_it.o
    0x080030bc   0x080030bc   0x00000090   Code   RO           14    i.SystemClock_Config  main.o
    0x0800314c   0x0800314c   0x00000010   Code   RO         3049    i.SystemInit        system_stm32f4xx.o
    0x0800315c   0x0800315c   0x0000001c   Code   RO          439    i.TIM1_BRK_TIM9_IRQHandler  stm32f4xx_it.o
    0x08003178   0x08003178   0x000000c8   Code   RO          681    i.TIM_Base_SetConfig  stm32f4xx_hal_tim.o
    0x08003240   0x08003240   0x0000001a   Code   RO          682    i.TIM_CCxChannelCmd  stm32f4xx_hal_tim.o
    0x0800325a   0x0800325a   0x00000014   Code   RO          692    i.TIM_ETR_SetConfig  stm32f4xx_hal_tim.o
    0x0800326e   0x0800326e   0x00000010   Code   RO          693    i.TIM_ITRx_SetConfig  stm32f4xx_hal_tim.o
    0x0800327e   0x0800327e   0x00000002   PAD
    0x08003280   0x08003280   0x00000060   Code   RO          694    i.TIM_OC1_SetConfig  stm32f4xx_hal_tim.o
    0x080032e0   0x080032e0   0x0000006c   Code   RO          695    i.TIM_OC2_SetConfig  stm32f4xx_hal_tim.o
    0x0800334c   0x0800334c   0x00000068   Code   RO          696    i.TIM_OC3_SetConfig  stm32f4xx_hal_tim.o
    0x080033b4   0x080033b4   0x00000050   Code   RO          697    i.TIM_OC4_SetConfig  stm32f4xx_hal_tim.o
    0x08003404   0x08003404   0x00000022   Code   RO          699    i.TIM_TI1_ConfigInputStage  stm32f4xx_hal_tim.o
    0x08003426   0x08003426   0x00000024   Code   RO          701    i.TIM_TI2_ConfigInputStage  stm32f4xx_hal_tim.o
    0x0800344a   0x0800344a   0x00000002   PAD
    0x0800344c   0x0800344c   0x0000001c   Code   RO          440    i.UART4_IRQHandler  stm32f4xx_it.o
    0x08003468   0x08003468   0x0000000c   Code   RO          441    i.UART5_IRQHandler  stm32f4xx_it.o
    0x08003474   0x08003474   0x00000010   Code   RO         2733    i.UART_DMAAbortOnError  stm32f4xx_hal_uart.o
    0x08003484   0x08003484   0x0000004a   Code   RO         2734    i.UART_DMAError     stm32f4xx_hal_uart.o
    0x080034ce   0x080034ce   0x00000082   Code   RO         2735    i.UART_DMAReceiveCplt  stm32f4xx_hal_uart.o
    0x08003550   0x08003550   0x0000001a   Code   RO         2737    i.UART_DMARxHalfCplt  stm32f4xx_hal_uart.o
    0x0800356a   0x0800356a   0x00000042   Code   RO         2739    i.UART_DMATransmitCplt  stm32f4xx_hal_uart.o
    0x080035ac   0x080035ac   0x0000000a   Code   RO         2741    i.UART_DMATxHalfCplt  stm32f4xx_hal_uart.o
    0x080035b6   0x080035b6   0x0000004e   Code   RO         2743    i.UART_EndRxTransfer  stm32f4xx_hal_uart.o
    0x08003604   0x08003604   0x0000001c   Code   RO         2744    i.UART_EndTxTransfer  stm32f4xx_hal_uart.o
    0x08003620   0x08003620   0x000000c0   Code   RO         2745    i.UART_Receive_IT   stm32f4xx_hal_uart.o
    0x080036e0   0x080036e0   0x0000010c   Code   RO         2746    i.UART_SetConfig    stm32f4xx_hal_uart.o
    0x080037ec   0x080037ec   0x00000094   Code   RO         2747    i.UART_Start_Receive_DMA  stm32f4xx_hal_uart.o
    0x08003880   0x08003880   0x0000003a   Code   RO         2748    i.UART_Start_Receive_IT  stm32f4xx_hal_uart.o
    0x080038ba   0x080038ba   0x00000002   PAD
    0x080038bc   0x080038bc   0x0000001c   Code   RO          442    i.USART3_IRQHandler  stm32f4xx_it.o
    0x080038d8   0x080038d8   0x0000000c   Code   RO          443    i.USART6_IRQHandler  stm32f4xx_it.o
    0x080038e4   0x080038e4   0x00000002   Code   RO          444    i.UsageFault_Handler  stm32f4xx_it.o
    0x080038e6   0x080038e6   0x00000002   PAD
    0x080038e8   0x080038e8   0x00000010   Code   RO         3436    i.__0printf$bare    mc_w.l(printfb.o)
    0x080038f8   0x080038f8   0x00000020   Code   RO         2316    i.__NVIC_SetPriority  stm32f4xx_hal_cortex.o
    0x08003918   0x08003918   0x0000000e   Code   RO         3737    i.__scatterload_copy  mc_w.l(handlers.o)
    0x08003926   0x08003926   0x00000002   Code   RO         3738    i.__scatterload_null  mc_w.l(handlers.o)
    0x08003928   0x08003928   0x0000000e   Code   RO         3739    i.__scatterload_zeroinit  mc_w.l(handlers.o)
    0x08003936   0x08003936   0x00000022   Code   RO         3443    i._printf_core      mc_w.l(printfb.o)
    0x08003958   0x08003958   0x00000014   Code   RO          361    i.fputc             usart.o
    0x0800396c   0x0800396c   0x000000fc   Code   RO           15    i.main              main.o
    0x08003a68   0x08003a68   0x000000e4   Code   RO         3132    i.send_speed_date   motor.o
    0x08003b4c   0x08003b4c   0x00000008   Data   RO         2033    .constdata          stm32f4xx_hal_dma.o
    0x08003b54   0x08003b54   0x00000010   Data   RO         3050    .constdata          system_stm32f4xx.o
    0x08003b64   0x08003b64   0x00000008   Data   RO         3051    .constdata          system_stm32f4xx.o
    0x08003b6c   0x08003b6c   0x00000020   Data   RO         3735    Region$$Table       anon$$obj.o


    Execution Region RW_IRAM1 (Exec base: 0x20000000, Load base: 0x08003b8c, Size: 0x00000a98, Max: 0x00020000, ABSOLUTE)

    Exec Addr    Load Addr    Size         Type   Attr      Idx    E Section Name        Object

    0x20000000   0x08003b8c   0x0000000c   Data   RW         2460    .data               stm32f4xx_hal.o
    0x2000000c   0x08003b98   0x00000004   Data   RW         3052    .data               system_stm32f4xx.o
    0x20000010   0x08003b9c   0x00000003   Data   RW         3089    .data               jy61.o
    0x20000013   0x08003b9f   0x00000001   PAD
    0x20000014   0x08003ba0   0x00000014   Data   RW         3172    .data               blue.o
    0x20000028   0x08003bb4   0x00000002   Data   RW         3210    .data               pid.o
    0x2000002a   0x08003bb6   0x00000002   PAD
    0x2000002c   0x08003bb8   0x00000020   Data   RW         3267    .data               all.o
    0x2000004c   0x08003bd8   0x00000010   Data   RW         3335    .data               k210.o
    0x2000005c   0x08003be8   0x00000010   Data   RW         3378    .data               key.o
    0x2000006c   0x08003bf8   0x00000004   Data   RW         3711    .data               mc_w.l(stdout.o)
    0x20000070        -       0x00000015   Zero   RW           16    .bss                main.o
    0x20000085        -       0x00000021   Zero   RW           17    .bss                main.o
    0x200000a6   0x08003bfc   0x00000002   PAD
    0x200000a8        -       0x000001b0   Zero   RW          270    .bss                tim.o
    0x20000258        -       0x00000334   Zero   RW          362    .bss                usart.o
    0x2000058c        -       0x0000004c   Zero   RW         3088    .bss                jy61.o
    0x200005d8        -       0x00000015   Zero   RW         3171    .bss                blue.o
    0x200005ed   0x08003bfc   0x00000003   PAD
    0x200005f0        -       0x0000009c   Zero   RW         3264    .bss                all.o
    0x2000068c        -       0x0000000a   Zero   RW         3334    .bss                k210.o
    0x20000696   0x08003bfc   0x00000002   PAD
    0x20000698        -       0x00000400   Zero   RW            1    STACK               startup_stm32f407xx.o


==============================================================================

Image component sizes


      Code (inc. data)   RO Data    RW Data    ZI Data      Debug   Object Name

       444         60          0         32        156       5896   all.o
       424         28          0         20         21       1786   blue.o
       124          4          0          0          0        818   dma.o
       256         18          0          0          0       3998   gpio.o
       628         40          0          3         76       2398   jy61.o
       296         70          0         16         10       4728   k210.o
       436         44          0         16          0       3600   key.o
       400         50          0          0         54     696858   main.o
       416         42          0          0          0       1966   motor.o
       388         16          0          2          0       1676   pid.o
        36          8        392          0       1024        836   startup_stm32f407xx.o
       180         28          0         12          0       9393   stm32f4xx_hal.o
       198         14          0          0          0      33951   stm32f4xx_hal_cortex.o
      1084         16          8          0          0       7338   stm32f4xx_hal_dma.o
       516         46          0          0          0       2851   stm32f4xx_hal_gpio.o
        48          6          0          0          0        826   stm32f4xx_hal_msp.o
      1344         72          0          0          0       5232   stm32f4xx_hal_rcc.o
      2326        136          0          0          0      18853   stm32f4xx_hal_tim.o
       232         28          0          0          0       3269   stm32f4xx_hal_tim_ex.o
      2042         44          0          0          0      16680   stm32f4xx_hal_uart.o
       188         68          0          0          0       8865   stm32f4xx_it.o
        16          4         24          4          0       1103   system_stm32f4xx.o
      1252        104          0          0        432       7251   tim.o
      1108        104          0          0        820       5483   usart.o

    ----------------------------------------------------------------------
     14416       1050        456        108       2600     845655   Object Totals
         0          0         32          0          0          0   (incl. Generated)
        34          0          0          3          7          0   (incl. Padding)

    ----------------------------------------------------------------------

      Code (inc. data)   RO Data    RW Data    ZI Data      Debug   Library Member Name

         0          0          0          0          0          0   entry.o
         0          0          0          0          0          0   entry10a.o
         0          0          0          0          0          0   entry11a.o
         4          0          0          0          0          0   entry12b.o
         8          4          0          0          0          0   entry2.o
         4          0          0          0          0          0   entry5.o
         0          0          0          0          0          0   entry7b.o
         0          0          0          0          0          0   entry8b.o
         8          4          0          0          0          0   entry9a.o
        30          0          0          0          0          0   handlers.o
        36          8          0          0          0         68   init.o
        30          0          0          0          0         68   llshl.o
        32          0          0          0          0         68   llushr.o
        36          0          0          0          0         68   memcpya.o
        36          0          0          0          0        108   memseta.o
        50          8          0          0          0        152   printfb.o
         0          0          0          4          0          0   stdout.o
        98          0          0          0          0         92   uldiv.o

    ----------------------------------------------------------------------
       372         24          0          4          0        624   Library Totals
         0          0          0          0          0          0   (incl. Padding)

    ----------------------------------------------------------------------

      Code (inc. data)   RO Data    RW Data    ZI Data      Debug   Library Name

       372         24          0          4          0        624   mc_w.l

    ----------------------------------------------------------------------
       372         24          0          4          0        624   Library Totals

    ----------------------------------------------------------------------

==============================================================================


      Code (inc. data)   RO Data    RW Data    ZI Data      Debug   

     14788       1074        456        112       2600     833523   Grand Totals
     14788       1074        456        112       2600     833523   ELF Image Totals
     14788       1074        456        112          0          0   ROM Totals

==============================================================================

    Total RO  Size (Code + RO Data)                15244 (  14.89kB)
    Total RW  Size (RW Data + ZI Data)              2712 (   2.65kB)
    Total ROM Size (Code + RO Data + RW Data)      15356 (  15.00kB)

==============================================================================

